C:/src/github-repos/detect_basic_demo/STM32CubeDemos-B-L475E-IOT01A/Projects/B-L475E-IOT01A/Applications/WiFi/WiFi_HTTP_Server/Src/main.c:79:5:main	1
C:/src/github-repos/detect_basic_demo/STM32CubeDemos-B-L475E-IOT01A/Projects/B-L475E-IOT01A/Applications/WiFi/WiFi_HTTP_Server/Src/main.c:126:12:wifi_start	3
C:/src/github-repos/detect_basic_demo/STM32CubeDemos-B-L475E-IOT01A/Projects/B-L475E-IOT01A/Applications/WiFi/WiFi_HTTP_Server/Src/main.c:159:5:wifi_connect	3
C:/src/github-repos/detect_basic_demo/STM32CubeDemos-B-L475E-IOT01A/Projects/B-L475E-IOT01A/Applications/WiFi/WiFi_HTTP_Server/Src/main.c:189:5:wifi_server	7
C:/src/github-repos/detect_basic_demo/STM32CubeDemos-B-L475E-IOT01A/Projects/B-L475E-IOT01A/Applications/WiFi/WiFi_HTTP_Server/Src/main.c:238:13:WebServerProcess	13
C:/src/github-repos/detect_basic_demo/STM32CubeDemos-B-L475E-IOT01A/Projects/B-L475E-IOT01A/Applications/WiFi/WiFi_HTTP_Server/Src/main.c:317:22:SendWebPage	12
C:/src/github-repos/detect_basic_demo/STM32CubeDemos-B-L475E-IOT01A/Projects/B-L475E-IOT01A/Applications/WiFi/WiFi_HTTP_Server/Src/main.c:377:13:SystemClock_Config	3
C:/src/github-repos/detect_basic_demo/STM32CubeDemos-B-L475E-IOT01A/Projects/B-L475E-IOT01A/Applications/WiFi/WiFi_HTTP_Server/Src/main.c:420:1:__io_putchar	1
C:/src/github-repos/detect_basic_demo/STM32CubeDemos-B-L475E-IOT01A/Projects/B-L475E-IOT01A/Applications/WiFi/WiFi_HTTP_Server/Src/main.c:456:6:HAL_GPIO_EXTI_Callback	2
C:/src/github-repos/detect_basic_demo/STM32CubeDemos-B-L475E-IOT01A/Projects/B-L475E-IOT01A/Applications/WiFi/WiFi_HTTP_Server/Src/main.c:477:6:SPI3_IRQHandler	1
