C:/src/github-repos/detect_basic_demo/STM32CubeDemos-B-L475E-IOT01A/Projects/B-L475E-IOT01A/Applications/WiFi/WiFi_HTTP_Server/Src/main.c:79:5:main	8	static
C:/src/github-repos/detect_basic_demo/STM32CubeDemos-B-L475E-IOT01A/Projects/B-L475E-IOT01A/Applications/WiFi/WiFi_HTTP_Server/Src/main.c:126:12:wifi_start	40	static
C:/src/github-repos/detect_basic_demo/STM32CubeDemos-B-L475E-IOT01A/Projects/B-L475E-IOT01A/Applications/WiFi/WiFi_HTTP_Server/Src/main.c:159:5:wifi_connect	16	static
C:/src/github-repos/detect_basic_demo/STM32CubeDemos-B-L475E-IOT01A/Projects/B-L475E-IOT01A/Applications/WiFi/WiFi_HTTP_Server/Src/main.c:189:5:wifi_server	40	static
C:/src/github-repos/detect_basic_demo/STM32CubeDemos-B-L475E-IOT01A/Projects/B-L475E-IOT01A/Applications/WiFi/WiFi_HTTP_Server/Src/main.c:238:13:WebServerProcess	32	static
C:/src/github-repos/detect_basic_demo/STM32CubeDemos-B-L475E-IOT01A/Projects/B-L475E-IOT01A/Applications/WiFi/WiFi_HTTP_Server/Src/main.c:317:22:SendWebPage	96	static
C:/src/github-repos/detect_basic_demo/STM32CubeDemos-B-L475E-IOT01A/Projects/B-L475E-IOT01A/Applications/WiFi/WiFi_HTTP_Server/Src/main.c:377:13:SystemClock_Config	96	static
C:/src/github-repos/detect_basic_demo/STM32CubeDemos-B-L475E-IOT01A/Projects/B-L475E-IOT01A/Applications/WiFi/WiFi_HTTP_Server/Src/main.c:420:1:__io_putchar	16	static
C:/src/github-repos/detect_basic_demo/STM32CubeDemos-B-L475E-IOT01A/Projects/B-L475E-IOT01A/Applications/WiFi/WiFi_HTTP_Server/Src/main.c:456:6:HAL_GPIO_EXTI_Callback	16	static
C:/src/github-repos/detect_basic_demo/STM32CubeDemos-B-L475E-IOT01A/Projects/B-L475E-IOT01A/Applications/WiFi/WiFi_HTTP_Server/Src/main.c:477:6:SPI3_IRQHandler	8	static
