*** Booting Zephyr OS build v4.4.0-12302-gc0bba90c366a ***
Starting Percepio Detect test
DFMT:SUITE_BEGIN:m3_retained_8k:098fe9a5
DFMT:CHECK:HARNESS:PASS:TRACE_CHANNEL_REGISTERED
DFMT:BEGIN:1029:0
DFMT:REBOOT_EXPECTED:1029:dfm
DFM: Restart requested by DFM_TRAP.
*** Booting Zephyr OS build v4.4.0-12302-gc0bba90c366a ***
DFMT:CHECK:1029:PASS:INCOMPLETE_ALERT_REJECTED
Starting Percepio Detect test
DFMT:BOOT:m3_retained_8k:098fe9a5:phase=6:index=1:reboots=1
DFMT:RESUMED:1029:1030
DFMT:CHECK:HARNESS:PASS:TRACE_CHANNEL_REGISTERED
DFMT:BEGIN:1030:1
DFMT:REBOOT_EXPECTED:1030:dfm
DFMT:CHECK:1030:PASS:TRACE_DISABLED
DFM: Restart requested by DFM_TRAP.
*** Booting Zephyr OS build v4.4.0-12302-gc0bba90c366a ***
DFMT:RETAINED_ALERT:FOUND

[[ DevAlert Data Begins ]]
[[ DATA: D1 D2 D3 D4 F0 0F 01 00 12 15 00 00 01 00 01 00 01 00 00 00 ]]
[[ DATA: 20 00 20 00 68 00 00 00 0C 01 00 00 24 44 55 4D 4D 59 5F 53 ]]
[[ DATA: 45 53 53 49 4F 4E 5F 49 44 00 00 00 00 00 00 00 00 00 00 00 ]]
[[ DATA: 00 00 00 00 24 44 55 4D 4D 59 5F 44 45 56 49 43 45 5F 49 44 ]]
[[ DATA: 00 00 00 00 00 00 00 00 00 00 00 00 00 00 00 00 54 65 73 74 ]]
[[ DATA: 20 31 30 33 30 20 61 74 20 74 65 73 74 5F 72 65 74 61 69 6E ]]
[[ DATA: 65 64 2E 63 3A 38 30 00 00 00 00 00 00 00 00 00 00 00 00 00 ]]
[[ DATA: 00 00 00 00 00 00 00 00 00 00 00 00 00 00 00 00 00 00 00 00 ]]
[[ DATA: 00 00 00 00 00 00 00 00 00 00 00 00 00 00 00 00 00 00 00 00 ]]
[[ DATA: 00 00 00 00 00 00 00 00 00 00 00 00 00 00 00 00 00 00 00 00 ]]
[[ DATA: 50 44 66 6D F0 0F 03 48 08 04 68 00 01 00 00 00 06 04 00 00 ]]
[[ DATA: 01 00 00 00 A5 01 00 00 07 00 00 00 50 40 00 20 02 00 00 00 ]]
[[ DATA: FC 05 00 00 04 00 00 00 50 00 00 00 00 00 00 00 00 00 00 00 ]]
[[ DATA: 00 00 00 00 00 00 00 00 00 00 00 00 00 00 00 00 00 00 00 00 ]]
[[ DATA: 00 00 00 00 42 75 69 6C 64 2D 4D 33 2D 52 65 74 38 4B 00 00 ]]
[[ DATA: 00 00 00 00 00 00 00 00 00 00 00 00 00 00 00 00 00 00 00 00 ]]
[[ DATA: 00 00 00 00 00 00 00 00 00 00 00 00 00 00 00 00 00 00 00 00 ]]
[[ DATA: 00 00 00 00 00 00 00 00 00 00 00 00 00 00 00 00 54 65 73 74 ]]
[[ DATA: 20 31 30 33 30 20 61 74 20 74 65 73 74 5F 72 65 74 61 69 6E ]]
[[ DATA: 65 64 2E 63 3A 38 30 00 00 00 00 00 00 00 00 00 00 00 00 00 ]]
[[ DATA: 00 00 00 00 00 00 00 00 00 00 00 00 00 00 00 00 00 00 00 00 ]]
[[ DATA: 00 00 00 00 00 00 00 00 00 00 00 00 00 00 00 00 00 00 00 00 ]]
[[ DATA: 00 00 00 00 00 00 00 00 00 00 00 00 00 00 00 00 00 00 00 00 ]]
[[ DATA: 6D 66 44 50 00 00 00 00 D4 D3 D2 D1 ]]

[[ DevAlert Data Ended. Checksum: 11455 ]]

[[ DevAlert Data Begins ]]
[[ DATA: D1 D2 D3 D4 F0 0F 01 00 18 46 01 00 01 00 01 00 01 00 00 00 ]]
[[ DATA: 20 00 20 00 10 00 00 00 24 00 00 00 24 44 55 4D 4D 59 5F 53 ]]
[[ DATA: 45 53 53 49 4F 4E 5F 49 44 00 00 00 00 00 00 00 00 00 00 00 ]]
[[ DATA: 00 00 00 00 24 44 55 4D 4D 59 5F 44 45 56 49 43 45 5F 49 44 ]]
[[ DATA: 00 00 00 00 00 00 00 00 00 00 00 00 00 00 00 00 74 72 61 70 ]]
[[ DATA: 2E 7A 70 72 00 00 00 00 00 00 00 00 50 44 61 50 F0 0F 03 10 ]]
[[ DATA: DB 01 00 00 74 72 61 70 2E 7A 70 72 00 00 00 00 00 00 00 00 ]]
[[ DATA: 50 61 44 50 00 00 00 00 D4 D3 D2 D1 ]]

[[ DevAlert Data Ended. Checksum: 59176 ]]

[[ DevAlert Data Begins ]]
[[ DATA: D1 D2 D3 D4 F0 0F 01 00 71 83 01 00 01 00 01 00 01 00 00 00 ]]
[[ DATA: 20 00 20 00 10 00 00 00 DB 01 00 00 24 44 55 4D 4D 59 5F 53 ]]
[[ DATA: 45 53 53 49 4F 4E 5F 49 44 00 00 00 00 00 00 00 00 00 00 00 ]]
[[ DATA: 00 00 00 00 24 44 55 4D 4D 59 5F 44 45 56 49 43 45 5F 49 44 ]]
[[ DATA: 00 00 00 00 00 00 00 00 00 00 00 00 00 00 00 00 74 72 61 70 ]]
[[ DATA: 2E 7A 70 72 00 00 00 00 00 00 00 00 5A 45 02 00 03 00 05 00 ]]
[[ DATA: 0D D0 00 00 41 03 00 4C 00 24 00 00 00 83 E1 00 08 00 00 00 ]]
[[ DATA: 00 00 00 00 00 AD 28 55 0A 9B 85 00 08 DA 7F 00 08 00 00 00 ]]
[[ DATA: 29 50 40 00 20 0C 04 00 20 00 00 00 00 02 00 00 00 78 DD 00 ]]
[[ DATA: 08 F8 03 00 20 06 04 00 00 FF FF FF FF FF FF FF FF 01 00 00 ]]
[[ DATA: 00 30 00 00 00 4D 01 00 78 01 00 20 38 02 00 20 E8 22 00 20 ]]
[[ DATA: BC 2E 00 20 00 00 00 00 01 00 00 FF 80 00 00 00 00 00 00 00 ]]
[[ DATA: 00 00 00 00 00 00 00 00 00 00 00 00 00 00 00 00 39 A0 00 08 ]]
[[ DATA: 00 00 00 00 00 00 00 00 A4 2E 00 20 EA 03 00 00 E8 03 00 00 ]]
[[ DATA: 00 00 00 00 08 00 00 00 FF FF FF FF FF FF FF FF 60 40 00 20 ]]
[[ DATA: 00 00 00 00 D0 01 00 20 D0 01 00 20 39 8A 00 08 00 00 00 00 ]]
[[ DATA: 00 00 00 00 00 00 00 00 00 00 00 00 6D 61 69 6E 00 00 00 00 ]]
[[ DATA: 00 00 00 00 00 00 00 00 00 00 00 00 00 00 00 00 00 00 00 00 ]]
[[ DATA: 00 00 00 00 F8 3C 00 20 00 04 00 00 10 00 00 00 00 00 00 00 ]]
[[ DATA: E8 40 00 20 00 00 00 00 00 00 00 00 00 00 00 00 00 00 00 00 ]]
[[ DATA: 00 00 00 00 F5 FF FF FF 4D 01 00 50 40 00 20 F8 40 00 20 24 ]]
[[ DATA: 00 00 00 50 00 00 00 01 00 00 00 33 E7 00 08 88 DD 00 08 B7 ]]
[[ DATA: 19 00 08 7D 19 00 08 97 13 00 08 01 00 00 00 01 00 00 00 A5 ]]
[[ DATA: E9 8F 09 02 00 00 00 06 04 00 00 06 00 00 00 02 00 00 00 00 ]]
[[ DATA: 00 00 00 00 00 00 00 00 E6 D4 E0 35 E1 00 08 50 DC 00 08 50 ]]
[[ DATA: DC 00 08 50 DC 00 08 00 00 00 00 00 00 00 00 08 00 00 00 2B ]]
[[ DATA: 8B 00 08 AA AA AA AA AA AA AA AA AA AA AA AA AA AA AA AA 39 ]]
[[ DATA: 8A 00 08 00 00 00 00 E8 40 00 20 39 8A 00 08 00 00 00 00 A3 ]]
[[ DATA: 1F 00 08 00 00 00 00 AD 2A 00 08 AA AA AA AA AA AA AA AA 78 ]]
[[ DATA: 01 00 20 00 00 00 00 D4 D3 D2 D1 ]]

[[ DevAlert Data Ended. Checksum: 13621 ]]
DFMT:RETAINED_ALERT:SENT
Starting Percepio Detect test
DFMT:BOOT:m3_retained_8k:098fe9a5:phase=6:index=2:reboots=2
DFMT:RESUMED:1030:END
DFMT:CHECK:HARNESS:PASS:TRACE_CHANNEL_REGISTERED
DFMT:SUITE_COMPLETE:m3_retained_8k:098fe9a5
