*** Booting Zephyr OS build v4.4.0-12302-gc0bba90c366a ***
Starting Percepio Detect test
DFMT:SUITE_BEGIN:m3_no_trace:098fe826
DFMT:CHECK:HARNESS:PASS:TRACE_CHANNEL_REGISTERED
DFMT:BEGIN:1026:0

[[ DevAlert Data Begins ]]
[[ DATA: D1 D2 D3 D4 F0 0F 01 00 12 15 00 00 01 00 01 00 01 00 00 00 ]]
[[ DATA: 20 00 20 00 68 00 00 00 0C 01 00 00 24 44 55 4D 4D 59 5F 53 ]]
[[ DATA: 45 53 53 49 4F 4E 5F 49 44 00 00 00 00 00 00 00 00 00 00 00 ]]
[[ DATA: 00 00 00 00 24 44 55 4D 4D 59 5F 44 45 56 49 43 45 5F 49 44 ]]
[[ DATA: 00 00 00 00 00 00 00 00 00 00 00 00 00 00 00 00 54 65 73 74 ]]
[[ DATA: 20 31 30 32 36 20 61 74 20 74 65 73 74 5F 6E 6F 5F 74 72 61 ]]
[[ DATA: 63 65 2E 63 3A 31 33 00 00 00 00 00 00 00 00 00 00 00 00 00 ]]
[[ DATA: 00 00 00 00 00 00 00 00 00 00 00 00 00 00 00 00 00 00 00 00 ]]
[[ DATA: 00 00 00 00 00 00 00 00 00 00 00 00 00 00 00 00 00 00 00 00 ]]
[[ DATA: 00 00 00 00 00 00 00 00 00 00 00 00 00 00 00 00 00 00 00 00 ]]
[[ DATA: 50 44 66 6D F0 0F 03 48 08 04 68 00 01 00 00 00 02 04 00 00 ]]
[[ DATA: 01 00 00 00 A5 01 00 00 07 00 00 00 08 40 00 20 02 00 00 00 ]]
[[ DATA: FB 05 00 00 04 00 00 00 0D 00 00 00 00 00 00 00 00 00 00 00 ]]
[[ DATA: 00 00 00 00 00 00 00 00 00 00 00 00 00 00 00 00 00 00 00 00 ]]
[[ DATA: 00 00 00 00 42 75 69 6C 64 2D 4D 33 2D 4E 6F 54 72 61 63 65 ]]
[[ DATA: 00 00 00 00 00 00 00 00 00 00 00 00 00 00 00 00 00 00 00 00 ]]
[[ DATA: 00 00 00 00 00 00 00 00 00 00 00 00 00 00 00 00 00 00 00 00 ]]
[[ DATA: 00 00 00 00 00 00 00 00 00 00 00 00 00 00 00 00 54 65 73 74 ]]
[[ DATA: 20 31 30 32 36 20 61 74 20 74 65 73 74 5F 6E 6F 5F 74 72 61 ]]
[[ DATA: 63 65 2E 63 3A 31 33 00 00 00 00 00 00 00 00 00 00 00 00 00 ]]
[[ DATA: 00 00 00 00 00 00 00 00 00 00 00 00 00 00 00 00 00 00 00 00 ]]
[[ DATA: 00 00 00 00 00 00 00 00 00 00 00 00 00 00 00 00 00 00 00 00 ]]
[[ DATA: 00 00 00 00 00 00 00 00 00 00 00 00 00 00 00 00 00 00 00 00 ]]
[[ DATA: 6D 66 44 50 00 00 00 00 D4 D3 D2 D1 ]]

[[ DevAlert Data Ended. Checksum: 9145 ]]

[[ DevAlert Data Begins ]]
[[ DATA: D1 D2 D3 D4 F0 0F 01 00 18 46 01 00 01 00 01 00 01 00 00 00 ]]
[[ DATA: 20 00 20 00 10 00 00 00 24 00 00 00 24 44 55 4D 4D 59 5F 53 ]]
[[ DATA: 45 53 53 49 4F 4E 5F 49 44 00 00 00 00 00 00 00 00 00 00 00 ]]
[[ DATA: 00 00 00 00 24 44 55 4D 4D 59 5F 44 45 56 49 43 45 5F 49 44 ]]
[[ DATA: 00 00 00 00 00 00 00 00 00 00 00 00 00 00 00 00 74 72 61 70 ]]
[[ DATA: 2E 7A 70 72 00 00 00 00 00 00 00 00 50 44 61 50 F0 0F 03 10 ]]
[[ DATA: E3 01 00 00 74 72 61 70 2E 7A 70 72 00 00 00 00 00 00 00 00 ]]
[[ DATA: 50 61 44 50 00 00 00 00 D4 D3 D2 D1 ]]

[[ DevAlert Data Ended. Checksum: 38642 ]]

[[ DevAlert Data Begins ]]
[[ DATA: D1 D2 D3 D4 F0 0F 01 00 71 83 01 00 01 00 01 00 01 00 00 00 ]]
[[ DATA: 20 00 20 00 10 00 00 00 E3 01 00 00 24 44 55 4D 4D 59 5F 53 ]]
[[ DATA: 45 53 53 49 4F 4E 5F 49 44 00 00 00 00 00 00 00 00 00 00 00 ]]
[[ DATA: 00 00 00 00 24 44 55 4D 4D 59 5F 44 45 56 49 43 45 5F 49 44 ]]
[[ DATA: 00 00 00 00 00 00 00 00 00 00 00 00 00 00 00 00 74 72 61 70 ]]
[[ DATA: 2E 7A 70 72 00 00 00 00 00 00 00 00 5A 45 02 00 03 00 05 00 ]]
[[ DATA: 0D D0 00 00 41 03 00 4C 00 0B CF 00 08 00 00 00 00 00 00 00 ]]
[[ DATA: 00 F8 04 00 20 2E 29 57 0A EF 78 00 08 46 74 00 08 00 00 00 ]]
[[ DATA: 29 08 40 00 20 04 04 00 20 00 00 00 00 00 00 00 00 94 C8 00 ]]
[[ DATA: 08 F0 03 00 20 02 04 00 00 FF FF FF FF FF FF FF FF 01 00 00 ]]
[[ DATA: 00 30 00 00 00 4D 01 00 70 01 00 20 30 02 00 20 C8 22 00 20 ]]
[[ DATA: 7C 2E 00 20 00 00 00 00 01 00 00 FF 80 00 00 00 00 00 00 00 ]]
[[ DATA: 00 00 00 00 00 00 00 00 00 00 00 00 00 00 00 00 2D 90 00 08 ]]
[[ DATA: 00 00 00 00 00 00 00 00 64 2E 00 20 EA 03 00 00 E8 03 00 00 ]]
[[ DATA: 00 00 00 00 08 00 00 00 FF FF FF FF FF FF FF FF 28 40 00 20 ]]
[[ DATA: 00 00 00 00 C8 01 00 20 C8 01 00 20 45 7B 00 08 00 00 00 00 ]]
[[ DATA: 00 00 00 00 00 00 00 00 00 00 00 00 6D 61 69 6E 00 00 00 00 ]]
[[ DATA: 00 00 00 00 00 00 00 00 00 00 00 00 00 00 00 00 00 00 00 00 ]]
[[ DATA: 00 00 00 00 B8 3C 00 20 00 04 00 00 10 00 00 00 00 00 00 00 ]]
[[ DATA: A8 40 00 20 00 00 00 00 00 00 00 00 00 00 00 00 00 00 00 00 ]]
[[ DATA: 00 00 00 00 F5 FF FF FF 4D 01 00 08 40 00 20 B8 40 00 20 0B ]]
[[ DATA: CF 00 08 0D 00 00 00 00 00 00 00 F0 04 00 20 01 00 00 00 BD ]]
[[ DATA: 17 00 08 0B CF 00 08 94 C8 00 08 00 00 00 00 ED 13 00 08 25 ]]
[[ DATA: 1A 00 08 00 00 00 00 26 E8 8F 09 00 00 00 00 02 04 00 00 02 ]]
[[ DATA: 00 00 00 00 00 00 00 00 00 00 00 00 00 00 00 00 9A 36 62 00 ]]
[[ DATA: 00 00 00 A8 C7 00 08 A8 C7 00 08 A8 C7 00 08 00 00 00 00 00 ]]
[[ DATA: 00 00 00 08 00 00 00 37 7C 00 08 AA AA AA AA AA AA AA AA AA ]]
[[ DATA: AA AA AA AA AA AA AA 45 7B 00 08 00 00 00 00 A8 40 00 20 45 ]]
[[ DATA: 7B 00 08 00 00 00 00 07 1E 00 08 00 00 00 00 11 29 00 08 AA ]]
[[ DATA: AA AA AA AA AA AA AA 70 01 00 20 00 00 00 00 D4 D3 D2 D1 ]]

[[ DevAlert Data Ended. Checksum: 21344 ]]
DFMT:CHECK:1026:PASS:RECORDER_ENABLED_BEFORE
DFMT:CHECK:1026:PASS:RECORDER_ENABLED_AFTER
DFMT:RETURNED:1026:0
DFMT:BEGIN:1025:1
DFMT:REBOOT_EXPECTED:1025:fault
DFMT:OBS:1025:fault=undefined_instruction
E: ***** USAGE FAULT *****
E:   Attempt to execute undefined instruction
E: r0/a1:  0x0000002a  r1/a2:  0x0800cf98  r2/a3:  0x00000000
E: r3/a4:  0x00000000 r12/ip:  0x0a572924 r14/lr:  0x0800183d
E:  xpsr:  0x69000000
E: r4/v1:  0x0800ce6a  r5/v2:  0x0800c8a4  r6/v3:  0x00000003
E: r7/v4:  0x0800c894  r8/v5:  0x200003f0  r9/v6:  0x00000401
E: r10/v7: 0xffffffff  r11/v8: 0xffffffff    psp:  0x20004008
E: EXC_RETURN: 0xffffffbc
E: Faulting instruction address (r15/pc): 0x0800a59e
E: call trace:
E:      0: lr: 0x0800a59e
E:      1: lr: 0x0800183d
E:      2: lr: 0x080013d5
E:      3: lr: 0x08007c37
E:      4: lr: 0x08001e07
E:      5: lr: 0x08002911
E:      6: lr: 0xaaaaaaaa
E: 
E: >>> ZEPHYR FATAL ERROR 36: Unknown error on CPU 0
E: Current thread: 0x20000170 (main)

[[ DevAlert Data Begins ]]
[[ DATA: D1 D2 D3 D4 F0 0F 01 00 12 15 00 00 01 00 01 00 02 00 00 00 ]]
[[ DATA: 20 00 20 00 68 00 00 00 0C 01 00 00 24 44 55 4D 4D 59 5F 53 ]]
[[ DATA: 45 53 53 49 4F 4E 5F 49 44 00 00 00 00 00 00 00 00 00 00 00 ]]
[[ DATA: 00 00 00 00 24 44 55 4D 4D 59 5F 44 45 56 49 43 45 5F 49 44 ]]
[[ DATA: 00 00 00 00 00 00 00 00 00 00 00 00 00 00 00 00 46 61 74 61 ]]
[[ DATA: 6C 20 65 72 72 6F 72 3A 20 4F 74 68 65 72 20 28 72 65 61 73 ]]
[[ DATA: 6F 6E 20 63 6F 64 65 3A 20 33 36 29 00 00 00 00 00 00 00 00 ]]
[[ DATA: 00 00 00 00 00 00 00 00 00 00 00 00 00 00 00 00 00 00 00 00 ]]
[[ DATA: 00 00 00 00 00 00 00 00 00 00 00 00 00 00 00 00 00 00 00 00 ]]
[[ DATA: 00 00 00 00 00 00 00 00 00 00 00 00 00 00 00 00 00 00 00 00 ]]
[[ DATA: 50 44 66 6D F0 0F 03 48 08 01 68 00 01 00 00 00 01 04 00 00 ]]
[[ DATA: 0A 00 00 00 24 00 00 00 00 00 00 00 00 00 00 00 00 00 00 00 ]]
[[ DATA: 00 00 00 00 00 00 00 00 00 00 00 00 00 00 00 00 00 00 00 00 ]]
[[ DATA: 00 00 00 00 00 00 00 00 00 00 00 00 00 00 00 00 00 00 00 00 ]]
[[ DATA: 00 00 00 00 42 75 69 6C 64 2D 4D 33 2D 4E 6F 54 72 61 63 65 ]]
[[ DATA: 00 00 00 00 00 00 00 00 00 00 00 00 00 00 00 00 00 00 00 00 ]]
[[ DATA: 00 00 00 00 00 00 00 00 00 00 00 00 00 00 00 00 00 00 00 00 ]]
[[ DATA: 00 00 00 00 00 00 00 00 00 00 00 00 00 00 00 00 46 61 74 61 ]]
[[ DATA: 6C 20 65 72 72 6F 72 3A 20 4F 74 68 65 72 20 28 72 65 61 73 ]]
[[ DATA: 6F 6E 20 63 6F 64 65 3A 20 33 36 29 00 00 00 00 00 00 00 00 ]]
[[ DATA: 00 00 00 00 00 00 00 00 00 00 00 00 00 00 00 00 00 00 00 00 ]]
[[ DATA: 00 00 00 00 00 00 00 00 00 00 00 00 00 00 00 00 00 00 00 00 ]]
[[ DATA: 00 00 00 00 00 00 00 00 00 00 00 00 00 00 00 00 00 00 00 00 ]]
[[ DATA: 6D 66 44 50 00 00 00 00 D4 D3 D2 D1 ]]

[[ DevAlert Data Ended. Checksum: 51038 ]]

[[ DevAlert Data Begins ]]
[[ DATA: D1 D2 D3 D4 F0 0F 01 00 18 46 01 00 01 00 01 00 02 00 00 00 ]]
[[ DATA: 20 00 20 00 10 00 00 00 24 00 00 00 24 44 55 4D 4D 59 5F 53 ]]
[[ DATA: 45 53 53 49 4F 4E 5F 49 44 00 00 00 00 00 00 00 00 00 00 00 ]]
[[ DATA: 00 00 00 00 24 44 55 4D 4D 59 5F 44 45 56 49 43 45 5F 49 44 ]]
[[ DATA: 00 00 00 00 00 00 00 00 00 00 00 00 00 00 00 00 66 61 75 6C ]]
[[ DATA: 74 2E 7A 70 72 00 00 00 00 00 00 00 50 44 61 50 F0 0F 03 10 ]]
[[ DATA: C3 01 00 00 66 61 75 6C 74 2E 7A 70 72 00 00 00 00 00 00 00 ]]
[[ DATA: 50 61 44 50 00 00 00 00 D4 D3 D2 D1 ]]

[[ DevAlert Data Ended. Checksum: 49757 ]]

[[ DevAlert Data Begins ]]
[[ DATA: D1 D2 D3 D4 F0 0F 01 00 71 83 01 00 01 00 01 00 02 00 00 00 ]]
[[ DATA: 20 00 20 00 10 00 00 00 C3 01 00 00 24 44 55 4D 4D 59 5F 53 ]]
[[ DATA: 45 53 53 49 4F 4E 5F 49 44 00 00 00 00 00 00 00 00 00 00 00 ]]
[[ DATA: 00 00 00 00 24 44 55 4D 4D 59 5F 44 45 56 49 43 45 5F 49 44 ]]
[[ DATA: 00 00 00 00 00 00 00 00 00 00 00 00 00 00 00 00 66 61 75 6C ]]
[[ DATA: 74 2E 7A 70 72 00 00 00 00 00 00 00 5A 45 02 00 03 00 05 00 ]]
[[ DATA: 24 00 00 00 41 03 00 4C 00 2A 00 00 00 98 CF 00 08 00 00 00 ]]
[[ DATA: 00 00 00 00 00 24 29 57 0A 3D 18 00 08 9E A5 00 08 00 00 00 ]]
[[ DATA: 69 28 40 00 20 6A CE 00 08 A4 C8 00 08 03 00 00 00 94 C8 00 ]]
[[ DATA: 08 F0 03 00 20 01 04 00 00 FF FF FF FF FF FF FF FF 01 00 00 ]]
[[ DATA: 00 30 00 00 00 4D 01 00 70 01 00 20 30 02 00 20 7C 2E 00 20 ]]
[[ DATA: 7C 2E 00 20 00 00 00 00 01 00 00 00 80 00 00 00 00 00 00 00 ]]
[[ DATA: 00 00 00 00 00 00 00 00 00 00 00 00 00 00 00 00 2D 90 00 08 ]]
[[ DATA: 00 00 00 00 00 00 00 00 64 2E 00 20 82 05 00 00 2C 01 00 00 ]]
[[ DATA: 00 00 00 00 02 04 00 00 FF FF FF FF FF FF FF FF E8 3F 00 20 ]]
[[ DATA: 00 00 00 00 C8 01 00 20 C8 01 00 20 45 7B 00 08 00 00 00 00 ]]
[[ DATA: 00 00 00 00 00 00 00 00 00 00 00 00 6D 61 69 6E 00 00 00 00 ]]
[[ DATA: 00 00 00 00 00 00 00 00 00 00 00 00 00 00 00 00 00 00 00 00 ]]
[[ DATA: 00 00 00 00 B8 3C 00 20 00 04 00 00 10 00 00 00 00 00 00 00 ]]
[[ DATA: A8 40 00 20 00 00 00 00 00 00 00 00 00 00 00 00 00 00 00 00 ]]
[[ DATA: 00 00 00 00 F5 FF FF FF 4D 01 00 28 40 00 20 B8 40 00 20 31 ]]
[[ DATA: 18 00 08 D5 13 00 08 25 1A 00 08 00 00 00 00 26 E8 8F 09 02 ]]
[[ DATA: 00 00 00 01 04 00 00 08 00 00 00 01 00 00 00 00 00 00 00 00 ]]
[[ DATA: 00 00 00 00 9A 36 62 00 00 00 00 A8 C7 00 08 A8 C7 00 08 A8 ]]
[[ DATA: C7 00 08 00 00 00 00 00 00 00 00 08 00 00 00 37 7C 00 08 AA ]]
[[ DATA: AA AA AA AA AA AA AA AA AA AA AA AA AA AA AA 45 7B 00 08 00 ]]
[[ DATA: 00 00 00 A8 40 00 20 45 7B 00 08 00 00 00 00 07 1E 00 08 00 ]]
[[ DATA: 00 00 00 11 29 00 08 AA AA AA AA AA AA AA AA 70 01 00 20 00 ]]
[[ DATA: 00 00 00 D4 D3 D2 D1 ]]

[[ DevAlert Data Ended. Checksum: 36826 ]]
Fatal error, rebooting...
*** Booting Zephyr OS build v4.4.0-12302-gc0bba90c366a ***
Starting Percepio Detect test
DFMT:BOOT:m3_no_trace:098fe826:phase=8:index=2:reboots=1
DFMT:FAULT:1025:reason=36
DFMT:CHECK:1025:PASS:FAULT_TEST_MATCH
DFMT:CHECK:1025:PASS:FAULT_REASON_UNDEFINED_INSTRUCTION
DFMT:RESUMED:1025:END
DFMT:CHECK:HARNESS:PASS:TRACE_CHANNEL_REGISTERED
DFMT:SUITE_COMPLETE:m3_no_trace:098fe826
