Archive member included to satisfy reference by file (symbol)

app/libapp.a(main.c.obj)      (--whole-archive)
app/libapp.a(demo_app.c.obj)  (--whole-archive)
app/libapp.a(01_tracerecorder_kernel_tracing.c.obj)
                              (--whole-archive)
app/libapp.a(02_tracerecorder_data_logging.c.obj)
                              (--whole-archive)
app/libapp.a(03_tracerecorder_state_logging.c.obj)
                              (--whole-archive)
app/libapp.a(10_dfm_crash_alert.c.obj)
                              (--whole-archive)
app/libapp.a(11_dfm_custom_alert.c.obj)
                              (--whole-archive)
app/libapp.a(12_dfm_stack_corruption_alert.c.obj)
                              (--whole-archive)
app/libapp.a(13_dfm_stopwatch_alert.c.obj)
                              (--whole-archive)
app/libapp.a(14_dfm_taskmonitor_alert.c.obj)
                              (--whole-archive)
zephyr/libzephyr.a(validate_libc.c.obj)
                              (--whole-archive)
zephyr/libzephyr.a(heap.c.obj)
                              (--whole-archive)
zephyr/libzephyr.a(cbprintf_packaged.c.obj)
                              (--whole-archive)
zephyr/libzephyr.a(clock.c.obj)
                              (--whole-archive)
zephyr/libzephyr.a(printk.c.obj)
                              (--whole-archive)
zephyr/libzephyr.a(sem.c.obj)
                              (--whole-archive)
zephyr/libzephyr.a(thread_entry.c.obj)
                              (--whole-archive)
zephyr/libzephyr.a(cbprintf_complete.c.obj)
                              (--whole-archive)
zephyr/libzephyr.a(assert.c.obj)
                              (--whole-archive)
zephyr/libzephyr.a(reboot.c.obj)
                              (--whole-archive)
zephyr/libzephyr.a(dec.c.obj)
                              (--whole-archive)
zephyr/libzephyr.a(hex.c.obj)
                              (--whole-archive)
zephyr/libzephyr.a(rb.c.obj)  (--whole-archive)
zephyr/libzephyr.a(timeutil.c.obj)
                              (--whole-archive)
zephyr/libzephyr.a(bitarray.c.obj)
                              (--whole-archive)
zephyr/libzephyr.a(bitmask.c.obj)
                              (--whole-archive)
zephyr/libzephyr.a(onoff.c.obj)
                              (--whole-archive)
zephyr/libzephyr.a(notify.c.obj)
                              (--whole-archive)
zephyr/libzephyr.a(ring_buffer.c.obj)
                              (--whole-archive)
zephyr/libzephyr.a(last_section_id.c.obj)
                              (--whole-archive)
zephyr/libzephyr.a(configs.c.obj)
                              (--whole-archive)
zephyr/libzephyr.a(thread_info.c.obj)
                              (--whole-archive)
zephyr/libzephyr.a(mem_attr.c.obj)
                              (--whole-archive)
zephyr/libzephyr.a(tracing_none.c.obj)
                              (--whole-archive)
zephyr/libzephyr.a(banner.c.obj)
                              (--whole-archive)
zephyr/libzephyr.a(flash_map_partition_manager.c.obj)
                              (--whole-archive)
zephyr/arch/common/libarch__common.a(sw_isr_common.c.obj)
                              (--whole-archive)
zephyr/arch/common/libarch__common.a(init.c.obj)
                              (--whole-archive)
zephyr/arch/common/libarch__common.a(xip.c.obj)
                              (--whole-archive)
zephyr/arch/arch/arm/core/libarch__arm__core.a(fatal.c.obj)
                              (--whole-archive)
zephyr/arch/arch/arm/core/libarch__arm__core.a(nmi.c.obj)
                              (--whole-archive)
zephyr/arch/arch/arm/core/libarch__arm__core.a(nmi_on_reset.S.obj)
                              (--whole-archive)
zephyr/arch/arch/arm/core/libarch__arm__core.a(tls.c.obj)
                              (--whole-archive)
zephyr/arch/arch/arm/core/cortex_m/libarch__arm__core__cortex_m.a(exc_exit.c.obj)
                              (--whole-archive)
zephyr/arch/arch/arm/core/cortex_m/libarch__arm__core__cortex_m.a(fault.c.obj)
                              (--whole-archive)
zephyr/arch/arch/arm/core/cortex_m/libarch__arm__core__cortex_m.a(fault_s.S.obj)
                              (--whole-archive)
zephyr/arch/arch/arm/core/cortex_m/libarch__arm__core__cortex_m.a(fpu.c.obj)
                              (--whole-archive)
zephyr/arch/arch/arm/core/cortex_m/libarch__arm__core__cortex_m.a(reset.S.obj)
                              (--whole-archive)
zephyr/arch/arch/arm/core/cortex_m/libarch__arm__core__cortex_m.a(scb.c.obj)
                              (--whole-archive)
zephyr/arch/arch/arm/core/cortex_m/libarch__arm__core__cortex_m.a(thread_abort.c.obj)
                              (--whole-archive)
zephyr/arch/arch/arm/core/cortex_m/libarch__arm__core__cortex_m.a(vector_table.S.obj)
                              (--whole-archive)
zephyr/arch/arch/arm/core/cortex_m/libarch__arm__core__cortex_m.a(swap_helper.S.obj)
                              (--whole-archive)
[...]
Memory Configuration

Name             Origin             Length             Attributes
FLASH            0x0000000000000000 0x0000000000080000 xr
RAM              0x0000000020000000 0x0000000000010000 xw
IDT_LIST         0x00000000ffff7fff 0x0000000000008000 xw
*default*        0x0000000000000000 0xffffffffffffffff

Linker script and memory map

                0x000000000000a024                vfprintf = __l_vfprintf
                0x0000000000000000                vfscanf = __l_vfscanf
LOAD zephyr/CMakeFiles/zephyr_final.dir/misc/empty_file.c.obj
LOAD zephyr/CMakeFiles/zephyr_final.dir/isr_tables.c.obj
LOAD zephyr/CMakeFiles/offsets.dir/./arch/arm/core/offsets/offsets.c.obj
LOAD app/libapp.a
LOAD zephyr/libzephyr.a
LOAD zephyr/arch/common/libarch__common.a
LOAD zephyr/arch/arch/arm/core/libarch__arm__core.a
LOAD zephyr/arch/arch/arm/core/cortex_m/libarch__arm__core__cortex_m.a
LOAD zephyr/arch/arch/arm/core/mpu/libarch__arm__core__mpu.a
LOAD zephyr/lib/libc/picolibc/liblib__libc__picolibc.a
LOAD zephyr/lib/libc/common/liblib__libc__common.a
LOAD zephyr/soc/soc/nrf52832/libsoc__nordic.a
LOAD zephyr/subsys/debug/coredump/libsubsys__debug__coredump.a
LOAD zephyr/drivers/clock_control/libdrivers__clock_control.a
LOAD zephyr/drivers/console/libdrivers__console.a
LOAD zephyr/drivers/gpio/libdrivers__gpio.a
LOAD zephyr/drivers/pinctrl/libdrivers__pinctrl.a
LOAD zephyr/drivers/serial/libdrivers__serial.a
LOAD zephyr/drivers/timer/libdrivers__timer.a
LOAD modules/hal_nordic/modules/hal_nordic/nrfx/libmodules__hal_nordic__nrfx.a
LOAD modules/percepio/libmodules__percepio.a
LOAD zephyr/kernel/libkernel.a
LOAD zephyr/arch/common/libisr_tables.a
LOAD /home/johan/ncs/toolchains/43683a87ea/opt/zephyr-sdk/arm-zephyr-eabi/bin/../lib/gcc/../../picolibc/arm-zephyr-eabi/lib/thumb/v7e-m/nofp/libc.a
LOAD /home/johan/ncs/toolchains/43683a87ea/opt/zephyr-sdk/arm-zephyr-eabi/bin/../lib/gcc/arm-zephyr-eabi/12.2.0/thumb/v7e-m/nofp/libgcc.a
                0x0000000000000020                _region_min_align = 0x20

.rel.plt        0x0000000000000000        0x0
 *(SORT_BY_ALIGNMENT(.rel.plt))
                [!provide]                        PROVIDE (__rel_iplt_start = .)
 *(SORT_BY_ALIGNMENT(.rel.iplt))
 .rel.iplt      0x0000000000000000        0x0 zephyr/CMakeFiles/zephyr_final.dir/isr_tables.c.obj
                [!provide]                        PROVIDE (__rel_iplt_end = .)

.rela.plt       0x0000000000000000        0x0
 *(SORT_BY_ALIGNMENT(.rela.plt))
                [!provide]                        PROVIDE (__rela_iplt_start = .)
 *(SORT_BY_ALIGNMENT(.rela.iplt))
                [!provide]                        PROVIDE (__rela_iplt_end = .)

.rel.dyn
 *(SORT_BY_ALIGNMENT(.rel.*))

.rela.dyn
 *(SORT_BY_ALIGNMENT(.rela.*))

/DISCARD/
 *(SORT_BY_ALIGNMENT(.plt))

/DISCARD/
 *(SORT_BY_ALIGNMENT(.iplt))
                0x0000000000000000                __rom_region_start = 0x0

rom_start       0x0000000000000000       0xdc
                0x0000000000000000                __rom_start_address = .
 FILL mask 0x00
                0x0000000000000000                . = (. + (0x0 - (. - __rom_start_address)))
                0x0000000000000000                . = ALIGN (0x4)
                0x0000000000000000                . = ALIGN (0x80)
                0x0000000000000000                . = ALIGN (0x100)
                0x0000000000000000                _vector_start = .
 *(SORT_BY_ALIGNMENT(.exc_vector_table))
 *(SORT_BY_ALIGNMENT(.exc_vector_table.*))
 .exc_vector_table._vector_table_section
                0x0000000000000000       0x40 zephyr/arch/arch/arm/core/cortex_m/libarch__arm__core__cortex_m.a(vector_table.S.obj)
                0x0000000000000000                _vector_table
 *(SORT_BY_ALIGNMENT(.vectors))
                0x00000000000000dc                _vector_end = .
                0x0000000000000040                . = ALIGN (0x4)
 *(SORT_BY_ALIGNMENT(.gnu.linkonce.irq_vector_table*))
 .gnu.linkonce.irq_vector_table
                0x0000000000000040       0x9c zephyr/CMakeFiles/zephyr_final.dir/isr_tables.c.obj
                0x0000000000000040                _irq_vector_table
                0x00000000000000dc                _vector_end = .

text            0x00000000000000e0     0xdd50
                0x00000000000000e0                __text_region_start = .
 *(SORT_BY_ALIGNMENT(.text))
 .text          0x00000000000000e0      0x378 /home/johan/ncs/toolchains/43683a87ea/opt/zephyr-sdk/arm-zephyr-eabi/bin/../lib/gcc/arm-zephyr-eabi/12.2.0/thumb/v7e-m/nofp/libgcc.a(_arm_addsubdf3.o)
                0x00000000000000e0                __aeabi_drsub
                0x00000000000000e8                __aeabi_dsub
                0x00000000000000e8                __subdf3
                0x00000000000000ec                __adddf3
                0x00000000000000ec                __aeabi_dadd
                0x0000000000000364                __aeabi_ui2d
                0x0000000000000364                __floatunsidf
                0x0000000000000384                __floatsidf
                0x0000000000000384                __aeabi_i2d
                0x00000000000003a8                __extendsfdf2
                0x00000000000003a8                __aeabi_f2d
                0x00000000000003ec                __aeabi_ul2d
                0x00000000000003ec                __floatundidf
                0x00000000000003fc                __floatdidf
                0x00000000000003fc                __aeabi_l2d
 .text          0x0000000000000458      0x424 /home/johan/ncs/toolchains/43683a87ea/opt/zephyr-sdk/arm-zephyr-eabi/bin/../lib/gcc/arm-zephyr-eabi/12.2.0/thumb/v7e-m/nofp/libgcc.a(_arm_muldivdf3.o)
                0x0000000000000458                __aeabi_dmul
                0x0000000000000458                __muldf3
                0x00000000000006ac                __aeabi_ddiv
                0x00000000000006ac                __divdf3
 .text          0x000000000000087c      0x110 /home/johan/ncs/toolchains/43683a87ea/opt/zephyr-sdk/arm-zephyr-eabi/bin/../lib/gcc/arm-zephyr-eabi/12.2.0/thumb/v7e-m/nofp/libgcc.a(_arm_cmpdf2.o)
                0x000000000000087c                __gtdf2
                0x000000000000087c                __gedf2
                0x0000000000000884                __ltdf2
                0x0000000000000884                __ledf2
                0x000000000000088c                __cmpdf2
                0x000000000000088c                __eqdf2
                0x000000000000088c                __nedf2
                0x0000000000000908                __aeabi_cdrcmple
                0x0000000000000918                __aeabi_cdcmple
                0x0000000000000918                __aeabi_cdcmpeq
                0x0000000000000928                __aeabi_dcmpeq
                0x000000000000093c                __aeabi_dcmplt
                0x0000000000000950                __aeabi_dcmple
                0x0000000000000964                __aeabi_dcmpge
                0x0000000000000978                __aeabi_dcmpgt
 .text          0x000000000000098c       0x50 /home/johan/ncs/toolchains/43683a87ea/opt/zephyr-sdk/arm-zephyr-eabi/bin/../lib/gcc/arm-zephyr-eabi/12.2.0/thumb/v7e-m/nofp/libgcc.a(_arm_fixdfsi.o)
                0x000000000000098c                __fixdfsi
                0x000000000000098c                __aeabi_d2iz
 .text          0x00000000000009dc       0x30 /home/johan/ncs/toolchains/43683a87ea/opt/zephyr-sdk/arm-zephyr-eabi/bin/../lib/gcc/arm-zephyr-eabi/12.2.0/thumb/v7e-m/nofp/libgcc.a(_aeabi_uldivmod.o)
                0x00000000000009dc                __aeabi_uldivmod
 .text          0x0000000000000a0c        0x4 /home/johan/ncs/toolchains/43683a87ea/opt/zephyr-sdk/arm-zephyr-eabi/bin/../lib/gcc/arm-zephyr-eabi/12.2.0/thumb/v7e-m/nofp/libgcc.a(_dvmd_tls.o)
                0x0000000000000a0c                __aeabi_ldiv0
                0x0000000000000a0c                __aeabi_idiv0
 .text          0x0000000000000a10      0x2a0 /home/johan/ncs/toolchains/43683a87ea/opt/zephyr-sdk/arm-zephyr-eabi/bin/../lib/gcc/arm-zephyr-eabi/12.2.0/thumb/v7e-m/nofp/libgcc.a(_udivmoddi4.o)
                0x0000000000000a10                __udivmoddi4
 *(SORT_BY_ALIGNMENT(.text.*))
 .text.ReadSensor
                0x0000000000000cb0       0x48 app/libapp.a(02_tracerecorder_data_logging.c.obj)
                0x0000000000000cb0                ReadSensor
 .text.__kernel_cos
                0x0000000000000cf8      0x16c /home/johan/ncs/toolchains/43683a87ea/opt/zephyr-sdk/arm-zephyr-eabi/bin/../lib/gcc/../../picolibc/arm-zephyr-eabi/lib/thumb/v7e-m/nofp/libc.a(libm_math_k_cos.c.o)
                0x0000000000000cf8                __kernel_cos
 *fill*         0x0000000000000e64        0x4 
 .text.__kernel_sin
                0x0000000000000e68      0x164 /home/johan/ncs/toolchains/43683a87ea/opt/zephyr-sdk/arm-zephyr-eabi/bin/../lib/gcc/../../picolibc/arm-zephyr-eabi/lib/thumb/v7e-m/nofp/libc.a(libm_math_k_sin.c.o)
                0x0000000000000e68                __kernel_sin
 *fill*         0x0000000000000fcc        0x4 
 .text.__rem_pio2
                0x0000000000000fd0      0x3e4 /home/johan/ncs/toolchains/43683a87ea/opt/zephyr-sdk/arm-zephyr-eabi/bin/../lib/gcc/../../picolibc/arm-zephyr-eabi/lib/thumb/v7e-m/nofp/libc.a(libm_math_s_rem_pio2.c.o)
                0x0000000000000fd0                __rem_pio2
 .text.selectNextDemo
                0x00000000000013b4       0x1c app/libapp.a(main.c.obj)
                0x00000000000013b4                selectNextDemo
 .text.vTaskDemoDriver
                0x00000000000013d0       0xa8 app/libapp.a(demo_app.c.obj)
                0x00000000000013d0                vTaskDemoDriver
 .text.demo_app
                0x0000000000001478       0xa4 app/libapp.a(demo_app.c.obj)
                0x0000000000001478                demo_app
 .text.vTask1   0x000000000000151c       0x54 app/libapp.a(01_tracerecorder_kernel_tracing.c.obj)
 .text.vTask3   0x0000000000001570       0x48 app/libapp.a(01_tracerecorder_kernel_tracing.c.obj)
 .text.vTask2   0x00000000000015b8       0x34 app/libapp.a(01_tracerecorder_kernel_tracing.c.obj)
 .text.demo_kernel_tracing
                0x00000000000015ec      0x124 app/libapp.a(01_tracerecorder_kernel_tracing.c.obj)
                0x00000000000015ec                demo_kernel_tracing
 .text.demo_data_logging
                0x0000000000001710       0x78 app/libapp.a(02_tracerecorder_data_logging.c.obj)
                0x0000000000001710                demo_data_logging
 .text.vTaskAccelerometer
                0x0000000000001788       0xa0 app/libapp.a(02_tracerecorder_data_logging.c.obj)
                0x0000000000001788                vTaskAccelerometer
 .text.SetState
                0x0000000000001828       0x50 app/libapp.a(03_tracerecorder_state_logging.c.obj)
                0x0000000000001828                SetState
 .text.demo_state_logging
                0x0000000000001878       0xe8 app/libapp.a(03_tracerecorder_state_logging.c.obj)
                0x0000000000001878                demo_state_logging
 .text.read_sensor
                0x0000000000001960       0x18 app/libapp.a(10_dfm_crash_alert.c.obj)
 .text.enable_divide_by_zero_exception
                0x0000000000001978       0x18 app/libapp.a(10_dfm_crash_alert.c.obj)
 .text.demo_crash_alert
                0x0000000000001990       0x9c app/libapp.a(10_dfm_crash_alert.c.obj)
                0x0000000000001990                demo_crash_alert
 .text.functionY
                0x0000000000001a2c       0x24 app/libapp.a(11_dfm_custom_alert.c.obj)
                0x0000000000001a2c                functionY
 .text.demo_custom_alert
                0x0000000000001a50       0x8c app/libapp.a(11_dfm_custom_alert.c.obj)
                0x0000000000001a50                demo_custom_alert
 .text.readTooMuchData
                0x0000000000001adc       0x40 app/libapp.a(12_dfm_stack_corruption_alert.c.obj)
                0x0000000000001adc                readTooMuchData
 .text.test_stack_corruption
                0x0000000000001b1c       0x28 app/libapp.a(12_dfm_stack_corruption_alert.c.obj)
                0x0000000000001b1c                test_stack_corruption
 .text.demo_stack_corruption_alert
                0x0000000000001b44       0x40 app/libapp.a(12_dfm_stack_corruption_alert.c.obj)
                0x0000000000001b44                demo_stack_corruption_alert
 .text.demo_stopwatch_alert
                0x0000000000001b84       0xf0 app/libapp.a(13_dfm_stopwatch_alert.c.obj)
                0x0000000000001b84                demo_stopwatch_alert
 .text.computeSomething
                0x0000000000001c74       0x40 app/libapp.a(13_dfm_stopwatch_alert.c.obj)
                0x0000000000001c74                computeSomething
 .text.vComputeTask
                0x0000000000001cb4       0x24 app/libapp.a(13_dfm_stopwatch_alert.c.obj)
                0x0000000000001cb4                vComputeTask
 .text.handleEvent
                0x0000000000001cd8       0x40 app/libapp.a(13_dfm_stopwatch_alert.c.obj)
                0x0000000000001cd8                handleEvent
 .text.waitForEvent
                0x0000000000001d18       0x60 app/libapp.a(13_dfm_stopwatch_alert.c.obj)
                0x0000000000001d18                waitForEvent
 .text.vTask1   0x0000000000001d78       0x60 app/libapp.a(14_dfm_taskmonitor_alert.c.obj)
                0x0000000000001d78                vTask1
 .text.vTask2   0x0000000000001dd8       0x6c app/libapp.a(14_dfm_taskmonitor_alert.c.obj)
                0x0000000000001dd8                vTask2
 .text.vTaskMonitor
                0x0000000000001e44      0x244 app/libapp.a(14_dfm_taskmonitor_alert.c.obj)
                0x0000000000001e44                vTaskMonitor
 .text.demo_taskmonitor_alert
                0x0000000000002088      0x14c app/libapp.a(14_dfm_taskmonitor_alert.c.obj)
                0x0000000000002088                demo_taskmonitor_alert
 .text.char_out
                0x00000000000021d4       0x10 zephyr/libzephyr.a(printk.c.obj)
 .text.__printk_hook_install
                0x00000000000021e4        0xc zephyr/libzephyr.a(printk.c.obj)
                0x00000000000021e4                __printk_hook_install
 .text.vprintk  0x00000000000021f0       0x2c zephyr/libzephyr.a(printk.c.obj)
                0x00000000000021f0                vprintk
 .text.z_thread_entry
                0x000000000000221c       0x34 zephyr/libzephyr.a(thread_entry.c.obj)
                0x000000000000221c                z_thread_entry
 .text.sys_reboot
                0x0000000000002250       0x2c zephyr/libzephyr.a(reboot.c.obj)
                0x0000000000002250                sys_reboot
 .text.process_event
                0x000000000000227c      0x16c zephyr/libzephyr.a(onoff.c.obj)
 .text.mem_attr_get_regions
                0x00000000000023e8        0xc zephyr/libzephyr.a(mem_attr.c.obj)
                0x00000000000023e8                mem_attr_get_regions
 .text.boot_banner
                0x00000000000023f4       0x18 zephyr/libzephyr.a(banner.c.obj)
                0x00000000000023f4                boot_banner
 .text.arch_bss_zero
                0x000000000000240c       0x18 zephyr/arch/common/libarch__common.a(init.c.obj)
                0x000000000000240c                arch_bss_zero
 .text.arch_data_copy
                0x0000000000002424       0x34 zephyr/arch/common/libarch__common.a(xip.c.obj)
                0x0000000000002424                arch_data_copy
 .text.esf_dump
                0x0000000000002458       0x40 zephyr/arch/arch/arm/core/libarch__arm__core.a(fatal.c.obj)
 .text.z_arm_fatal_error
                0x0000000000002498       0x30 zephyr/arch/arch/arm/core/libarch__arm__core.a(fatal.c.obj)
                0x0000000000002498                z_arm_fatal_error
 .text.z_do_kernel_oops
                0x00000000000024c8       0x2c zephyr/arch/arch/arm/core/libarch__arm__core.a(fatal.c.obj)
                0x00000000000024c8                z_do_kernel_oops
 .text.z_SysNmiOnReset
                0x00000000000024f4        0x8 zephyr/arch/arch/arm/core/libarch__arm__core.a(nmi_on_reset.S.obj)
                0x00000000000024f4                z_SysNmiOnReset
 .text.z_tls_copy
                0x00000000000024fc       0x28 zephyr/arch/arch/arm/core/libarch__arm__core.a(tls.c.obj)
 .text.arch_tls_stack_setup
                0x0000000000002524       0x28 zephyr/arch/arch/arm/core/libarch__arm__core.a(tls.c.obj)
                0x0000000000002524                arch_tls_stack_setup
 .text._HandlerModeExit
                0x000000000000254c       0x20 zephyr/arch/arch/arm/core/cortex_m/libarch__arm__core__cortex_m.a(exc_exit.c.obj)
                0x000000000000254c                z_arm_exc_exit
                0x000000000000254c                z_arm_int_exit
 .text.z_arm_is_synchronous_svc
                0x000000000000256c       0x3c zephyr/arch/arch/arm/core/cortex_m/libarch__arm__core__cortex_m.a(fault.c.obj)
 .text.get_esf  0x00000000000025a8       0x40 zephyr/arch/arch/arm/core/cortex_m/libarch__arm__core__cortex_m.a(fault.c.obj)
 .text.bus_fault
                0x00000000000025e8       0xec zephyr/arch/arch/arm/core/cortex_m/libarch__arm__core__cortex_m.a(fault.c.obj)
 .text.usage_fault
                0x00000000000026d4       0xb4 zephyr/arch/arch/arm/core/cortex_m/libarch__arm__core__cortex_m.a(fault.c.obj)
 .text.debug_monitor
                0x0000000000002788       0x14 zephyr/arch/arch/arm/core/cortex_m/libarch__arm__core__cortex_m.a(fault.c.obj)
 .text.reserved_exception
                0x000000000000279c       0x24 zephyr/arch/arch/arm/core/cortex_m/libarch__arm__core__cortex_m.a(fault.c.obj)
 .text.mem_manage_fault
                0x00000000000027c0      0x128 zephyr/arch/arch/arm/core/cortex_m/libarch__arm__core__cortex_m.a(fault.c.obj)
 .text.hard_fault
                0x00000000000028e8       0xb8 zephyr/arch/arch/arm/core/cortex_m/libarch__arm__core__cortex_m.a(fault.c.obj)
 .text.z_arm_fault
                0x00000000000029a0       0xa8 zephyr/arch/arch/arm/core/cortex_m/libarch__arm__core__cortex_m.a(fault.c.obj)
                0x00000000000029a0                z_arm_fault
 .text.z_arm_fault_init
                0x0000000000002a48       0x18 zephyr/arch/arch/arm/core/cortex_m/libarch__arm__core__cortex_m.a(fault.c.obj)
                0x0000000000002a48                z_arm_fault_init
 .text.__fault  0x0000000000002a60       0x14 zephyr/arch/arch/arm/core/cortex_m/libarch__arm__core__cortex_m.a(fault_s.S.obj)
                0x0000000000002a60                z_arm_bus_fault
                0x0000000000002a60                z_arm_usage_fault
                0x0000000000002a60                z_arm_mpu_fault
                0x0000000000002a60                z_arm_exc_spurious
                0x0000000000002a60                z_arm_debug_monitor
                0x0000000000002a60                z_arm_hard_fault
 .text._reset_section
                0x0000000000002a74       0x6c zephyr/arch/arch/arm/core/cortex_m/libarch__arm__core__cortex_m.a(reset.S.obj)
                0x0000000000002a74                z_arm_reset
                0x0000000000002a74                __start
 .text.z_arm_clear_arm_mpu_config
                0x0000000000002ae0       0x28 zephyr/arch/arch/arm/core/cortex_m/libarch__arm__core__cortex_m.a(scb.c.obj)
                0x0000000000002ae0                z_arm_clear_arm_mpu_config
 .text.z_arm_init_arch_hw_at_boot
                0x0000000000002b08       0x54 zephyr/arch/arch/arm/core/cortex_m/libarch__arm__core__cortex_m.a(scb.c.obj)
                0x0000000000002b08                z_arm_init_arch_hw_at_boot
 .text.z_impl_k_thread_abort
                0x0000000000002b5c       0x34 zephyr/arch/arch/arm/core/cortex_m/libarch__arm__core__cortex_m.a(thread_abort.c.obj)
                0x0000000000002b5c                z_impl_k_thread_abort
 .text.z_arm_pendsv
                0x0000000000002b90       0x78 zephyr/arch/arch/arm/core/cortex_m/libarch__arm__core__cortex_m.a(swap_helper.S.obj)
                0x0000000000002b90                z_arm_pendsv
 .text.z_arm_svc
                0x0000000000002c08       0x24 zephyr/arch/arch/arm/core/cortex_m/libarch__arm__core__cortex_m.a(swap_helper.S.obj)
                0x0000000000002c08                z_arm_svc
 .text.__NVIC_EnableIRQ
                0x0000000000002c2c       0x1c zephyr/arch/arch/arm/core/cortex_m/libarch__arm__core__cortex_m.a(irq_manage.c.obj)
 .text.__NVIC_DisableIRQ
                0x0000000000002c48       0x24 zephyr/arch/arch/arm/core/cortex_m/libarch__arm__core__cortex_m.a(irq_manage.c.obj)
 .text.__NVIC_SetPriority
                0x0000000000002c6c       0x28 zephyr/arch/arch/arm/core/cortex_m/libarch__arm__core__cortex_m.a(irq_manage.c.obj)
 .text.arm_irq_is_enabled
                0x0000000000002c94       0x1c zephyr/arch/arch/arm/core/cortex_m/libarch__arm__core__cortex_m.a(irq_manage.c.obj)
                0x0000000000002c94                arm_irq_is_enabled
 .text.relocate_vector_table
                0x0000000000002cb0       0x1c zephyr/arch/arch/arm/core/cortex_m/libarch__arm__core__cortex_m.a(prep_c.c.obj)
                0x0000000000002cb0                relocate_vector_table
 .text.z_prep_c
                0x0000000000002ccc       0x28 zephyr/arch/arch/arm/core/cortex_m/libarch__arm__core__cortex_m.a(prep_c.c.obj)
                0x0000000000002ccc                z_prep_c
 .text.arch_new_thread
                0x0000000000002cf4       0x44 zephyr/arch/arch/arm/core/cortex_m/libarch__arm__core__cortex_m.a(thread.c.obj)
                0x0000000000002cf4                arch_new_thread
 .text.z_check_thread_stack_fail
                0x0000000000002d38       0x48 zephyr/arch/arch/arm/core/cortex_m/libarch__arm__core__cortex_m.a(thread.c.obj)
                0x0000000000002d38                z_check_thread_stack_fail
 .text.arch_switch_to_main_thread
                0x0000000000002d80       0x48 zephyr/arch/arch/arm/core/cortex_m/libarch__arm__core__cortex_m.a(thread.c.obj)
                0x0000000000002d80                arch_switch_to_main_thread
 .text.z_arm_cpu_idle_init
                0x0000000000002dc8        0xc zephyr/arch/arch/arm/core/cortex_m/libarch__arm__core__cortex_m.a(cpu_idle.c.obj)
                0x0000000000002dc8                z_arm_cpu_idle_init
 .text.z_arm_interrupt_init
                0x0000000000002dd4       0x34 zephyr/arch/arch/arm/core/cortex_m/libarch__arm__core__cortex_m.a(irq_init.c.obj)
                0x0000000000002dd4                z_arm_interrupt_init
 .text._isr_wrapper
                0x0000000000002e08       0x28 zephyr/arch/arch/arm/core/cortex_m/libarch__arm__core__cortex_m.a(isr_wrapper.c.obj)
                0x0000000000002e08                _isr_wrapper
 .text.arch_coredump_info_dump
                0x0000000000002e30       0x6c zephyr/arch/arch/arm/core/cortex_m/libarch__arm__core__cortex_m.a(coredump.c.obj)
                0x0000000000002e30                arch_coredump_info_dump
 .text.arch_coredump_stack_ptr_get
                0x0000000000002e9c       0x1c zephyr/arch/arch/arm/core/cortex_m/libarch__arm__core__cortex_m.a(coredump.c.obj)
                0x0000000000002e9c                arch_coredump_stack_ptr_get
 .text.z_arm_configure_static_mpu_regions
                0x0000000000002eb8       0x1c zephyr/arch/arch/arm/core/mpu/libarch__arm__core__mpu.a(arm_core_mpu.c.obj)
                0x0000000000002eb8                z_arm_configure_static_mpu_regions
 .text.z_arm_configure_dynamic_mpu_regions
                0x0000000000002ed4       0x24 zephyr/arch/arch/arm/core/mpu/libarch__arm__core__mpu.a(arm_core_mpu.c.obj)
                0x0000000000002ed4                z_arm_configure_dynamic_mpu_regions
 .text.region_init
                0x0000000000002ef8       0x28 zephyr/arch/arch/arm/core/mpu/libarch__arm__core__mpu.a(arm_mpu.c.obj)
 .text.region_allocate_and_init
                0x0000000000002f20       0x28 zephyr/arch/arch/arm/core/mpu/libarch__arm__core__mpu.a(arm_mpu.c.obj)
 .text.mpu_configure_static_mpu_regions
                0x0000000000002f48       0x14 zephyr/arch/arch/arm/core/mpu/libarch__arm__core__mpu.a(arm_mpu.c.obj)
 .text.mpu_configure_dynamic_mpu_regions
                0x0000000000002f5c       0x3c zephyr/arch/arch/arm/core/mpu/libarch__arm__core__mpu.a(arm_mpu.c.obj)
 .text.arm_core_mpu_enable
                0x0000000000002f98       0x18 zephyr/arch/arch/arm/core/mpu/libarch__arm__core__mpu.a(arm_mpu.c.obj)
                0x0000000000002f98                arm_core_mpu_enable
 .text.arm_core_mpu_disable
                0x0000000000002fb0       0x14 zephyr/arch/arch/arm/core/mpu/libarch__arm__core__mpu.a(arm_mpu.c.obj)
                0x0000000000002fb0                arm_core_mpu_disable
 .text.z_arm_mpu_init
                0x0000000000002fc4       0x80 zephyr/arch/arch/arm/core/mpu/libarch__arm__core__mpu.a(arm_mpu.c.obj)
                0x0000000000002fc4                z_arm_mpu_init
 .text.z_impl_zephyr_fputc
                0x0000000000003044       0x10 zephyr/lib/libc/picolibc/liblib__libc__picolibc.a(stdio.c.obj)
                0x0000000000003044                z_impl_zephyr_fputc
 .text.__stdout_hook_install
                0x0000000000003054       0x18 zephyr/lib/libc/picolibc/liblib__libc__picolibc.a(stdio.c.obj)
                0x0000000000003054                __stdout_hook_install
 .text.malloc_prepare
                0x000000000000306c       0x24 zephyr/lib/libc/common/liblib__libc__common.a(malloc.c.obj)
 .text.nrfx_coredep_delay_us
                0x0000000000003090       0x2c zephyr/soc/soc/nrf52832/libsoc__nordic.a(soc.c.obj)
 .text.nordicsemi_nrf52_init
                0x00000000000030bc       0x18 zephyr/soc/soc/nrf52832/libsoc__nordic.a(soc.c.obj)
 .text.__NVIC_SystemReset
                0x00000000000030d4       0x24 zephyr/soc/soc/nrf52832/libsoc__nordic.a(reboot.c.obj)
 .text.gppi_init
                0x00000000000030f8       0x1c zephyr/soc/soc/nrf52832/libsoc__nordic.a(gppi_init.c.obj)
 .text.dump_header
                0x0000000000003114       0x40 zephyr/subsys/debug/coredump/libsubsys__debug__coredump.a(coredump_core.c.obj)
 .text.z_coredump_start
                0x0000000000003154       0x10 zephyr/subsys/debug/coredump/libsubsys__debug__coredump.a(coredump_core.c.obj)
                0x0000000000003154                z_coredump_start
 .text.z_coredump_end
                0x0000000000003164       0x10 zephyr/subsys/debug/coredump/libsubsys__debug__coredump.a(coredump_core.c.obj)
                0x0000000000003164                z_coredump_end
 .text.coredump_buffer_output
                0x0000000000003174       0x14 zephyr/subsys/debug/coredump/libsubsys__debug__coredump.a(coredump_core.c.obj)
                0x0000000000003174                coredump_buffer_output
 .text.get_hf_flags
                0x0000000000003188        0x8 zephyr/drivers/clock_control/libdrivers__clock_control.a(clock_control_nrf.c.obj)
 .text.get_subsys
                0x0000000000003190       0x18 zephyr/drivers/clock_control/libdrivers__clock_control.a(clock_control_nrf.c.obj)
 .text.onoff_stop
                0x00000000000031a8       0x20 zephyr/drivers/clock_control/libdrivers__clock_control.a(clock_control_nrf.c.obj)
 .text.onoff_start
                0x00000000000031c8       0x34 zephyr/drivers/clock_control/libdrivers__clock_control.a(clock_control_nrf.c.obj)
 .text.clock_event_handler
                0x00000000000031fc       0x34 zephyr/drivers/clock_control/libdrivers__clock_control.a(clock_control_nrf.c.obj)
 .text.generic_hfclk_start
                0x0000000000003230       0x68 zephyr/drivers/clock_control/libdrivers__clock_control.a(clock_control_nrf.c.obj)
 .text.generic_hfclk_stop
                0x0000000000003298       0x34 zephyr/drivers/clock_control/libdrivers__clock_control.a(clock_control_nrf.c.obj)
 .text.lfclk_spinwait
                0x00000000000032cc       0xcc zephyr/drivers/clock_control/libdrivers__clock_control.a(clock_control_nrf.c.obj)
 .text.api_blocking_start
                0x0000000000003398       0x3c zephyr/drivers/clock_control/libdrivers__clock_control.a(clock_control_nrf.c.obj)
 .text.clk_init
                0x00000000000033d4       0x5c zephyr/drivers/clock_control/libdrivers__clock_control.a(clock_control_nrf.c.obj)
 .text.anomaly_132_workaround
                0x0000000000003430       0x20 zephyr/drivers/clock_control/libdrivers__clock_control.a(clock_control_nrf.c.obj)
 .text.z_nrf_clock_control_lf_on
                0x0000000000003450       0x54 zephyr/drivers/clock_control/libdrivers__clock_control.a(clock_control_nrf.c.obj)
                0x0000000000003450                z_nrf_clock_control_lf_on
 .text.console_out
                0x00000000000034a4       0x28 zephyr/drivers/console/libdrivers__console.a(uart_console.c.obj)
 .text.uart_console_hook_install
                0x00000000000034cc       0x18 zephyr/drivers/console/libdrivers__console.a(uart_console.c.obj)
 .text.uart_console_init
                0x00000000000034e4       0x1c zephyr/drivers/console/libdrivers__console.a(uart_console.c.obj)
 .text.get_dev  0x0000000000003500       0x10 zephyr/drivers/gpio/libdrivers__gpio.a(gpio_nrfx.c.obj)
 .text.gpio_nrfx_init
                0x0000000000003510       0x50 zephyr/drivers/gpio/libdrivers__gpio.a(gpio_nrfx.c.obj)
 .text.nrf_gpio_cfg
                0x0000000000003560       0x44 zephyr/drivers/pinctrl/libdrivers__pinctrl.a(pinctrl_nrf.c.obj)
 .text.pinctrl_configure_pins
                0x00000000000035a4      0x21c zephyr/drivers/pinctrl/libdrivers__pinctrl.a(pinctrl_nrf.c.obj)
                0x00000000000035a4                pinctrl_configure_pins
 .text.uarte_nrfx_poll_out
                0x00000000000037c0       0x68 zephyr/drivers/serial/libdrivers__serial.a(uart_nrfx_uarte.c.obj)
 .text.uarte_instance_init
                0x0000000000003828       0x3c zephyr/drivers/serial/libdrivers__serial.a(uart_nrfx_uarte.c.obj)
 .text.set_comparator
                0x0000000000003864       0x14 zephyr/drivers/timer/libdrivers__timer.a(nrf_rtc_timer.c.obj)
 .text.event_enable
                0x0000000000003878       0x14 zephyr/drivers/timer/libdrivers__timer.a(nrf_rtc_timer.c.obj)
 .text.event_disable
                0x000000000000388c       0x14 zephyr/drivers/timer/libdrivers__timer.a(nrf_rtc_timer.c.obj)
 .text.counter  0x00000000000038a0        0xc zephyr/drivers/timer/libdrivers__timer.a(nrf_rtc_timer.c.obj)
 .text.int_event_disable_rtc
                0x00000000000038ac       0x18 zephyr/drivers/timer/libdrivers__timer.a(nrf_rtc_timer.c.obj)
 .text.compare_int_lock
                0x00000000000038c4       0x4c zephyr/drivers/timer/libdrivers__timer.a(nrf_rtc_timer.c.obj)
 .text.channel_processing_check_and_clear
                0x0000000000003910       0x60 zephyr/drivers/timer/libdrivers__timer.a(nrf_rtc_timer.c.obj)
 .text.compare_int_unlock
                0x0000000000003970       0x60 zephyr/drivers/timer/libdrivers__timer.a(nrf_rtc_timer.c.obj)
 .text.sys_clock_timeout_handler
                0x00000000000039d0       0x50 zephyr/drivers/timer/libdrivers__timer.a(nrf_rtc_timer.c.obj)
 .text.z_nrf_rtc_timer_read
                0x0000000000003a20       0x58 zephyr/drivers/timer/libdrivers__timer.a(nrf_rtc_timer.c.obj)
                0x0000000000003a20                z_nrf_rtc_timer_read
 .text.compare_set_nolocks
                0x0000000000003a78       0xac zephyr/drivers/timer/libdrivers__timer.a(nrf_rtc_timer.c.obj)
 .text.sys_clock_driver_init
                0x0000000000003b24       0xd0 zephyr/drivers/timer/libdrivers__timer.a(nrf_rtc_timer.c.obj)
 .text.process_channel
                0x0000000000003bf4       0x7c zephyr/drivers/timer/libdrivers__timer.a(nrf_rtc_timer.c.obj)
 .text.rtc_nrf_isr
                0x0000000000003c70       0x40 zephyr/drivers/timer/libdrivers__timer.a(nrf_rtc_timer.c.obj)
                0x0000000000003c70                rtc_nrf_isr
 .text.sys_clock_set_timeout
                0x0000000000003cb0       0x7c zephyr/drivers/timer/libdrivers__timer.a(nrf_rtc_timer.c.obj)
                0x0000000000003cb0                sys_clock_set_timeout
 .text.sys_clock_elapsed
                0x0000000000003d2c       0x14 zephyr/drivers/timer/libdrivers__timer.a(nrf_rtc_timer.c.obj)
                0x0000000000003d2c                sys_clock_elapsed
 .text.sys_clock_disable
                0x0000000000003d40       0x28 zephyr/drivers/timer/libdrivers__timer.a(nrf_rtc_timer.c.obj)
                0x0000000000003d40                sys_clock_disable
 .text.__NVIC_SystemReset
                0x0000000000003d68       0x24 modules/hal_nordic/modules/hal_nordic/nrfx/libmodules__hal_nordic__nrfx.a(system_nrf52.c.obj)
 .text.nvmc_wait
                0x0000000000003d8c       0x10 modules/hal_nordic/modules/hal_nordic/nrfx/libmodules__hal_nordic__nrfx.a(system_nrf52.c.obj)
                0x0000000000003d8c                nvmc_wait
 .text.nvmc_config
                0x0000000000003d9c       0x14 modules/hal_nordic/modules/hal_nordic/nrfx/libmodules__hal_nordic__nrfx.a(system_nrf52.c.obj)
                0x0000000000003d9c                nvmc_config
 .text.SystemInit
                0x0000000000003db0      0x1e0 modules/hal_nordic/modules/hal_nordic/nrfx/libmodules__hal_nordic__nrfx.a(system_nrf52.c.obj)
                0x0000000000003db0                SystemInit
 .text.nrfx_gppi_init
                0x0000000000003f90        0xc modules/hal_nordic/modules/hal_nordic/nrfx/libmodules__hal_nordic__nrfx.a(nrfx_gppi_ppi.c.obj)
                0x0000000000003f90                nrfx_gppi_init
 .text.nrfx_gppi_domain_conn_alloc
                0x0000000000003f9c       0x1c modules/hal_nordic/modules/hal_nordic/nrfx/libmodules__hal_nordic__nrfx.a(nrfx_gppi_ppi.c.obj)
                0x0000000000003f9c                nrfx_gppi_domain_conn_alloc
 .text.nrfx_gppi_conn_alloc
                0x0000000000003fb8       0x2c modules/hal_nordic/modules/hal_nordic/nrfx/libmodules__hal_nordic__nrfx.a(nrfx_gppi_ppi.c.obj)
                0x0000000000003fb8                nrfx_gppi_conn_alloc
 .text.nrfx_gppi_conn_enable
                0x0000000000003fe4       0x10 modules/hal_nordic/modules/hal_nordic/nrfx/libmodules__hal_nordic__nrfx.a(nrfx_gppi_ppi.c.obj)
                0x0000000000003fe4                nrfx_gppi_conn_enable
 .text.hfclk_event_handler
                0x0000000000003ff4       0x10 modules/hal_nordic/modules/hal_nordic/nrfx/libmodules__hal_nordic__nrfx.a(nrfx_clock.c.obj)
 .text.lfclk_event_handler
                0x0000000000004004       0x10 modules/hal_nordic/modules/hal_nordic/nrfx/libmodules__hal_nordic__nrfx.a(nrfx_clock.c.obj)
 .text.nrfx_clock_init
                0x0000000000004014       0x3c modules/hal_nordic/modules/hal_nordic/nrfx/libmodules__hal_nordic__nrfx.a(nrfx_clock.c.obj)
                0x0000000000004014                nrfx_clock_init
 .text.nrfx_clock_enable
                0x0000000000004050       0x14 modules/hal_nordic/modules/hal_nordic/nrfx/libmodules__hal_nordic__nrfx.a(nrfx_clock.c.obj)
                0x0000000000004050                nrfx_clock_enable
 .text.clock_stop
                0x0000000000004064       0x64 modules/hal_nordic/modules/hal_nordic/nrfx/libmodules__hal_nordic__nrfx.a(nrfx_clock_hfclk.c.obj)
 .text.nrfx_clock_hfclk_init
                0x00000000000040c8       0x2c modules/hal_nordic/modules/hal_nordic/nrfx/libmodules__hal_nordic__nrfx.a(nrfx_clock_hfclk.c.obj)
                0x00000000000040c8                nrfx_clock_hfclk_init
 .text.nrfx_clock_hfclk_start
                0x00000000000040f4       0x44 modules/hal_nordic/modules/hal_nordic/nrfx/libmodules__hal_nordic__nrfx.a(nrfx_clock_hfclk.c.obj)
                0x00000000000040f4                nrfx_clock_hfclk_start
 .text.nrfx_clock_hfclk_irq_handler
                0x0000000000004138       0x4c modules/hal_nordic/modules/hal_nordic/nrfx/libmodules__hal_nordic__nrfx.a(nrfx_clock_hfclk.c.obj)
                0x0000000000004138                nrfx_clock_hfclk_irq_handler
 .text.nrfx_clock_lfclk_init
                0x0000000000004184       0x2c modules/hal_nordic/modules/hal_nordic/nrfx/libmodules__hal_nordic__nrfx.a(nrfx_clock_lfclk.c.obj)
                0x0000000000004184                nrfx_clock_lfclk_init
 .text.nrfx_clock_lfclk_start
                0x00000000000041b0       0xe0 modules/hal_nordic/modules/hal_nordic/nrfx/libmodules__hal_nordic__nrfx.a(nrfx_clock_lfclk.c.obj)
                0x00000000000041b0                nrfx_clock_lfclk_start
 .text.nrfx_clock_lfclk_irq_handler
                0x0000000000004290       0x78 modules/hal_nordic/modules/hal_nordic/nrfx/libmodules__hal_nordic__nrfx.a(nrfx_clock_lfclk.c.obj)
                0x0000000000004290                nrfx_clock_lfclk_irq_handler
 .text.nrf_gpio_cfg_default
                0x0000000000004308       0x2c modules/hal_nordic/modules/hal_nordic/nrfx/libmodules__hal_nordic__nrfx.a(nrfx_gpiote.c.obj)
 .text.get_channel_mask
                0x0000000000004334        0x8 modules/hal_nordic/modules/hal_nordic/nrfx/libmodules__hal_nordic__nrfx.a(nrfx_gpiote.c.obj)
 .text.get_config
                0x000000000000433c        0x8 modules/hal_nordic/modules/hal_nordic/nrfx/libmodules__hal_nordic__nrfx.a(nrfx_gpiote.c.obj)
 .text.tracelyzer_pre_kernel_init
                0x0000000000004344       0x38 modules/percepio/libmodules__percepio.a(trcKernelPort.c.obj)
 .text.tracealyzer_post_kernel_init
                0x000000000000437c       0x4c modules/percepio/libmodules__percepio.a(trcKernelPort.c.obj)
 .text.xTraceKernelPortInitialize
                0x00000000000043c8       0x1c modules/percepio/libmodules__percepio.a(trcKernelPort.c.obj)
                0x00000000000043c8                xTraceKernelPortInitialize
 .text.xTraceKernelPortSetTaskMonitorData
                0x00000000000043e4       0x1c modules/percepio/libmodules__percepio.a(trcKernelPort.c.obj)
                0x00000000000043e4                xTraceKernelPortSetTaskMonitorData
 .text.xTraceKernelPortGetTaskMonitorData
                0x0000000000004400       0x24 modules/percepio/libmodules__percepio.a(trcKernelPort.c.obj)
                0x0000000000004400                xTraceKernelPortGetTaskMonitorData
 .text.sys_trace_k_thread_switched_out
                0x0000000000004424       0x20 modules/percepio/libmodules__percepio.a(trcKernelPort.c.obj)
                0x0000000000004424                sys_trace_k_thread_switched_out
 .text.sys_trace_k_thread_switched_in
                0x0000000000004444       0x2c modules/percepio/libmodules__percepio.a(trcKernelPort.c.obj)
                0x0000000000004444                sys_trace_k_thread_switched_in
 .text.prvTraceAssertCreate
                0x0000000000004470       0xa4 modules/percepio/libmodules__percepio.a(trcAssert.c.obj)
                0x0000000000004470                prvTraceAssertCreate
 .text.xTraceAssertInitialize
                0x0000000000004514       0x34 modules/percepio/libmodules__percepio.a(trcAssert.c.obj)
                0x0000000000004514                xTraceAssertInitialize
 .text.xTraceAssertGet
                0x0000000000004548       0x60 modules/percepio/libmodules__percepio.a(trcAssert.c.obj)
                0x0000000000004548                xTraceAssertGet
 .text.xTraceCounterInitialize
                0x00000000000045a8       0x34 modules/percepio/libmodules__percepio.a(trcCounter.c.obj)
                0x00000000000045a8                xTraceCounterInitialize
 .text.xTraceDiagnosticsInitialize
                0x00000000000045dc       0x40 modules/percepio/libmodules__percepio.a(trcDiagnostics.c.obj)
                0x00000000000045dc                xTraceDiagnosticsInitialize
 .text.xTraceDiagnosticsAdd
                0x000000000000461c       0x48 modules/percepio/libmodules__percepio.a(trcDiagnostics.c.obj)
                0x000000000000461c                xTraceDiagnosticsAdd
 .text.xTraceDiagnosticsSetIfHigher
                0x0000000000004664       0x4c modules/percepio/libmodules__percepio.a(trcDiagnostics.c.obj)
                0x0000000000004664                xTraceDiagnosticsSetIfHigher
 .text.xTraceDiagnosticsCheckStatus
                0x00000000000046b0       0x84 modules/percepio/libmodules__percepio.a(trcDiagnostics.c.obj)
                0x00000000000046b0                xTraceDiagnosticsCheckStatus
 .text.prvEntryIndexInitialize
                0x0000000000004734       0x20 modules/percepio/libmodules__percepio.a(trcEntryTable.c.obj)
 .text.prvEntryIndexTake
                0x0000000000004754       0x2c modules/percepio/libmodules__percepio.a(trcEntryTable.c.obj)
 .text.xTraceEntryIndexTableInitialize
                0x0000000000004780       0x24 modules/percepio/libmodules__percepio.a(trcEntryTable.c.obj)
                0x0000000000004780                xTraceEntryIndexTableInitialize
 .text.xTraceEntryTableInitialize
                0x00000000000047a4       0x7c modules/percepio/libmodules__percepio.a(trcEntryTable.c.obj)
                0x00000000000047a4                xTraceEntryTableInitialize
 .text.xTraceEntryCreate
                0x0000000000004820       0xb4 modules/percepio/libmodules__percepio.a(trcEntryTable.c.obj)
                0x0000000000004820                xTraceEntryCreate
 .text.xTraceEntryDelete
                0x00000000000048d4       0xa4 modules/percepio/libmodules__percepio.a(trcEntryTable.c.obj)
                0x00000000000048d4                xTraceEntryDelete
 .text.xTraceEntryFind
                0x0000000000004978       0x74 modules/percepio/libmodules__percepio.a(trcEntryTable.c.obj)
                0x0000000000004978                xTraceEntryFind
 .text.xTraceEntrySetSymbol
                0x00000000000049ec       0x78 modules/percepio/libmodules__percepio.a(trcEntryTable.c.obj)
                0x00000000000049ec                xTraceEntrySetSymbol
 .text.xTraceEntryCreateWithAddress
                0x0000000000004a64       0x2c modules/percepio/libmodules__percepio.a(trcEntryTable.c.obj)
                0x0000000000004a64                xTraceEntryCreateWithAddress
 .text.xTraceEntrySetState
                0x0000000000004a90       0x64 modules/percepio/libmodules__percepio.a(trcEntryTable.c.obj)
                0x0000000000004a90                xTraceEntrySetState
 .text.xTraceEntrySetOptions
                0x0000000000004af4       0x54 modules/percepio/libmodules__percepio.a(trcEntryTable.c.obj)
                0x0000000000004af4                xTraceEntrySetOptions
 .text.xTraceEntryGetAddress
                0x0000000000004b48       0x60 modules/percepio/libmodules__percepio.a(trcEntryTable.c.obj)
                0x0000000000004b48                xTraceEntryGetAddress
 .text.pvTraceEntryGetAddressReturn
                0x0000000000004ba8       0x4c modules/percepio/libmodules__percepio.a(trcEntryTable.c.obj)
                0x0000000000004ba8                pvTraceEntryGetAddressReturn
 .text.xTraceEntryGetSymbol
                0x0000000000004bf4       0x60 modules/percepio/libmodules__percepio.a(trcEntryTable.c.obj)
                0x0000000000004bf4                xTraceEntryGetSymbol
 .text.xTraceEntryGetState
                0x0000000000004c54       0x78 modules/percepio/libmodules__percepio.a(trcEntryTable.c.obj)
                0x0000000000004c54                xTraceEntryGetState
 .text.prvTraceErrorGetDescription
                0x0000000000004ccc       0xcc modules/percepio/libmodules__percepio.a(trcError.c.obj)
 .text.prvTraceErrorPrint
                0x0000000000004d98       0x80 modules/percepio/libmodules__percepio.a(trcError.c.obj)
 .text.xTraceErrorInitialize
                0x0000000000004e18       0x38 modules/percepio/libmodules__percepio.a(trcError.c.obj)
                0x0000000000004e18                xTraceErrorInitialize
 .text.xTraceWarning
                0x0000000000004e50       0x44 modules/percepio/libmodules__percepio.a(trcError.c.obj)
                0x0000000000004e50                xTraceWarning
 .text.xTraceError
                0x0000000000004e94       0x5c modules/percepio/libmodules__percepio.a(trcError.c.obj)
                0x0000000000004e94                xTraceError
 .text.xTraceEventInitialize
                0x0000000000004ef0       0x40 modules/percepio/libmodules__percepio.a(trcEvent.c.obj)
                0x0000000000004ef0                xTraceEventInitialize
 .text.xTraceEventCreate0
                0x0000000000004f30       0x9c modules/percepio/libmodules__percepio.a(trcEvent.c.obj)
                0x0000000000004f30                xTraceEventCreate0
 .text.xTraceEventCreate1
                0x0000000000004fcc       0xa4 modules/percepio/libmodules__percepio.a(trcEvent.c.obj)
                0x0000000000004fcc                xTraceEventCreate1
 .text.xTraceEventCreate2
                0x0000000000005070       0xa8 modules/percepio/libmodules__percepio.a(trcEvent.c.obj)
                0x0000000000005070                xTraceEventCreate2
 .text.xTraceEventCreate3
                0x0000000000005118       0xb0 modules/percepio/libmodules__percepio.a(trcEvent.c.obj)
                0x0000000000005118                xTraceEventCreate3
 .text.xTraceEventCreate4
                0x00000000000051c8       0xb4 modules/percepio/libmodules__percepio.a(trcEvent.c.obj)
                0x00000000000051c8                xTraceEventCreate4
 .text.xTraceEventCreateDataOffline0
                0x000000000000527c       0xb0 modules/percepio/libmodules__percepio.a(trcEvent.c.obj)
                0x000000000000527c                xTraceEventCreateDataOffline0
 .text.xTraceEventCreateData1
                0x000000000000532c       0xd8 modules/percepio/libmodules__percepio.a(trcEvent.c.obj)
                0x000000000000532c                xTraceEventCreateData1
 .text.xTraceEventCreateData2
                0x0000000000005404       0xe0 modules/percepio/libmodules__percepio.a(trcEvent.c.obj)
                0x0000000000005404                xTraceEventCreateData2
 .text.xTraceEventCreateData3
                0x00000000000054e4       0xe4 modules/percepio/libmodules__percepio.a(trcEvent.c.obj)
                0x00000000000054e4                xTraceEventCreateData3
 .text.xTraceEventCreateData4
                0x00000000000055c8       0xe8 modules/percepio/libmodules__percepio.a(trcEvent.c.obj)
                0x00000000000055c8                xTraceEventCreateData4
 .text.xTraceEventCreateData5
                0x00000000000056b0       0xec modules/percepio/libmodules__percepio.a(trcEvent.c.obj)
                0x00000000000056b0                xTraceEventCreateData5
 .text.xTraceEventCreateData6
                0x000000000000579c       0xf0 modules/percepio/libmodules__percepio.a(trcEvent.c.obj)
                0x000000000000579c                xTraceEventCreateData6
 .text.xTraceEventGetSize
                0x000000000000588c       0x48 modules/percepio/libmodules__percepio.a(trcEvent.c.obj)
                0x000000000000588c                xTraceEventGetSize
 .text.prvTraceEventBufferAllocPop
                0x00000000000058d4       0x50 modules/percepio/libmodules__percepio.a(trcEventBuffer.c.obj)
 .text.xTraceEventBufferInitialize
                0x0000000000005924       0x68 modules/percepio/libmodules__percepio.a(trcEventBuffer.c.obj)
                0x0000000000005924                xTraceEventBufferInitialize
 .text.xTraceEventBufferAlloc
                0x000000000000598c      0x16c modules/percepio/libmodules__percepio.a(trcEventBuffer.c.obj)
                0x000000000000598c                xTraceEventBufferAlloc
 .text.xTraceEventBufferAllocCommit
                0x0000000000005af8       0x2c modules/percepio/libmodules__percepio.a(trcEventBuffer.c.obj)
                0x0000000000005af8                xTraceEventBufferAllocCommit
 .text.xTraceEventBufferClear
                0x0000000000005b24       0x28 modules/percepio/libmodules__percepio.a(trcEventBuffer.c.obj)
                0x0000000000005b24                xTraceEventBufferClear
 .text.xTraceExtensionInitialize
                0x0000000000005b4c       0x34 modules/percepio/libmodules__percepio.a(trcExtension.c.obj)
                0x0000000000005b4c                xTraceExtensionInitialize
 .text.xTraceExtensionCreate
                0x0000000000005b80       0xb8 modules/percepio/libmodules__percepio.a(trcExtension.c.obj)
                0x0000000000005b80                xTraceExtensionCreate
 .text.xTraceISRInitialize
                0x0000000000005c38       0x64 modules/percepio/libmodules__percepio.a(trcISR.c.obj)
                0x0000000000005c38                xTraceISRInitialize
 .text.xTraceMultiCoreEventBufferInitialize
                0x0000000000005c9c       0x68 modules/percepio/libmodules__percepio.a(trcMultiCoreEventBuffer.c.obj)
                0x0000000000005c9c                xTraceMultiCoreEventBufferInitialize
 .text.xTraceMultiCoreEventBufferAlloc
                0x0000000000005d04       0x1c modules/percepio/libmodules__percepio.a(trcMultiCoreEventBuffer.c.obj)
                0x0000000000005d04                xTraceMultiCoreEventBufferAlloc
 .text.xTraceMultiCoreEventBufferAllocCommit
                0x0000000000005d20       0x1c modules/percepio/libmodules__percepio.a(trcMultiCoreEventBuffer.c.obj)
                0x0000000000005d20                xTraceMultiCoreEventBufferAllocCommit
 .text.xTraceMultiCoreEventBufferClear
                0x0000000000005d3c       0x38 modules/percepio/libmodules__percepio.a(trcMultiCoreEventBuffer.c.obj)
                0x0000000000005d3c                xTraceMultiCoreEventBufferClear
 .text.xTraceObjectSetName
                0x0000000000005d74       0x48 modules/percepio/libmodules__percepio.a(trcObject.c.obj)
                0x0000000000005d74                xTraceObjectSetName
 .text.xTraceObjectRegisterInternal
                0x0000000000005dbc      0x148 modules/percepio/libmodules__percepio.a(trcObject.c.obj)
                0x0000000000005dbc                xTraceObjectRegisterInternal
 .text.prvTraceVPrintF
                0x0000000000005f04      0x130 modules/percepio/libmodules__percepio.a(trcPrint.c.obj)
 .text.xTracePrintInitialize
                0x0000000000006034       0x34 modules/percepio/libmodules__percepio.a(trcPrint.c.obj)
                0x0000000000006034                xTracePrintInitialize
 .text.xTracePrint
                0x0000000000006068       0x40 modules/percepio/libmodules__percepio.a(trcPrint.c.obj)
                0x0000000000006068                xTracePrint
 .text.xTraceVPrintF
                0x00000000000060a8       0x60 modules/percepio/libmodules__percepio.a(trcPrint.c.obj)
                0x00000000000060a8                xTraceVPrintF
 .text.xTraceConsoleChannelPrintF
                0x0000000000006108       0x54 modules/percepio/libmodules__percepio.a(trcPrint.c.obj)
                0x0000000000006108                xTraceConsoleChannelPrintF
 .text.xTracePrintF
                0x000000000000615c       0x30 modules/percepio/libmodules__percepio.a(trcPrint.c.obj)
                0x000000000000615c                xTracePrintF
 .text.xTraceStackMonitorInitialize
                0x000000000000618c       0x44 modules/percepio/libmodules__percepio.a(trcStackMonitor.c.obj)
                0x000000000000618c                xTraceStackMonitorInitialize
 .text.xTraceStackMonitorAdd
                0x00000000000061d0       0x88 modules/percepio/libmodules__percepio.a(trcStackMonitor.c.obj)
                0x00000000000061d0                xTraceStackMonitorAdd
 .text.xTraceStackMonitorRemove
                0x0000000000006258       0xa8 modules/percepio/libmodules__percepio.a(trcStackMonitor.c.obj)
                0x0000000000006258                xTraceStackMonitorRemove
 .text.xTraceStackMonitorReport
                0x0000000000006300       0xbc modules/percepio/libmodules__percepio.a(trcStackMonitor.c.obj)
                0x0000000000006300                xTraceStackMonitorReport
 .text.xTraceStateMachineCreate
                0x00000000000063bc       0x50 modules/percepio/libmodules__percepio.a(trcStateMachine.c.obj)
                0x00000000000063bc                xTraceStateMachineCreate
 .text.xTraceStateMachineStateCreate
                0x000000000000640c       0x5c modules/percepio/libmodules__percepio.a(trcStateMachine.c.obj)
                0x000000000000640c                xTraceStateMachineStateCreate
 .text.xTraceStateMachineSetState
                0x0000000000006468       0x68 modules/percepio/libmodules__percepio.a(trcStateMachine.c.obj)
                0x0000000000006468                xTraceStateMachineSetState
 .text.xTraceStaticBufferInitialize
                0x00000000000064d0       0x30 modules/percepio/libmodules__percepio.a(trcStaticBuffer.c.obj)
                0x00000000000064d0                xTraceStaticBufferInitialize
 .text.prvSetRecorderDisabled
                0x0000000000006500       0x2c modules/percepio/libmodules__percepio.a(trcStreamingRecorder.c.obj)
 .text.prvTraceStoreStartEvent
                0x000000000000652c       0x34 modules/percepio/libmodules__percepio.a(trcStreamingRecorder.c.obj)
 .text.prvSetRecorderEnabled
                0x0000000000006560       0x74 modules/percepio/libmodules__percepio.a(trcStreamingRecorder.c.obj)
 .text.xTraceInitialize
                0x00000000000065d4      0x158 modules/percepio/libmodules__percepio.a(trcStreamingRecorder.c.obj)
                0x00000000000065d4                xTraceInitialize
 .text.xTraceHeaderInitialize
                0x000000000000672c       0x88 modules/percepio/libmodules__percepio.a(trcStreamingRecorder.c.obj)
                0x000000000000672c                xTraceHeaderInitialize
 .text.xTraceEnable
                0x00000000000067b4       0x58 modules/percepio/libmodules__percepio.a(trcStreamingRecorder.c.obj)
                0x00000000000067b4                xTraceEnable
 .text.xTraceGetEventBuffer
                0x000000000000680c       0x28 modules/percepio/libmodules__percepio.a(trcStreamingRecorder.c.obj)
                0x000000000000680c                xTraceGetEventBuffer
 .text.xTraceTzCtrl
                0x0000000000006834       0x38 modules/percepio/libmodules__percepio.a(trcStreamingRecorder.c.obj)
                0x0000000000006834                xTraceTzCtrl
 .text.xTraceStringRegister
                0x000000000000686c       0x6c modules/percepio/libmodules__percepio.a(trcString.c.obj)
                0x000000000000686c                xTraceStringRegister
 .text.xTraceTaskInitialize
                0x00000000000068d8       0x44 modules/percepio/libmodules__percepio.a(trcTask.c.obj)
                0x00000000000068d8                xTraceTaskInitialize
 .text.xTraceTaskSwitch
                0x000000000000691c       0x6c modules/percepio/libmodules__percepio.a(trcTask.c.obj)
                0x000000000000691c                xTraceTaskSwitch
 .text.xTraceTimestampInitialize
                0x0000000000006988       0x48 modules/percepio/libmodules__percepio.a(trcTimestamp.c.obj)
                0x0000000000006988                xTraceTimestampInitialize
 .text.xTraceTimestampGet
                0x00000000000069d0       0xa4 modules/percepio/libmodules__percepio.a(trcTimestamp.c.obj)
                0x00000000000069d0                xTraceTimestampGet
 .text.xTraceTimestampGetWraparounds
                0x0000000000006a74       0x40 modules/percepio/libmodules__percepio.a(trcTimestamp.c.obj)
                0x0000000000006a74                xTraceTimestampGetWraparounds
 .text.xTraceTimestampSetFrequency
                0x0000000000006ab4       0x30 modules/percepio/libmodules__percepio.a(trcTimestamp.c.obj)
                0x0000000000006ab4                xTraceTimestampSetFrequency
 .text.xTraceTimestampSetPeriod
                0x0000000000006ae4       0x30 modules/percepio/libmodules__percepio.a(trcTimestamp.c.obj)
                0x0000000000006ae4                xTraceTimestampSetPeriod
 .text.xTraceTimestampGetFrequency
                0x0000000000006b14       0x40 modules/percepio/libmodules__percepio.a(trcTimestamp.c.obj)
                0x0000000000006b14                xTraceTimestampGetFrequency
 .text.xTraceTimestampGetPeriod
                0x0000000000006b54       0x40 modules/percepio/libmodules__percepio.a(trcTimestamp.c.obj)
                0x0000000000006b54                xTraceTimestampGetPeriod
 .text.xTraceTaskMonitorInitialize
                0x0000000000006b94       0x98 modules/percepio/libmodules__percepio.a(trcTaskMonitor.c.obj)
                0x0000000000006b94                xTraceTaskMonitorInitialize
 .text.xTraceTaskMonitorSetCallback
                0x0000000000006c2c       0x34 modules/percepio/libmodules__percepio.a(trcTaskMonitor.c.obj)
                0x0000000000006c2c                xTraceTaskMonitorSetCallback
 .text.xTraceTaskMonitorUnregister
                0x0000000000006c60       0x8c modules/percepio/libmodules__percepio.a(trcTaskMonitor.c.obj)
                0x0000000000006c60                xTraceTaskMonitorUnregister
 .text.xTraceTaskMonitorGetEmptySlot
                0x0000000000006cec       0x68 modules/percepio/libmodules__percepio.a(trcTaskMonitor.c.obj)
                0x0000000000006cec                xTraceTaskMonitorGetEmptySlot
 .text.xTraceTaskMonitorRegister
                0x0000000000006d54       0xac modules/percepio/libmodules__percepio.a(trcTaskMonitor.c.obj)
                0x0000000000006d54                xTraceTaskMonitorRegister
 .text.xTraceTaskMonitorSwitchOut
                0x0000000000006e00       0x84 modules/percepio/libmodules__percepio.a(trcTaskMonitor.c.obj)
                0x0000000000006e00                xTraceTaskMonitorSwitchOut
 .text.xTraceTaskMonitorPollReset
                0x0000000000006e84       0x88 modules/percepio/libmodules__percepio.a(trcTaskMonitor.c.obj)
                0x0000000000006e84                xTraceTaskMonitorPollReset
 .text.xTraceTaskMonitorPoll
                0x0000000000006f0c      0x260 modules/percepio/libmodules__percepio.a(trcTaskMonitor.c.obj)
                0x0000000000006f0c                xTraceTaskMonitorPoll
 .text.xTraceTaskMonitorPrint
                0x000000000000716c       0xdc modules/percepio/libmodules__percepio.a(trcTaskMonitor.c.obj)
                0x000000000000716c                xTraceTaskMonitorPrint
 .text.xTraceStreamPortInitialize
                0x0000000000007248       0xd8 modules/percepio/libmodules__percepio.a(trcStreamPort.c.obj)
                0x0000000000007248                xTraceStreamPortInitialize
 .text.xTraceStreamPortOnTraceBegin
                0x0000000000007320       0x10 modules/percepio/libmodules__percepio.a(trcStreamPort.c.obj)
                0x0000000000007320                xTraceStreamPortOnTraceBegin
 .text.prvDefaultGetDeviceName
                0x0000000000007330       0x1c modules/percepio/libmodules__percepio.a(dfm.c.obj)
                0x0000000000007330                prvDefaultGetDeviceName
 .text.prvDefaultSessionID
                0x000000000000734c       0x1c modules/percepio/libmodules__percepio.a(dfm.c.obj)
                0x000000000000734c                prvDefaultSessionID
 .text.xDfmInitialize
                0x0000000000007368      0x11c modules/percepio/libmodules__percepio.a(dfm.c.obj)
                0x0000000000007368                xDfmInitialize
 .text.xDfmInitializeForLocalUse
                0x0000000000007484       0x14 modules/percepio/libmodules__percepio.a(dfm.c.obj)
                0x0000000000007484                xDfmInitializeForLocalUse
 .text.ulDfmIsInitialized
                0x0000000000007498        0xc modules/percepio/libmodules__percepio.a(dfm.c.obj)
                0x0000000000007498                ulDfmIsInitialized
 .text.prvDfmAlertReset
                0x00000000000074a4       0x58 modules/percepio/libmodules__percepio.a(dfmAlert.c.obj)
 .text.prvDfmAlertInitialize
                0x00000000000074fc       0xc0 modules/percepio/libmodules__percepio.a(dfmAlert.c.obj)
 .text.prvDfmProcessAlert
                0x00000000000075bc      0x110 modules/percepio/libmodules__percepio.a(dfmAlert.c.obj)
 .text.xDfmAlertInitialize
                0x00000000000076cc       0x3c modules/percepio/libmodules__percepio.a(dfmAlert.c.obj)
                0x00000000000076cc                xDfmAlertInitialize
 .text.xDfmAlertBegin
                0x0000000000007708       0x74 modules/percepio/libmodules__percepio.a(dfmAlert.c.obj)
                0x0000000000007708                xDfmAlertBegin
 .text.xDfmAlertAddSymptom
                0x000000000000777c       0x5c modules/percepio/libmodules__percepio.a(dfmAlert.c.obj)
                0x000000000000777c                xDfmAlertAddSymptom
 .text.xDfmAlertAddPayload
                0x00000000000077d8       0x98 modules/percepio/libmodules__percepio.a(dfmAlert.c.obj)
                0x00000000000077d8                xDfmAlertAddPayload
 .text.xDfmAlertGetDescription
                0x0000000000007870       0x3c modules/percepio/libmodules__percepio.a(dfmAlert.c.obj)
                0x0000000000007870                xDfmAlertGetDescription
 .text.xDfmAlertEndCustom
                0x00000000000078ac       0x84 modules/percepio/libmodules__percepio.a(dfmAlert.c.obj)
                0x00000000000078ac                xDfmAlertEndCustom
 .text.xDfmCloudInitialize
                0x0000000000007930       0x24 modules/percepio/libmodules__percepio.a(dfmCloud.c.obj)
                0x0000000000007930                xDfmCloudInitialize
 .text.xDfmCloudSendAlert
                0x0000000000007954       0x54 modules/percepio/libmodules__percepio.a(dfmCloud.c.obj)
                0x0000000000007954                xDfmCloudSendAlert
 .text.xDfmCloudSendPayloadChunk
                0x00000000000079a8       0x54 modules/percepio/libmodules__percepio.a(dfmCloud.c.obj)
                0x00000000000079a8                xDfmCloudSendPayloadChunk
 .text.prvDfmEntrySetup
                0x00000000000079fc      0x14c modules/percepio/libmodules__percepio.a(dfmEntry.c.obj)
 .text.xDfmEntryInitialize
                0x0000000000007b48       0x3c modules/percepio/libmodules__percepio.a(dfmEntry.c.obj)
                0x0000000000007b48                xDfmEntryInitialize
 .text.xDfmEntryCreateAlert
                0x0000000000007b84       0x5c modules/percepio/libmodules__percepio.a(dfmEntry.c.obj)
                0x0000000000007b84                xDfmEntryCreateAlert
 .text.xDfmEntryCreatePayloadHeader
                0x0000000000007be0       0xe4 modules/percepio/libmodules__percepio.a(dfmEntry.c.obj)
                0x0000000000007be0                xDfmEntryCreatePayloadHeader
 .text.xDfmEntryCreatePayloadChunk
                0x0000000000007cc4       0x48 modules/percepio/libmodules__percepio.a(dfmEntry.c.obj)
                0x0000000000007cc4                xDfmEntryCreatePayloadChunk
 .text.xDfmEntryGetSize
                0x0000000000007d0c       0x38 modules/percepio/libmodules__percepio.a(dfmEntry.c.obj)
                0x0000000000007d0c                xDfmEntryGetSize
 .text.xDfmSessionInitialize
                0x0000000000007d44       0x54 modules/percepio/libmodules__percepio.a(dfmSession.c.obj)
                0x0000000000007d44                xDfmSessionInitialize
 .text.ulDfmSessionIsEnabled
                0x0000000000007d98       0x34 modules/percepio/libmodules__percepio.a(dfmSession.c.obj)
                0x0000000000007d98                ulDfmSessionIsEnabled
 .text.xDfmSessionGetUniqueSessionId
                0x0000000000007dcc       0x80 modules/percepio/libmodules__percepio.a(dfmSession.c.obj)
                0x0000000000007dcc                xDfmSessionGetUniqueSessionId
 .text.xDfmSessionGetDeviceName
                0x0000000000007e4c       0x74 modules/percepio/libmodules__percepio.a(dfmSession.c.obj)
                0x0000000000007e4c                xDfmSessionGetDeviceName
 .text.xDfmSessionGenerateNewAlertId
                0x0000000000007ec0       0x24 modules/percepio/libmodules__percepio.a(dfmSession.c.obj)
                0x0000000000007ec0                xDfmSessionGenerateNewAlertId
 .text.xDfmSessionGetAlertCount
                0x0000000000007ee4       0x18 modules/percepio/libmodules__percepio.a(dfmSession.c.obj)
                0x0000000000007ee4                xDfmSessionGetAlertCount
 .text.xDfmSessionGetNewAlerts
                0x0000000000007efc       0x28 modules/percepio/libmodules__percepio.a(dfmSession.c.obj)
                0x0000000000007efc                xDfmSessionGetNewAlerts
 .text.xDfmSessionGetAlertId
                0x0000000000007f24       0x28 modules/percepio/libmodules__percepio.a(dfmSession.c.obj)
                0x0000000000007f24                xDfmSessionGetAlertId
 .text.xDfmSessionSetStatus
                0x0000000000007f4c       0x28 modules/percepio/libmodules__percepio.a(dfmSession.c.obj)
                0x0000000000007f4c                xDfmSessionSetStatus
 .text.xDfmSessionGetCloudStrategy
                0x0000000000007f74       0x24 modules/percepio/libmodules__percepio.a(dfmSession.c.obj)
                0x0000000000007f74                xDfmSessionGetCloudStrategy
 .text.xDfmSessionGetStorageStrategy
                0x0000000000007f98       0x24 modules/percepio/libmodules__percepio.a(dfmSession.c.obj)
                0x0000000000007f98                xDfmSessionGetStorageStrategy
 .text.xDfmSessionEnable
                0x0000000000007fbc       0xb8 modules/percepio/libmodules__percepio.a(dfmSession.c.obj)
                0x0000000000007fbc                xDfmSessionEnable
 .text.xDfmStorageInitialize
                0x0000000000008074       0x28 modules/percepio/libmodules__percepio.a(dfmStorage.c.obj)
                0x0000000000008074                xDfmStorageInitialize
 .text.xDfmStorageStoreSession
                0x000000000000809c       0x3c modules/percepio/libmodules__percepio.a(dfmStorage.c.obj)
                0x000000000000809c                xDfmStorageStoreSession
 .text.xDfmStorageGetSession
                0x00000000000080d8       0x3c modules/percepio/libmodules__percepio.a(dfmStorage.c.obj)
                0x00000000000080d8                xDfmStorageGetSession
 .text.xDfmStorageStoreAlert
                0x0000000000008114       0x60 modules/percepio/libmodules__percepio.a(dfmStorage.c.obj)
                0x0000000000008114                xDfmStorageStoreAlert
 .text.xDfmStorageStorePayloadChunk
                0x0000000000008174       0x60 modules/percepio/libmodules__percepio.a(dfmStorage.c.obj)
                0x0000000000008174                xDfmStorageStorePayloadChunk
 .text.xDfmStopwatchCreate
                0x00000000000081d4       0x5c modules/percepio/libmodules__percepio.a(dfmStopwatch.c.obj)
                0x00000000000081d4                xDfmStopwatchCreate
 .text.vDfmStopwatchBegin
                0x0000000000008230       0x10 modules/percepio/libmodules__percepio.a(dfmStopwatch.c.obj)
                0x0000000000008230                vDfmStopwatchBegin
 .text.prvStopwatchPrint
                0x0000000000008240       0x4c modules/percepio/libmodules__percepio.a(dfmStopwatch.c.obj)
                0x0000000000008240                prvStopwatchPrint
 .text.prvDfmPrintHeader
                0x000000000000828c       0x38 modules/percepio/libmodules__percepio.a(dfmStopwatch.c.obj)
                0x000000000000828c                prvDfmPrintHeader
 .text.vDfmStopwatchPrintAll
                0x00000000000082c4       0x3c modules/percepio/libmodules__percepio.a(dfmStopwatch.c.obj)
                0x00000000000082c4                vDfmStopwatchPrintAll
 .text.vDfmStopwatchClearAll
                0x0000000000008300       0x40 modules/percepio/libmodules__percepio.a(dfmStopwatch.c.obj)
                0x0000000000008300                vDfmStopwatchClearAll
 .text.prvDfmStopwatchAlert
                0x0000000000008340       0x90 modules/percepio/libmodules__percepio.a(dfmStopwatch.c.obj)
                0x0000000000008340                prvDfmStopwatchAlert
 .text.vDfmStopwatchEnd
                0x00000000000083d0       0x60 modules/percepio/libmodules__percepio.a(dfmStopwatch.c.obj)
                0x00000000000083d0                vDfmStopwatchEnd
 .text.prvOnTaskAnomaly
                0x0000000000008430       0xd8 modules/percepio/libmodules__percepio.a(dfmTaskMonitor.c.obj)
 .text.xDfmTaskMonitorInit
                0x0000000000008508       0x10 modules/percepio/libmodules__percepio.a(dfmTaskMonitor.c.obj)
                0x0000000000008508                xDfmTaskMonitorInit
 .text.xDfmCoredumpBackendStart
                0x0000000000008518       0x24 modules/percepio/libmodules__percepio.a(dfmKernelPort.c.obj)
 .text.xDfmCoredumpBackendBufferOutput
                0x000000000000853c       0x88 modules/percepio/libmodules__percepio.a(dfmKernelPort.c.obj)
 .text.xDfmKernelPortInitialize
                0x00000000000085c4       0x14 modules/percepio/libmodules__percepio.a(dfmKernelPort.c.obj)
                0x00000000000085c4                xDfmKernelPortInitialize
 .text.xDfmAlertAddCoredump
                0x00000000000085d8       0xbc modules/percepio/libmodules__percepio.a(dfmKernelPort.c.obj)
                0x00000000000085d8                xDfmAlertAddCoredump
 .text.xDfmAlertAddTrace
                0x0000000000008694       0x58 modules/percepio/libmodules__percepio.a(dfmKernelPort.c.obj)
                0x0000000000008694                xDfmAlertAddTrace
 .text.xDfmCoredumpBackendEnd
                0x00000000000086ec       0x50 modules/percepio/libmodules__percepio.a(dfmKernelPort.c.obj)
 .text.prvPrintDataAsHex
                0x000000000000873c       0x98 modules/percepio/libmodules__percepio.a(dfmCloudPort.c.obj)
 .text.prvSerialPortUploadEntry
                0x00000000000087d4       0x58 modules/percepio/libmodules__percepio.a(dfmCloudPort.c.obj)
 .text.xDfmCloudPortInitialize
                0x000000000000882c        0xc modules/percepio/libmodules__percepio.a(dfmCloudPort.c.obj)
                0x000000000000882c                xDfmCloudPortInitialize
 .text.z_fatal_error
                0x0000000000008838       0x3c zephyr/kernel/libkernel.a(fatal.c.obj)
                0x0000000000008838                z_fatal_error
 .text.init_idle_thread
                0x0000000000008874       0x60 zephyr/kernel/libkernel.a(init.c.obj)
 .text.z_sys_init_run_level
                0x00000000000088d4       0x38 zephyr/kernel/libkernel.a(init.c.obj)
 .text.thread_schedule_new
                0x000000000000890c       0x1c zephyr/kernel/libkernel.a(init.c.obj)
 .text.z_init_static_threads
                0x0000000000008928       0x70 zephyr/kernel/libkernel.a(init.c.obj)
 .text.bg_thread_main
                0x0000000000008998       0x34 zephyr/kernel/libkernel.a(init.c.obj)
 .text.switch_to_main_thread
                0x00000000000089cc       0x14 zephyr/kernel/libkernel.a(init.c.obj)
 .text.z_init_cpu
                0x00000000000089e0       0x44 zephyr/kernel/libkernel.a(init.c.obj)
                0x00000000000089e0                z_init_cpu
 .text.prepare_multithreading
                0x0000000000008a24       0x60 zephyr/kernel/libkernel.a(init.c.obj)
 .text.z_cstart
                0x0000000000008a84       0x78 zephyr/kernel/libkernel.a(init.c.obj)
                0x0000000000008a84                z_cstart
 .text.put_msg_in_queue
                0x0000000000008afc      0x180 zephyr/kernel/libkernel.a(msg_q.c.obj)
 .text.z_impl_k_msgq_get
                0x0000000000008c7c      0x164 zephyr/kernel/libkernel.a(msg_q.c.obj)
                0x0000000000008c7c                z_impl_k_msgq_get
 .text.z_impl_k_mutex_lock
                0x0000000000008de0      0x144 zephyr/kernel/libkernel.a(mutex.c.obj)
                0x0000000000008de0                z_impl_k_mutex_lock
 .text.z_impl_k_mutex_unlock
                0x0000000000008f24       0xcc zephyr/kernel/libkernel.a(mutex.c.obj)
                0x0000000000008f24                z_impl_k_mutex_unlock
 .text.z_impl_k_sem_give
                0x0000000000008ff0       0x8c zephyr/kernel/libkernel.a(sem.c.obj)
                0x0000000000008ff0                z_impl_k_sem_give
 .text.z_impl_k_sem_take
                0x000000000000907c       0x74 zephyr/kernel/libkernel.a(sem.c.obj)
                0x000000000000907c                z_impl_k_sem_take
 .text.thread_schedule_new
                0x00000000000090f0       0x1c zephyr/kernel/libkernel.a(thread.c.obj)
 .text.z_impl_k_thread_name_set
                0x000000000000910c       0x2c zephyr/kernel/libkernel.a(thread.c.obj)
                0x000000000000910c                z_impl_k_thread_name_set
 .text.z_setup_new_thread
                0x0000000000009138       0xc8 zephyr/kernel/libkernel.a(thread.c.obj)
                0x0000000000009138                z_setup_new_thread
 .text.z_thread_mark_switched_out
                0x0000000000009200       0x1c zephyr/kernel/libkernel.a(thread.c.obj)
                0x0000000000009200                z_thread_mark_switched_out
 .text.z_dummy_thread_init
                0x000000000000921c       0x20 zephyr/kernel/libkernel.a(thread.c.obj)
                0x000000000000921c                z_dummy_thread_init
 .text.z_swap_irqlock
                0x000000000000923c       0x34 zephyr/kernel/libkernel.a(sched.c.obj)
 .text.unready_thread
                0x0000000000009270       0x68 zephyr/kernel/libkernel.a(sched.c.obj)
 .text.ready_thread
                0x00000000000092d8       0xc0 zephyr/kernel/libkernel.a(sched.c.obj)
 .text.thread_halt_spin
                0x0000000000009398      0x120 zephyr/kernel/libkernel.a(sched.c.obj)
 .text.add_thread_timeout
                0x00000000000094b8       0x20 zephyr/kernel/libkernel.a(sched.c.obj)
 .text.move_thread_to_end_of_prio_q
                0x00000000000094d8       0xc8 zephyr/kernel/libkernel.a(sched.c.obj)
                0x00000000000094d8                move_thread_to_end_of_prio_q
 .text.z_pend_curr
                0x00000000000095a0       0x38 zephyr/kernel/libkernel.a(sched.c.obj)
                0x00000000000095a0                z_pend_curr
 .text.z_thread_prio_set
                0x00000000000095d8      0x154 zephyr/kernel/libkernel.a(sched.c.obj)
                0x00000000000095d8                z_thread_prio_set
 .text.z_reschedule
                0x000000000000972c       0x2c zephyr/kernel/libkernel.a(sched.c.obj)
                0x000000000000972c                z_reschedule
 .text.z_reschedule_irqlock
                0x0000000000009758       0x2c zephyr/kernel/libkernel.a(sched.c.obj)
                0x0000000000009758                z_reschedule_irqlock
 .text.k_sched_lock
                0x0000000000009784       0x38 zephyr/kernel/libkernel.a(sched.c.obj)
                0x0000000000009784                k_sched_lock
 .text.k_sched_unlock
                0x00000000000097bc       0x74 zephyr/kernel/libkernel.a(sched.c.obj)
                0x00000000000097bc                k_sched_unlock
 .text.z_sched_init
                0x0000000000009830       0x10 zephyr/kernel/libkernel.a(sched.c.obj)
                0x0000000000009830                z_sched_init
 .text.z_impl_k_yield
                0x0000000000009840       0xa4 zephyr/kernel/libkernel.a(sched.c.obj)
                0x0000000000009840                z_impl_k_yield
 .text.z_tick_sleep
                0x00000000000098e4       0x7c zephyr/kernel/libkernel.a(sched.c.obj)
 .text.z_impl_k_wakeup
                0x0000000000009960       0x4c zephyr/kernel/libkernel.a(sched.c.obj)
                0x0000000000009960                z_impl_k_wakeup
 .text.z_impl_k_sched_current_thread_query
                0x00000000000099ac        0xc zephyr/kernel/libkernel.a(sched.c.obj)
                0x00000000000099ac                z_impl_k_sched_current_thread_query
 .text.z_thread_abort
                0x00000000000099b8      0x170 zephyr/kernel/libkernel.a(sched.c.obj)
                0x00000000000099b8                z_thread_abort
 .text.slice_timeout
                0x0000000000009b28       0x20 zephyr/kernel/libkernel.a(timeslicing.c.obj)
 .text.thread_is_sliceable
                0x0000000000009b48       0x4c zephyr/kernel/libkernel.a(timeslicing.c.obj)
                0x0000000000009b48                thread_is_sliceable
 .text.z_reset_time_slice
                0x0000000000009b94       0x50 zephyr/kernel/libkernel.a(timeslicing.c.obj)
                0x0000000000009b94                z_reset_time_slice
 .text.k_sched_time_slice_set
                0x0000000000009be4       0x64 zephyr/kernel/libkernel.a(timeslicing.c.obj)
                0x0000000000009be4                k_sched_time_slice_set
 .text.z_time_slice
                0x0000000000009c48       0x70 zephyr/kernel/libkernel.a(timeslicing.c.obj)
                0x0000000000009c48                z_time_slice
 .text.z_thread_monitor_exit
                0x0000000000009cb8       0x3c zephyr/kernel/libkernel.a(thread_monitor.c.obj)
                0x0000000000009cb8                z_thread_monitor_exit
 .text.first    0x0000000000009cf4       0x14 zephyr/kernel/libkernel.a(timeout.c.obj)
 .text.next     0x0000000000009d08       0x18 zephyr/kernel/libkernel.a(timeout.c.obj)
 .text.elapsed  0x0000000000009d20       0x18 zephyr/kernel/libkernel.a(timeout.c.obj)
 .text.z_add_timeout
                0x0000000000009d38      0x134 zephyr/kernel/libkernel.a(timeout.c.obj)
                0x0000000000009d38                z_add_timeout
 .text.sys_clock_announce
                0x0000000000009e6c       0xc4 zephyr/kernel/libkernel.a(timeout.c.obj)
                0x0000000000009e6c                sys_clock_announce
 .text.sys_clock_tick_get
                0x0000000000009f30       0x40 zephyr/kernel/libkernel.a(timeout.c.obj)
                0x0000000000009f30                sys_clock_tick_get
 .text.statics_init
                0x0000000000009f70       0x24 zephyr/kernel/libkernel.a(kheap.c.obj)
 .text.random   0x0000000000009f94       0x38 /home/johan/ncs/toolchains/43683a87ea/opt/zephyr-sdk/arm-zephyr-eabi/bin/../lib/gcc/../../picolibc/arm-zephyr-eabi/lib/thumb/v7e-m/nofp/libc.a(libc_stdlib_random.c.o)
                0x0000000000009f94                random
 .text.snprintf
                0x0000000000009fcc       0x58 /home/johan/ncs/toolchains/43683a87ea/opt/zephyr-sdk/arm-zephyr-eabi/bin/../lib/gcc/../../picolibc/arm-zephyr-eabi/lib/thumb/v7e-m/nofp/libc.a(libc_tinystdio_snprintf.c.o)
                0x0000000000009fcc                snprintf
 .text.__l_vfprintf
                0x000000000000a024      0x4b8 /home/johan/ncs/toolchains/43683a87ea/opt/zephyr-sdk/arm-zephyr-eabi/bin/../lib/gcc/../../picolibc/arm-zephyr-eabi/lib/thumb/v7e-m/nofp/libc.a(libc_tinystdio_vflprintf.c.o)
                0x000000000000a024                __l_vfprintf
 .text.sin      0x000000000000a4dc       0x8c /home/johan/ncs/toolchains/43683a87ea/opt/zephyr-sdk/arm-zephyr-eabi/bin/../lib/gcc/../../picolibc/arm-zephyr-eabi/lib/thumb/v7e-m/nofp/libc.a(libm_math_s_sin.c.o)
                0x000000000000a4dc                sinl
                0x000000000000a4dc                sin
                0x000000000000a4dc                _sin
 .text.__math_invalid
                0x000000000000a568       0x10 /home/johan/ncs/toolchains/43683a87ea/opt/zephyr-sdk/arm-zephyr-eabi/bin/../lib/gcc/../../picolibc/arm-zephyr-eabi/lib/thumb/v7e-m/nofp/libc.a(libm_common_math_err_invalid.c.o)
                0x000000000000a568                __math_invalid
 .text.__fpclassifyd
                0x000000000000a578       0x48 /home/johan/ncs/toolchains/43683a87ea/opt/zephyr-sdk/arm-zephyr-eabi/bin/../lib/gcc/../../picolibc/arm-zephyr-eabi/lib/thumb/v7e-m/nofp/libc.a(libm_common_s_fpclassify.c.o)
                0x000000000000a578                __fpclassifyl
                0x000000000000a578                __fpclassifyd
 .text.__kernel_rem_pio2
                0x000000000000a5c0      0x660 /home/johan/ncs/toolchains/43683a87ea/opt/zephyr-sdk/arm-zephyr-eabi/bin/../lib/gcc/../../picolibc/arm-zephyr-eabi/lib/thumb/v7e-m/nofp/libc.a(libm_math_k_rem_pio2.c.o)
                0x000000000000a5c0                __kernel_rem_pio2
 .text.scalbn   0x000000000000ac20       0xb8 /home/johan/ncs/toolchains/43683a87ea/opt/zephyr-sdk/arm-zephyr-eabi/bin/../lib/gcc/../../picolibc/arm-zephyr-eabi/lib/thumb/v7e-m/nofp/libc.a(libm_common_s_scalbn.c.o)
                0x000000000000ac20                ldexp
                0x000000000000ac20                scalbnl
                0x000000000000ac20                scalbn
                0x000000000000ac20                ldexpl
 .text.__math_oflow
                0x000000000000acd8       0x18 /home/johan/ncs/toolchains/43683a87ea/opt/zephyr-sdk/arm-zephyr-eabi/bin/../lib/gcc/../../picolibc/arm-zephyr-eabi/lib/thumb/v7e-m/nofp/libc.a(libm_common_math_err_oflow.c.o)
                0x000000000000acd8                __math_oflow
 .text.floor    0x000000000000acf0       0xac /home/johan/ncs/toolchains/43683a87ea/opt/zephyr-sdk/arm-zephyr-eabi/bin/../lib/gcc/../../picolibc/arm-zephyr-eabi/lib/thumb/v7e-m/nofp/libc.a(libm_machine_arm_s_floor.c.o)
                0x000000000000acf0                floor
                0x000000000000acf0                floorl
 .text._OffsetAbsSyms
                0x000000000000ad9c        0x2 zephyr/CMakeFiles/offsets.dir/./arch/arm/core/offsets/offsets.c.obj
                0x000000000000ad9c                _OffsetAbsSyms
 .text.main     0x000000000000ad9e       0x14 app/libapp.a(main.c.obj)
                0x000000000000ad9e                main
 .text.OS_mutex_take_ms
                0x000000000000adb2       0x40 app/libapp.a(01_tracerecorder_kernel_tracing.c.obj)
 .text.dummy_exectime
                0x000000000000adf2       0x2e app/libapp.a(01_tracerecorder_kernel_tracing.c.obj)
 .text.k_uptime_get_32
                0x000000000000ae20       0x34 app/libapp.a(01_tracerecorder_kernel_tracing.c.obj)
 .text.OS_queue_send_ms
                0x000000000000ae54       0x3e app/libapp.a(01_tracerecorder_kernel_tracing.c.obj)
 .text.OS_queue_recv_ms
                0x000000000000ae92       0x3e app/libapp.a(01_tracerecorder_kernel_tracing.c.obj)
 .text.OS_delay_until_ms
                0x000000000000aed0       0x54 app/libapp.a(01_tracerecorder_kernel_tracing.c.obj)
 .text.adjust_divisor
                0x000000000000af24        0x8 app/libapp.a(10_dfm_crash_alert.c.obj)
                0x000000000000af24                adjust_divisor
 .text.transform_sensor_value
                0x000000000000af2c       0x16 app/libapp.a(10_dfm_crash_alert.c.obj)
                0x000000000000af2c                transform_sensor_value
 .text.functionX
                0x000000000000af42       0x14 app/libapp.a(11_dfm_custom_alert.c.obj)
                0x000000000000af42                functionX
 .text.vSporadicTask
                0x000000000000af56        0xc app/libapp.a(13_dfm_stopwatch_alert.c.obj)
                0x000000000000af56                vSporadicTask
 .text.set_chunk_used
                0x000000000000af62       0x38 zephyr/libzephyr.a(heap.c.obj)
 .text.free_list_add_bidx
                0x000000000000af9a       0xa4 zephyr/libzephyr.a(heap.c.obj)
 .text.free_list_add
                0x000000000000b03e       0x52 zephyr/libzephyr.a(heap.c.obj)
 .text.sys_heap_init
                0x000000000000b090       0xfc zephyr/libzephyr.a(heap.c.obj)
                0x000000000000b090                sys_heap_init
 .text.arch_printk_char_out
                0x000000000000b18c        0x4 zephyr/libzephyr.a(printk.c.obj)
                0x000000000000b18c                arch_printk_char_out
 .text.printk   0x000000000000b190       0x1c zephyr/libzephyr.a(printk.c.obj)
                0x000000000000b190                printk
 .text.set_state
                0x000000000000b1ac       0x10 zephyr/libzephyr.a(onoff.c.obj)
 .text.notify_monitors
                0x000000000000b1bc       0x44 zephyr/libzephyr.a(onoff.c.obj)
 .text.process_recheck
                0x000000000000b200       0x32 zephyr/libzephyr.a(onoff.c.obj)
 .text.process_complete
                0x000000000000b232       0xa2 zephyr/libzephyr.a(onoff.c.obj)
 .text.validate_args
                0x000000000000b2d4       0x2a zephyr/libzephyr.a(onoff.c.obj)
 .text.notify_one
                0x000000000000b2fe       0x26 zephyr/libzephyr.a(onoff.c.obj)
 .text.notify_all
                0x000000000000b324       0x2e zephyr/libzephyr.a(onoff.c.obj)
 .text.transition_complete
                0x000000000000b352       0x1c zephyr/libzephyr.a(onoff.c.obj)
 .text.onoff_manager_init
                0x000000000000b36e       0x3a zephyr/libzephyr.a(onoff.c.obj)
                0x000000000000b36e                onoff_manager_init
 .text.onoff_request
                0x000000000000b3a8       0xbe zephyr/libzephyr.a(onoff.c.obj)
                0x000000000000b3a8                onoff_request
 .text.sys_notify_validate
                0x000000000000b466       0x2e zephyr/libzephyr.a(notify.c.obj)
                0x000000000000b466                sys_notify_validate
 .text.sys_notify_finalize
                0x000000000000b494       0x1a zephyr/libzephyr.a(notify.c.obj)
                0x000000000000b494                sys_notify_finalize
 .text._ConfigAbsSyms
                0x000000000000b4ae        0x2 zephyr/libzephyr.a(configs.c.obj)
                0x000000000000b4ae                _ConfigAbsSyms
 .text.sys_trace_idle_exit
                0x000000000000b4b0        0x2 zephyr/libzephyr.a(tracing_none.c.obj)
                0x000000000000b4b0                sys_trace_idle_exit
 .text.arch_early_memset
                0x000000000000b4b2        0x8 zephyr/arch/common/libarch__common.a(init.c.obj)
                0x000000000000b4b2                arch_early_memset
 .text.arch_early_memcpy
                0x000000000000b4ba        0x8 zephyr/arch/common/libarch__common.a(init.c.obj)
                0x000000000000b4ba                arch_early_memcpy
 .text.z_arm_nmi
                0x000000000000b4c2        0xc zephyr/arch/arch/arm/core/libarch__arm__core.a(nmi.c.obj)
                0x000000000000b4c2                z_arm_nmi
 .text.memory_fault_recoverable
                0x000000000000b4ce        0x4 zephyr/arch/arch/arm/core/cortex_m/libarch__arm__core__cortex_m.a(fault.c.obj)
 .text.fault_handle
                0x000000000000b4d2       0x4a zephyr/arch/arch/arm/core/cortex_m/libarch__arm__core__cortex_m.a(fault.c.obj)
 .text.arm_irq_enable
                0x000000000000b51c        0xa zephyr/arch/arch/arm/core/cortex_m/libarch__arm__core__cortex_m.a(irq_manage.c.obj)
                0x000000000000b51c                arm_irq_enable
 .text.arm_irq_disable
                0x000000000000b526        0xa zephyr/arch/arch/arm/core/cortex_m/libarch__arm__core__cortex_m.a(irq_manage.c.obj)
                0x000000000000b526                arm_irq_disable
 .text.arm_irq_priority_set
                0x000000000000b530        0xc zephyr/arch/arch/arm/core/cortex_m/libarch__arm__core__cortex_m.a(irq_manage.c.obj)
                0x000000000000b530                arm_irq_priority_set
 .text.z_irq_spurious
                0x000000000000b53c        0xc zephyr/arch/arch/arm/core/cortex_m/libarch__arm__core__cortex_m.a(irq_manage.c.obj)
                0x000000000000b53c                z_irq_spurious
 .text.arch_coprocessors_disable
                0x000000000000b548        0x6 zephyr/arch/arch/arm/core/cortex_m/libarch__arm__core__cortex_m.a(thread.c.obj)
                0x000000000000b548                arch_coprocessors_disable
 .text.arch_irq_unlock_outlined
                0x000000000000b54e        0xe zephyr/arch/arch/arm/core/cortex_m/libarch__arm__core__cortex_m.a(thread.c.obj)
                0x000000000000b54e                arch_irq_unlock_outlined
 .text.arch_cpu_idle
                0x000000000000b55c       0x24 zephyr/arch/arch/arm/core/cortex_m/libarch__arm__core__cortex_m.a(cpu_idle.c.obj)
                0x000000000000b55c                arch_cpu_idle
 .text.arch_cpu_atomic_idle
                0x000000000000b580       0x2a zephyr/arch/arch/arm/core/cortex_m/libarch__arm__core__cortex_m.a(cpu_idle.c.obj)
                0x000000000000b580                arch_cpu_atomic_idle
 .text.arch_coredump_tgt_code_get
                0x000000000000b5aa        0x4 zephyr/arch/arch/arm/core/cortex_m/libarch__arm__core__cortex_m.a(coredump.c.obj)
                0x000000000000b5aa                arch_coredump_tgt_code_get
 .text.mpu_partition_is_valid
                0x000000000000b5ae       0x22 zephyr/arch/arch/arm/core/mpu/libarch__arm__core__mpu.a(arm_mpu.c.obj)
 .text.mpu_configure_region
                0x000000000000b5d0       0x3e zephyr/arch/arch/arm/core/mpu/libarch__arm__core__mpu.a(arm_mpu.c.obj)
 .text.mpu_configure_regions
                0x000000000000b60e       0x50 zephyr/arch/arch/arm/core/mpu/libarch__arm__core__mpu.a(arm_mpu.c.obj)
 .text.mpu_configure_regions_from_dt
                0x000000000000b65e      0x1b0 zephyr/arch/arch/arm/core/mpu/libarch__arm__core__mpu.a(arm_mpu.c.obj)
 .text.arm_core_mpu_configure_static_mpu_regions
                0x000000000000b80e        0x8 zephyr/arch/arch/arm/core/mpu/libarch__arm__core__mpu.a(arm_mpu.c.obj)
                0x000000000000b80e                arm_core_mpu_configure_static_mpu_regions
 .text.arm_core_mpu_configure_dynamic_mpu_regions
                0x000000000000b816        0x8 zephyr/arch/arch/arm/core/mpu/libarch__arm__core__mpu.a(arm_mpu.c.obj)
                0x000000000000b816                arm_core_mpu_configure_dynamic_mpu_regions
 .text.picolibc_put
                0x000000000000b81e        0xa zephyr/lib/libc/picolibc/liblib__libc__picolibc.a(stdio.c.obj)
 .text.arch_busy_wait
                0x000000000000b828        0x8 zephyr/soc/soc/nrf52832/libsoc__nordic.a(soc.c.obj)
                0x000000000000b828                arch_busy_wait
 .text.sys_arch_reboot
                0x000000000000b830        0x6 zephyr/soc/soc/nrf52832/libsoc__nordic.a(reboot.c.obj)
                0x000000000000b830                sys_arch_reboot
 .text.select_stack_region
                0x000000000000b836       0x28 zephyr/subsys/debug/coredump/libsubsys__debug__coredump.a(coredump_core.c.obj)
 .text.coredump_memory_dump
                0x000000000000b85e       0x42 zephyr/subsys/debug/coredump/libsubsys__debug__coredump.a(coredump_core.c.obj)
                0x000000000000b85e                coredump_memory_dump
 .text.dump_thread
                0x000000000000b8a0       0x2c zephyr/subsys/debug/coredump/libsubsys__debug__coredump.a(coredump_core.c.obj)
 .text.coredump
                0x000000000000b8cc       0x28 zephyr/subsys/debug/coredump/libsubsys__debug__coredump.a(coredump_core.c.obj)
                0x000000000000b8cc                coredump
 .text.nrfx_clock_hfclk_running_check
                0x000000000000b8f4       0x32 zephyr/drivers/clock_control/libdrivers__clock_control.a(clock_control_nrf.c.obj)
 .text.get_sub_data
                0x000000000000b926        0xe zephyr/drivers/clock_control/libdrivers__clock_control.a(clock_control_nrf.c.obj)
 .text.get_sub_config
                0x000000000000b934        0x8 zephyr/drivers/clock_control/libdrivers__clock_control.a(clock_control_nrf.c.obj)
 .text.get_onoff_manager
                0x000000000000b93c        0xc zephyr/drivers/clock_control/libdrivers__clock_control.a(clock_control_nrf.c.obj)
 .text.get_status
                0x000000000000b948       0x10 zephyr/drivers/clock_control/libdrivers__clock_control.a(clock_control_nrf.c.obj)
 .text.set_off_state
                0x000000000000b958       0x30 zephyr/drivers/clock_control/libdrivers__clock_control.a(clock_control_nrf.c.obj)
 .text.set_starting_state
                0x000000000000b988       0x3a zephyr/drivers/clock_control/libdrivers__clock_control.a(clock_control_nrf.c.obj)
 .text.set_on_state
                0x000000000000b9c2       0x24 zephyr/drivers/clock_control/libdrivers__clock_control.a(clock_control_nrf.c.obj)
 .text.clkstarted_handle
                0x000000000000b9e6       0x24 zephyr/drivers/clock_control/libdrivers__clock_control.a(clock_control_nrf.c.obj)
 .text.stop     0x000000000000ba0a       0x2a zephyr/drivers/clock_control/libdrivers__clock_control.a(clock_control_nrf.c.obj)
 .text.api_stop
                0x000000000000ba34        0xa zephyr/drivers/clock_control/libdrivers__clock_control.a(clock_control_nrf.c.obj)
 .text.async_start
                0x000000000000ba3e       0x38 zephyr/drivers/clock_control/libdrivers__clock_control.a(clock_control_nrf.c.obj)
 .text.api_start
                0x000000000000ba76       0x10 zephyr/drivers/clock_control/libdrivers__clock_control.a(clock_control_nrf.c.obj)
 .text.onoff_started_callback
                0x000000000000ba86       0x10 zephyr/drivers/clock_control/libdrivers__clock_control.a(clock_control_nrf.c.obj)
 .text.hfclk_start
                0x000000000000ba96        0xa zephyr/drivers/clock_control/libdrivers__clock_control.a(clock_control_nrf.c.obj)
 .text.hfclk_stop
                0x000000000000baa0        0xa zephyr/drivers/clock_control/libdrivers__clock_control.a(clock_control_nrf.c.obj)
 .text.k_msleep
                0x000000000000baaa       0x2c zephyr/drivers/clock_control/libdrivers__clock_control.a(clock_control_nrf.c.obj)
 .text.blocking_start_callback
                0x000000000000bad6        0xa zephyr/drivers/clock_control/libdrivers__clock_control.a(clock_control_nrf.c.obj)
 .text.lfclk_stop
                0x000000000000bae0        0x8 zephyr/drivers/clock_control/libdrivers__clock_control.a(clock_control_nrf.c.obj)
 .text.lfclk_start
                0x000000000000bae8        0xc zephyr/drivers/clock_control/libdrivers__clock_control.a(clock_control_nrf.c.obj)
 .text.sys_slist_remove
                0x000000000000baf4       0x26 zephyr/drivers/gpio/libdrivers__gpio.a(gpio_nrfx.c.obj)
 .text.sys_slist_find_and_remove
                0x000000000000bb1a       0x20 zephyr/drivers/gpio/libdrivers__gpio.a(gpio_nrfx.c.obj)
 .text.nrf_gpio_reconfigure
                0x000000000000bb3a       0x9e zephyr/drivers/gpio/libdrivers__gpio.a(gpio_nrfx.c.obj)
 .text.pm_device_driver_init
                0x000000000000bbd8       0x24 zephyr/drivers/gpio/libdrivers__gpio.a(gpio_nrfx.c.obj)
 .text.gpio_manage_callback
                0x000000000000bbfc       0x3e zephyr/drivers/gpio/libdrivers__gpio.a(gpio_nrfx.c.obj)
 .text.gpio_fire_callbacks
                0x000000000000bc3a       0x40 zephyr/drivers/gpio/libdrivers__gpio.a(gpio_nrfx.c.obj)
 .text.has_gpiote
                0x000000000000bc7a        0xa zephyr/drivers/gpio/libdrivers__gpio.a(gpio_nrfx.c.obj)
 .text.get_pull