Archive member included to satisfy reference by file (symbol)

C:/ST/STM32CubeIDE_1.15.0/STM32CubeIDE/plugins/com.st.stm32cube.ide.mcu.externaltools.gnu-tools-for-stm32.12.3.rel1.win32_1.0.200.202406191623/tools/bin/../lib/gcc/arm-none-eabi/12.3.1/../../../../arm-none-eabi/lib/thumb/v7e-m+fp/hard\libc_nano.a(libc_a-exit.o)
                              C:/ST/STM32CubeIDE_1.15.0/STM32CubeIDE/plugins/com.st.stm32cube.ide.mcu.externaltools.gnu-tools-for-stm32.12.3.rel1.win32_1.0.200.202406191623/tools/bin/../lib/gcc/arm-none-eabi/12.3.1/../../../../arm-none-eabi/lib/thumb/v7e-m+fp/hard/crt0.o (exit)
C:/ST/STM32CubeIDE_1.15.0/STM32CubeIDE/plugins/com.st.stm32cube.ide.mcu.externaltools.gnu-tools-for-stm32.12.3.rel1.win32_1.0.200.202406191623/tools/bin/../lib/gcc/arm-none-eabi/12.3.1/../../../../arm-none-eabi/lib/thumb/v7e-m+fp/hard\libc_nano.a(libc_a-findfp.o)
                              C:/ST/STM32CubeIDE_1.15.0/STM32CubeIDE/plugins/com.st.stm32cube.ide.mcu.externaltools.gnu-tools-for-stm32.12.3.rel1.win32_1.0.200.202406191623/tools/bin/../lib/gcc/arm-none-eabi/12.3.1/../../../../arm-none-eabi/lib/thumb/v7e-m+fp/hard\libc_nano.a(libc_a-exit.o) (__stdio_exit_handler)
C:/ST/STM32CubeIDE_1.15.0/STM32CubeIDE/plugins/com.st.stm32cube.ide.mcu.externaltools.gnu-tools-for-stm32.12.3.rel1.win32_1.0.200.202406191623/tools/bin/../lib/gcc/arm-none-eabi/12.3.1/../../../../arm-none-eabi/lib/thumb/v7e-m+fp/hard\libc_nano.a(libc_a-fwalk.o)
                              C:/ST/STM32CubeIDE_1.15.0/STM32CubeIDE/plugins/com.st.stm32cube.ide.mcu.externaltools.gnu-tools-for-stm32.12.3.rel1.win32_1.0.200.202406191623/tools/bin/../lib/gcc/arm-none-eabi/12.3.1/../../../../arm-none-eabi/lib/thumb/v7e-m+fp/hard\libc_nano.a(libc_a-findfp.o) (_fwalk_sglue)
C:/ST/STM32CubeIDE_1.15.0/STM32CubeIDE/plugins/com.st.stm32cube.ide.mcu.externaltools.gnu-tools-for-stm32.12.3.rel1.win32_1.0.200.202406191623/tools/bin/../lib/gcc/arm-none-eabi/12.3.1/../../../../arm-none-eabi/lib/thumb/v7e-m+fp/hard\libc_nano.a(libc_a-printf.o)
                              ./Application/User/main.o (printf)
C:/ST/STM32CubeIDE_1.15.0/STM32CubeIDE/plugins/com.st.stm32cube.ide.mcu.externaltools.gnu-tools-for-stm32.12.3.rel1.win32_1.0.200.202406191623/tools/bin/../lib/gcc/arm-none-eabi/12.3.1/../../../../arm-none-eabi/lib/thumb/v7e-m+fp/hard\libc_nano.a(libc_a-puts.o)
                              ./Application/User/main.o (puts)
C:/ST/STM32CubeIDE_1.15.0/STM32CubeIDE/plugins/com.st.stm32cube.ide.mcu.externaltools.gnu-tools-for-stm32.12.3.rel1.win32_1.0.200.202406191623/tools/bin/../lib/gcc/arm-none-eabi/12.3.1/../../../../arm-none-eabi/lib/thumb/v7e-m+fp/hard\libc_nano.a(libc_a-snprintf.o)
                              ./Application/WIFI/es_wifi.o (snprintf)
C:/ST/STM32CubeIDE_1.15.0/STM32CubeIDE/plugins/com.st.stm32cube.ide.mcu.externaltools.gnu-tools-for-stm32.12.3.rel1.win32_1.0.200.202406191623/tools/bin/../lib/gcc/arm-none-eabi/12.3.1/../../../../arm-none-eabi/lib/thumb/v7e-m+fp/hard\libc_nano.a(libc_a-sprintf.o)
                              ./Application/User/main.o (sprintf)
C:/ST/STM32CubeIDE_1.15.0/STM32CubeIDE/plugins/com.st.stm32cube.ide.mcu.externaltools.gnu-tools-for-stm32.12.3.rel1.win32_1.0.200.202406191623/tools/bin/../lib/gcc/arm-none-eabi/12.3.1/../../../../arm-none-eabi/lib/thumb/v7e-m+fp/hard\libc_nano.a(libc_a-stdio.o)
                              C:/ST/STM32CubeIDE_1.15.0/STM32CubeIDE/plugins/com.st.stm32cube.ide.mcu.externaltools.gnu-tools-for-stm32.12.3.rel1.win32_1.0.200.202406191623/tools/bin/../lib/gcc/arm-none-eabi/12.3.1/../../../../arm-none-eabi/lib/thumb/v7e-m+fp/hard\libc_nano.a(libc_a-findfp.o) (__sread)
C:/ST/STM32CubeIDE_1.15.0/STM32CubeIDE/plugins/com.st.stm32cube.ide.mcu.externaltools.gnu-tools-for-stm32.12.3.rel1.win32_1.0.200.202406191623/tools/bin/../lib/gcc/arm-none-eabi/12.3.1/../../../../arm-none-eabi/lib/thumb/v7e-m+fp/hard\libc_nano.a(libc_a-wbuf.o)
                              C:/ST/STM32CubeIDE_1.15.0/STM32CubeIDE/plugins/com.st.stm32cube.ide.mcu.externaltools.gnu-tools-for-stm32.12.3.rel1.win32_1.0.200.202406191623/tools/bin/../lib/gcc/arm-none-eabi/12.3.1/../../../../arm-none-eabi/lib/thumb/v7e-m+fp/hard\libc_nano.a(libc_a-puts.o) (__swbuf_r)
C:/ST/STM32CubeIDE_1.15.0/STM32CubeIDE/plugins/com.st.stm32cube.ide.mcu.externaltools.gnu-tools-for-stm32.12.3.rel1.win32_1.0.200.202406191623/tools/bin/../lib/gcc/arm-none-eabi/12.3.1/../../../../arm-none-eabi/lib/thumb/v7e-m+fp/hard\libc_nano.a(libc_a-wsetup.o)
                              C:/ST/STM32CubeIDE_1.15.0/STM32CubeIDE/plugins/com.st.stm32cube.ide.mcu.externaltools.gnu-tools-for-stm32.12.3.rel1.win32_1.0.200.202406191623/tools/bin/../lib/gcc/arm-none-eabi/12.3.1/../../../../arm-none-eabi/lib/thumb/v7e-m+fp/hard\libc_nano.a(libc_a-puts.o) (__swsetup_r)
[...]
Memory Configuration

Name             Origin             Length             Attributes
RAM              0x20000000         0x00018000         xrw
SRAM2            0x10000000         0x00008000         xrw
ROM              0x08000000         0x00100000         xr
*default*        0x00000000         0xffffffff

Linker script and memory map

LOAD C:/ST/STM32CubeIDE_1.15.0/STM32CubeIDE/plugins/com.st.stm32cube.ide.mcu.externaltools.gnu-tools-for-stm32.12.3.rel1.win32_1.0.200.202406191623/tools/bin/../lib/gcc/arm-none-eabi/12.3.1/thumb/v7e-m+fp/hard/crti.o
LOAD C:/ST/STM32CubeIDE_1.15.0/STM32CubeIDE/plugins/com.st.stm32cube.ide.mcu.externaltools.gnu-tools-for-stm32.12.3.rel1.win32_1.0.200.202406191623/tools/bin/../lib/gcc/arm-none-eabi/12.3.1/thumb/v7e-m+fp/hard/crtbegin.o
LOAD C:/ST/STM32CubeIDE_1.15.0/STM32CubeIDE/plugins/com.st.stm32cube.ide.mcu.externaltools.gnu-tools-for-stm32.12.3.rel1.win32_1.0.200.202406191623/tools/bin/../lib/gcc/arm-none-eabi/12.3.1/../../../../arm-none-eabi/lib/thumb/v7e-m+fp/hard/crt0.o
LOAD ./Application/Startup/startup_stm32l475vgtx.o
LOAD ./Application/User/main.o
LOAD ./Application/User/stm32l4xx_it.o
LOAD ./Application/User/syscalls.o
LOAD ./Application/User/sysmem.o
LOAD ./Application/WIFI/es_wifi.o
LOAD ./Application/WIFI/es_wifi_io.o
LOAD ./Application/WIFI/wifi.o
LOAD ./Drivers/BSP/hts221.o
LOAD ./Drivers/CMSIS/system_stm32l4xx.o
LOAD ./Drivers/STM32L4xx_HAL_Driver/stm32l475e_iot01.o
LOAD ./Drivers/STM32L4xx_HAL_Driver/stm32l475e_iot01_tsensor.o
LOAD ./Drivers/STM32L4xx_HAL_Driver/stm32l4xx_hal.o
LOAD ./Drivers/STM32L4xx_HAL_Driver/stm32l4xx_hal_adc.o
LOAD ./Drivers/STM32L4xx_HAL_Driver/stm32l4xx_hal_adc_ex.o
LOAD ./Drivers/STM32L4xx_HAL_Driver/stm32l4xx_hal_cortex.o
LOAD ./Drivers/STM32L4xx_HAL_Driver/stm32l4xx_hal_dma.o
LOAD ./Drivers/STM32L4xx_HAL_Driver/stm32l4xx_hal_gpio.o
LOAD ./Drivers/STM32L4xx_HAL_Driver/stm32l4xx_hal_i2c.o
LOAD ./Drivers/STM32L4xx_HAL_Driver/stm32l4xx_hal_i2c_ex.o
LOAD ./Drivers/STM32L4xx_HAL_Driver/stm32l4xx_hal_pwr.o
LOAD ./Drivers/STM32L4xx_HAL_Driver/stm32l4xx_hal_pwr_ex.o
LOAD ./Drivers/STM32L4xx_HAL_Driver/stm32l4xx_hal_rcc.o
LOAD ./Drivers/STM32L4xx_HAL_Driver/stm32l4xx_hal_rcc_ex.o
LOAD ./Drivers/STM32L4xx_HAL_Driver/stm32l4xx_hal_spi.o
LOAD ./Drivers/STM32L4xx_HAL_Driver/stm32l4xx_hal_spi_ex.o
LOAD ./Drivers/STM32L4xx_HAL_Driver/stm32l4xx_hal_uart.o
LOAD ./Drivers/STM32L4xx_HAL_Driver/stm32l4xx_hal_uart_ex.o
START GROUP
LOAD C:/ST/STM32CubeIDE_1.15.0/STM32CubeIDE/plugins/com.st.stm32cube.ide.mcu.externaltools.gnu-tools-for-stm32.12.3.rel1.win32_1.0.200.202406191623/tools/bin/../lib/gcc/arm-none-eabi/12.3.1/../../../../arm-none-eabi/lib/thumb/v7e-m+fp/hard\libc_nano.a
LOAD C:/ST/STM32CubeIDE_1.15.0/STM32CubeIDE/plugins/com.st.stm32cube.ide.mcu.externaltools.gnu-tools-for-stm32.12.3.rel1.win32_1.0.200.202406191623/tools/bin/../lib/gcc/arm-none-eabi/12.3.1/../../../../arm-none-eabi/lib/thumb/v7e-m+fp/hard\libm.a
END GROUP
START GROUP
LOAD C:/ST/STM32CubeIDE_1.15.0/STM32CubeIDE/plugins/com.st.stm32cube.ide.mcu.externaltools.gnu-tools-for-stm32.12.3.rel1.win32_1.0.200.202406191623/tools/bin/../lib/gcc/arm-none-eabi/12.3.1/thumb/v7e-m+fp/hard\libgcc.a
LOAD C:/ST/STM32CubeIDE_1.15.0/STM32CubeIDE/plugins/com.st.stm32cube.ide.mcu.externaltools.gnu-tools-for-stm32.12.3.rel1.win32_1.0.200.202406191623/tools/bin/../lib/gcc/arm-none-eabi/12.3.1/../../../../arm-none-eabi/lib/thumb/v7e-m+fp/hard\libc_nano.a
END GROUP
START GROUP
LOAD C:/ST/STM32CubeIDE_1.15.0/STM32CubeIDE/plugins/com.st.stm32cube.ide.mcu.externaltools.gnu-tools-for-stm32.12.3.rel1.win32_1.0.200.202406191623/tools/bin/../lib/gcc/arm-none-eabi/12.3.1/thumb/v7e-m+fp/hard\libgcc.a
LOAD C:/ST/STM32CubeIDE_1.15.0/STM32CubeIDE/plugins/com.st.stm32cube.ide.mcu.externaltools.gnu-tools-for-stm32.12.3.rel1.win32_1.0.200.202406191623/tools/bin/../lib/gcc/arm-none-eabi/12.3.1/../../../../arm-none-eabi/lib/thumb/v7e-m+fp/hard\libc_nano.a
LOAD C:/ST/STM32CubeIDE_1.15.0/STM32CubeIDE/plugins/com.st.stm32cube.ide.mcu.externaltools.gnu-tools-for-stm32.12.3.rel1.win32_1.0.200.202406191623/tools/bin/../lib/gcc/arm-none-eabi/12.3.1/../../../../arm-none-eabi/lib/thumb/v7e-m+fp/hard\libnosys.a
END GROUP
START GROUP
LOAD C:/ST/STM32CubeIDE_1.15.0/STM32CubeIDE/plugins/com.st.stm32cube.ide.mcu.externaltools.gnu-tools-for-stm32.12.3.rel1.win32_1.0.200.202406191623/tools/bin/../lib/gcc/arm-none-eabi/12.3.1/thumb/v7e-m+fp/hard\libgcc.a
LOAD C:/ST/STM32CubeIDE_1.15.0/STM32CubeIDE/plugins/com.st.stm32cube.ide.mcu.externaltools.gnu-tools-for-stm32.12.3.rel1.win32_1.0.200.202406191623/tools/bin/../lib/gcc/arm-none-eabi/12.3.1/../../../../arm-none-eabi/lib/thumb/v7e-m+fp/hard\libc_nano.a
LOAD C:/ST/STM32CubeIDE_1.15.0/STM32CubeIDE/plugins/com.st.stm32cube.ide.mcu.externaltools.gnu-tools-for-stm32.12.3.rel1.win32_1.0.200.202406191623/tools/bin/../lib/gcc/arm-none-eabi/12.3.1/../../../../arm-none-eabi/lib/thumb/v7e-m+fp/hard\libnosys.a
END GROUP
LOAD C:/ST/STM32CubeIDE_1.15.0/STM32CubeIDE/plugins/com.st.stm32cube.ide.mcu.externaltools.gnu-tools-for-stm32.12.3.rel1.win32_1.0.200.202406191623/tools/bin/../lib/gcc/arm-none-eabi/12.3.1/thumb/v7e-m+fp/hard/crtend.o
LOAD C:/ST/STM32CubeIDE_1.15.0/STM32CubeIDE/plugins/com.st.stm32cube.ide.mcu.externaltools.gnu-tools-for-stm32.12.3.rel1.win32_1.0.200.202406191623/tools/bin/../lib/gcc/arm-none-eabi/12.3.1/thumb/v7e-m+fp/hard/crtn.o
                0x20018000                        _estack = (ORIGIN (RAM) + LENGTH (RAM))
                0x00010000                        _Min_Heap_Size = 0x10000
                0x00006800                        _Min_Stack_Size = 0x6800

.isr_vector     0x08000000      0x188
                0x08000000                        . = ALIGN (0x4)
 *(.isr_vector)
 .isr_vector    0x08000000      0x188 ./Application/Startup/startup_stm32l475vgtx.o
                0x08000000                g_pfnVectors
                0x08000188                        . = ALIGN (0x4)

.text           0x08000190     0x90b8
                0x08000190                        . = ALIGN (0x4)
 *(.text)
 .text          0x08000190       0x40 C:/ST/STM32CubeIDE_1.15.0/STM32CubeIDE/plugins/com.st.stm32cube.ide.mcu.externaltools.gnu-tools-for-stm32.12.3.rel1.win32_1.0.200.202406191623/tools/bin/../lib/gcc/arm-none-eabi/12.3.1/thumb/v7e-m+fp/hard/crtbegin.o
 .text          0x080001d0       0x10 C:/ST/STM32CubeIDE_1.15.0/STM32CubeIDE/plugins/com.st.stm32cube.ide.mcu.externaltools.gnu-tools-for-stm32.12.3.rel1.win32_1.0.200.202406191623/tools/bin/../lib/gcc/arm-none-eabi/12.3.1/../../../../arm-none-eabi/lib/thumb/v7e-m+fp/hard\libc_nano.a(libc_a-strlen.o)
                0x080001d0                strlen
 .text          0x080001e0       0xa0 C:/ST/STM32CubeIDE_1.15.0/STM32CubeIDE/plugins/com.st.stm32cube.ide.mcu.externaltools.gnu-tools-for-stm32.12.3.rel1.win32_1.0.200.202406191623/tools/bin/../lib/gcc/arm-none-eabi/12.3.1/../../../../arm-none-eabi/lib/thumb/v7e-m+fp/hard\libc_nano.a(libc_a-memchr.o)
                0x080001e0                memchr
 .text          0x08000280       0x30 C:/ST/STM32CubeIDE_1.15.0/STM32CubeIDE/plugins/com.st.stm32cube.ide.mcu.externaltools.gnu-tools-for-stm32.12.3.rel1.win32_1.0.200.202406191623/tools/bin/../lib/gcc/arm-none-eabi/12.3.1/thumb/v7e-m+fp/hard\libgcc.a(_aeabi_uldivmod.o)
                0x08000280                __aeabi_uldivmod
 .text          0x080002b0      0x2bc C:/ST/STM32CubeIDE_1.15.0/STM32CubeIDE/plugins/com.st.stm32cube.ide.mcu.externaltools.gnu-tools-for-stm32.12.3.rel1.win32_1.0.200.202406191623/tools/bin/../lib/gcc/arm-none-eabi/12.3.1/thumb/v7e-m+fp/hard\libgcc.a(_udivmoddi4.o)
                0x080002b0                __udivmoddi4
 .text          0x0800056c        0x4 C:/ST/STM32CubeIDE_1.15.0/STM32CubeIDE/plugins/com.st.stm32cube.ide.mcu.externaltools.gnu-tools-for-stm32.12.3.rel1.win32_1.0.200.202406191623/tools/bin/../lib/gcc/arm-none-eabi/12.3.1/thumb/v7e-m+fp/hard\libgcc.a(_dvmd_tls.o)
                0x0800056c                __aeabi_idiv0
                0x0800056c                __aeabi_ldiv0
 *(.text*)
 .text.Reset_Handler
                0x08000570       0x50 ./Application/Startup/startup_stm32l475vgtx.o
                0x08000570                Reset_Handler
 .text.Default_Handler
                0x080005c0        0x2 ./Application/Startup/startup_stm32l475vgtx.o
                0x080005c0                RTC_Alarm_IRQHandler
                0x080005c0                EXTI2_IRQHandler
                0x080005c0                TIM8_TRG_COM_IRQHandler
                0x080005c0                TIM8_CC_IRQHandler
                0x080005c0                TIM1_CC_IRQHandler
                0x080005c0                TSC_IRQHandler
                0x080005c0                TAMP_STAMP_IRQHandler
                0x080005c0                EXTI3_IRQHandler
                0x080005c0                LPTIM2_IRQHandler
                0x080005c0                DFSDM1_FLT1_IRQHandler
                0x080005c0                I2C3_ER_IRQHandler
                0x080005c0                DFSDM1_FLT2_IRQHandler
                0x080005c0                EXTI0_IRQHandler
                0x080005c0                I2C2_EV_IRQHandler
                0x080005c0                CAN1_RX0_IRQHandler
                0x080005c0                FPU_IRQHandler
                0x080005c0                TIM1_UP_TIM16_IRQHandler
                0x080005c0                ADC1_2_IRQHandler
                0x080005c0                SPI1_IRQHandler
                0x080005c0                TIM6_DAC_IRQHandler
                0x080005c0                TIM8_UP_IRQHandler
                0x080005c0                DMA2_Channel2_IRQHandler
                0x080005c0                DMA1_Channel4_IRQHandler
                0x080005c0                SAI2_IRQHandler
                0x080005c0                DFSDM1_FLT3_IRQHandler
                0x080005c0                USART3_IRQHandler
                0x080005c0                DMA1_Channel7_IRQHandler
                0x080005c0                CAN1_RX1_IRQHandler
                0x080005c0                UART5_IRQHandler
                0x080005c0                ADC3_IRQHandler
                0x080005c0                TIM4_IRQHandler
                0x080005c0                DMA2_Channel1_IRQHandler
                0x080005c0                QUADSPI_IRQHandler
                0x080005c0                I2C1_EV_IRQHandler
                0x080005c0                DMA1_Channel6_IRQHandler
                0x080005c0                UART4_IRQHandler
                0x080005c0                DMA2_Channel4_IRQHandler
                0x080005c0                TIM3_IRQHandler
                0x080005c0                RCC_IRQHandler
                0x080005c0                DMA1_Channel1_IRQHandler
                0x080005c0                Default_Handler
                0x080005c0                DMA2_Channel7_IRQHandler
                0x080005c0                EXTI15_10_IRQHandler
                0x080005c0                TIM7_IRQHandler
                0x080005c0                SDMMC1_IRQHandler
                0x080005c0                TIM5_IRQHandler
                0x080005c0                I2C3_EV_IRQHandler
                0x080005c0                EXTI9_5_IRQHandler
                0x080005c0                RTC_WKUP_IRQHandler
                0x080005c0                PVD_PVM_IRQHandler
                0x080005c0                SPI2_IRQHandler
                0x080005c0                CAN1_TX_IRQHandler
                0x080005c0                DMA2_Channel5_IRQHandler
                0x080005c0                DMA1_Channel5_IRQHandler
                0x080005c0                EXTI4_IRQHandler
                0x080005c0                RNG_IRQHandler
                0x080005c0                TIM1_TRG_COM_TIM17_IRQHandler
                0x080005c0                DMA1_Channel3_IRQHandler
                0x080005c0                COMP_IRQHandler
                0x080005c0                WWDG_IRQHandler
                0x080005c0                LPUART1_IRQHandler
                0x080005c0                DMA2_Channel6_IRQHandler
                0x080005c0                TIM2_IRQHandler
                0x080005c0                USART2_IRQHandler
                0x080005c0                DFSDM1_FLT0_IRQHandler
                0x080005c0                I2C2_ER_IRQHandler
                0x080005c0                DMA1_Channel2_IRQHandler
                0x080005c0                TIM8_BRK_IRQHandler
                0x080005c0                CAN1_SCE_IRQHandler
                0x080005c0                FLASH_IRQHandler
                0x080005c0                USART1_IRQHandler
                0x080005c0                OTG_FS_IRQHandler
                0x080005c0                I2C1_ER_IRQHandler
                0x080005c0                FMC_IRQHandler
                0x080005c0                SWPMI1_IRQHandler
                0x080005c0                LPTIM1_IRQHandler
                0x080005c0                SAI1_IRQHandler
                0x080005c0                DMA2_Channel3_IRQHandler
                0x080005c0                TIM1_BRK_TIM15_IRQHandler
 *fill*         0x080005c2        0x2 
 .text.main     0x080005c4       0x78 ./Application/User/main.o
                0x080005c4                main
 .text.wifi_start
                0x0800063c       0x74 ./Application/User/main.o
 .text.wifi_connect
                0x080006b0       0x90 ./Application/User/main.o
 .text.wifi_server
                0x08000740      0x12c ./Application/User/main.o
 .text.WebServerProcess
                0x0800086c      0x1ac ./Application/User/main.o
 .text.SendWebPage
                0x08000a18      0x340 ./Application/User/main.o
 .text.SystemClock_Config
                0x08000d58       0x76 ./Application/User/main.o
 *fill*         0x08000dce        0x2 
 .text.__io_putchar
                0x08000dd0       0x24 ./Application/User/main.o
                0x08000dd0                __io_putchar
 .text.HAL_GPIO_EXTI_Callback
                0x08000df4       0x20 ./Application/User/main.o
                0x08000df4                HAL_GPIO_EXTI_Callback
 .text.SPI3_IRQHandler
                0x08000e14       0x14 ./Application/User/main.o
                0x08000e14                SPI3_IRQHandler
 .text.NMI_Handler
                0x08000e28        0xe ./Application/User/stm32l4xx_it.o
                0x08000e28                NMI_Handler
 .text.HardFault_Handler
                0x08000e36        0x8 ./Application/User/stm32l4xx_it.o
                0x08000e36                HardFault_Handler
 .text.MemManage_Handler
                0x08000e3e        0x8 ./Application/User/stm32l4xx_it.o
                0x08000e3e                MemManage_Handler
 .text.BusFault_Handler
                0x08000e46        0x8 ./Application/User/stm32l4xx_it.o
                0x08000e46                BusFault_Handler
 .text.UsageFault_Handler
                0x08000e4e        0x8 ./Application/User/stm32l4xx_it.o
                0x08000e4e                UsageFault_Handler
 .text.SVC_Handler
                0x08000e56        0xe ./Application/User/stm32l4xx_it.o
                0x08000e56                SVC_Handler
 .text.DebugMon_Handler
                0x08000e64        0xe ./Application/User/stm32l4xx_it.o
                0x08000e64                DebugMon_Handler
 .text.PendSV_Handler
                0x08000e72        0xe ./Application/User/stm32l4xx_it.o
                0x08000e72                PendSV_Handler
 .text.SysTick_Handler
                0x08000e80        0xc ./Application/User/stm32l4xx_it.o
                0x08000e80                SysTick_Handler
 .text.EXTI1_IRQHandler
                0x08000e8c        0xe ./Application/User/stm32l4xx_it.o
                0x08000e8c                EXTI1_IRQHandler
 .text._getpid  0x08000e9a       0x10 ./Application/User/syscalls.o
                0x08000e9a                _getpid
 .text._kill    0x08000eaa       0x20 ./Application/User/syscalls.o
                0x08000eaa                _kill
 .text._exit    0x08000eca       0x16 ./Application/User/syscalls.o
                0x08000eca                _exit
 .text._read    0x08000ee0       0x3a ./Application/User/syscalls.o
                0x08000ee0                _read
 .text._write   0x08000f1a       0x38 ./Application/User/syscalls.o
                0x08000f1a                _write
 .text._close   0x08000f52       0x18 ./Application/User/syscalls.o
                0x08000f52                _close
 .text._fstat   0x08000f6a       0x20 ./Application/User/syscalls.o
                0x08000f6a                _fstat
 .text._isatty  0x08000f8a       0x16 ./Application/User/syscalls.o
                0x08000f8a                _isatty
 .text._lseek   0x08000fa0       0x1a ./Application/User/syscalls.o
                0x08000fa0                _lseek
 *fill*         0x08000fba        0x2 
 .text._sbrk    0x08000fbc       0x6c ./Application/User/sysmem.o
                0x08000fbc                _sbrk
 .text.Hex2Num  0x08001028       0x54 ./Application/WIFI/es_wifi.o
 .text.ParseHexNumber
                0x0800107c       0x86 ./Application/WIFI/es_wifi.o
 .text.ParseNumber
                0x08001102       0x88 ./Application/WIFI/es_wifi.o
 .text.ParseMAC
                0x0800118a       0x6e ./Application/WIFI/es_wifi.o
 .text.ParseIP  0x080011f8       0x6e ./Application/WIFI/es_wifi.o
 *fill*         0x08001266        0x2 
 .text.AT_ParseInfo
                0x08001268      0x11c ./Application/WIFI/es_wifi.o
 .text.AT_ParseConnSettings
                0x08001384      0x17c ./Application/WIFI/es_wifi.o
 .text.AT_ExecuteCommand
                0x08001500       0xe0 ./Application/WIFI/es_wifi.o
 .text.AT_RequestSendData
                0x080015e0      0x100 ./Application/WIFI/es_wifi.o
 .text.AT_RequestReceiveData
                0x080016e0      0x144 ./Application/WIFI/es_wifi.o
 .text.ES_WIFI_Init
                0x08001824       0x68 ./Application/WIFI/es_wifi.o
                0x08001824                ES_WIFI_Init
 .text.ES_WIFI_RegisterBusIO
                0x0800188c       0x66 ./Application/WIFI/es_wifi.o
                0x0800188c                ES_WIFI_RegisterBusIO
 *fill*         0x080018f2        0x2 
 .text.ES_WIFI_Connect
                0x080018f4       0xf0 ./Application/WIFI/es_wifi.o
                0x080018f4                ES_WIFI_Connect
 .text.ES_WIFI_IsConnected
                0x080019e4       0x60 ./Application/WIFI/es_wifi.o
                0x080019e4                ES_WIFI_IsConnected
 .text.ES_WIFI_GetNetworkSettings
                0x08001a44       0x54 ./Application/WIFI/es_wifi.o
                0x08001a44                ES_WIFI_GetNetworkSettings
 .text.ES_WIFI_GetMACAddress
                0x08001a98       0x6c ./Application/WIFI/es_wifi.o
                0x08001a98                ES_WIFI_GetMACAddress
 .text.ES_WIFI_StartServerSingleConn
                0x08001b04      0x158 ./Application/WIFI/es_wifi.o
                0x08001b04                ES_WIFI_StartServerSingleConn
 .text.ES_WIFI_WaitServerConnection
                0x08001c5c      0x248 ./Application/WIFI/es_wifi.o
                0x08001c5c                ES_WIFI_WaitServerConnection
 .text.ES_WIFI_CloseServerConnection
                0x08001ea4       0xc0 ./Application/WIFI/es_wifi.o
                0x08001ea4                ES_WIFI_CloseServerConnection
 .text.ES_WIFI_StopServerSingleConn
                0x08001f64       0xc4 ./Application/WIFI/es_wifi.o
                0x08001f64                ES_WIFI_StopServerSingleConn
 .text.ES_WIFI_SendData
                0x08002028      0x178 ./Application/WIFI/es_wifi.o
                0x08002028                ES_WIFI_SendData
 .text.ES_WIFI_ReceiveData
                0x080021a0      0x180 ./Application/WIFI/es_wifi.o
                0x080021a0                ES_WIFI_ReceiveData
 .text.SPI_WIFI_MspInit
                0x08002320      0x178 ./Application/WIFI/es_wifi_io.o
                0x08002320                SPI_WIFI_MspInit
 .text.SPI_WIFI_Init
                0x08002498       0xbc ./Application/WIFI/es_wifi_io.o
                0x08002498                SPI_WIFI_Init
 .text.SPI_WIFI_ResetModule
                0x08002554       0xe0 ./Application/WIFI/es_wifi_io.o
                0x08002554                SPI_WIFI_ResetModule
 .text.SPI_WIFI_DeInit
                0x08002634       0x14 ./Application/WIFI/es_wifi_io.o
                0x08002634                SPI_WIFI_DeInit
 .text.wait_cmddata_rdy_high
                0x08002648       0x44 ./Application/WIFI/es_wifi_io.o
 .text.wait_cmddata_rdy_rising_event
                0x0800268c       0x40 ./Application/WIFI/es_wifi_io.o
 .text.wait_spi_rx_event
                0x080026cc       0x40 ./Application/WIFI/es_wifi_io.o
 .text.wait_spi_tx_event
                0x0800270c       0x40 ./Application/WIFI/es_wifi_io.o
 .text.SPI_WIFI_ReceiveData
                0x0800274c       0xf4 ./Application/WIFI/es_wifi_io.o
                0x0800274c                SPI_WIFI_ReceiveData
 .text.SPI_WIFI_SendData
                0x08002840       0xdc ./Application/WIFI/es_wifi_io.o
                0x08002840                SPI_WIFI_SendData
 .text.SPI_WIFI_Delay
                0x0800291c       0x16 ./Application/WIFI/es_wifi_io.o
                0x0800291c                SPI_WIFI_Delay
 *fill*         0x08002932        0x2 
 .text.SPI_WIFI_DelayUs
                0x08002934       0xa4 ./Application/WIFI/es_wifi_io.o
 .text.HAL_SPI_RxCpltCallback
                0x080029d8       0x28 ./Application/WIFI/es_wifi_io.o
                0x080029d8                HAL_SPI_RxCpltCallback
 .text.HAL_SPI_TxCpltCallback
                0x08002a00       0x28 ./Application/WIFI/es_wifi_io.o
                0x08002a00                HAL_SPI_TxCpltCallback
 .text.SPI_WIFI_ISR
                0x08002a28       0x20 ./Application/WIFI/es_wifi_io.o
                0x08002a28                SPI_WIFI_ISR
 .text.WIFI_Init
                0x08002a48       0x58 ./Application/WIFI/wifi.o
                0x08002a48                WIFI_Init
 .text.WIFI_Connect
                0x08002aa0       0x44 ./Application/WIFI/wifi.o
                0x08002aa0                WIFI_Connect
 .text.WIFI_GetMAC_Address
                0x08002ae4       0x40 ./Application/WIFI/wifi.o
                0x08002ae4                WIFI_GetMAC_Address
 .text.WIFI_GetIP_Address
                0x08002b24       0x48 ./Application/WIFI/wifi.o
                0x08002b24                WIFI_GetIP_Address
 .text.WIFI_StartServer
                0x08002b6c       0x60 ./Application/WIFI/wifi.o
                0x08002b6c                WIFI_StartServer
 .text.WIFI_WaitServerConnection
                0x08002bcc       0x94 ./Application/WIFI/wifi.o
                0x08002bcc                WIFI_WaitServerConnection
 .text.WIFI_CloseServerConnection
                0x08002c60       0x30 ./Application/WIFI/wifi.o
                0x08002c60                WIFI_CloseServerConnection
 .text.WIFI_StopServer
                0x08002c90       0x30 ./Application/WIFI/wifi.o
                0x08002c90                WIFI_StopServer
 .text.WIFI_SendData
                0x08002cc0       0x44 ./Application/WIFI/wifi.o
                0x08002cc0                WIFI_SendData
 .text.WIFI_ReceiveData
                0x08002d04       0x44 ./Application/WIFI/wifi.o
                0x08002d04                WIFI_ReceiveData
 .text.HTS221_T_Init
                0x08002d48       0x5a ./Drivers/BSP/hts221.o
                0x08002d48                HTS221_T_Init
 .text.HTS221_T_ReadTemp
                0x08002da2      0x10e ./Drivers/BSP/hts221.o
                0x08002da2                HTS221_T_ReadTemp
 .text.SystemInit
                0x08002eb0       0x6c ./Drivers/CMSIS/system_stm32l4xx.o
                0x08002eb0                SystemInit
 .text.BSP_LED_Init
                0x08002f1c       0x60 ./Drivers/STM32L4xx_HAL_Driver/stm32l475e_iot01.o
                0x08002f1c                BSP_LED_Init
 .text.BSP_LED_On
                0x08002f7c       0x2c ./Drivers/STM32L4xx_HAL_Driver/stm32l475e_iot01.o
                0x08002f7c                BSP_LED_On
 .text.BSP_LED_Off
                0x08002fa8       0x2c ./Drivers/STM32L4xx_HAL_Driver/stm32l475e_iot01.o
                0x08002fa8                BSP_LED_Off
 .text.BSP_COM_Init
                0x08002fd4       0xd8 ./Drivers/STM32L4xx_HAL_Driver/stm32l475e_iot01.o
                0x08002fd4                BSP_COM_Init
 .text.I2Cx_MspInit
                0x080030ac       0xb0 ./Drivers/STM32L4xx_HAL_Driver/stm32l475e_iot01.o
 .text.I2Cx_Init
                0x0800315c       0x5c ./Drivers/STM32L4xx_HAL_Driver/stm32l475e_iot01.o
 .text.I2Cx_ReadMultiple
                0x080031b8       0x5a ./Drivers/STM32L4xx_HAL_Driver/stm32l475e_iot01.o
 .text.I2Cx_WriteMultiple
                0x08003212       0x5a ./Drivers/STM32L4xx_HAL_Driver/stm32l475e_iot01.o
 .text.I2Cx_Error
                0x0800326c       0x20 ./Drivers/STM32L4xx_HAL_Driver/stm32l475e_iot01.o
 .text.SENSOR_IO_Init
                0x0800328c       0x14 ./Drivers/STM32L4xx_HAL_Driver/stm32l475e_iot01.o
                0x0800328c                SENSOR_IO_Init
 .text.SENSOR_IO_Write
                0x080032a0       0x34 ./Drivers/STM32L4xx_HAL_Driver/stm32l475e_iot01.o
                0x080032a0                SENSOR_IO_Write
 .text.SENSOR_IO_Read
                0x080032d4       0x3c ./Drivers/STM32L4xx_HAL_Driver/stm32l475e_iot01.o
                0x080032d4                SENSOR_IO_Read
 .text.SENSOR_IO_ReadMultiple
                0x08003310       0x3c ./Drivers/STM32L4xx_HAL_Driver/stm32l475e_iot01.o
                0x08003310                SENSOR_IO_ReadMultiple
 .text.BSP_TSENSOR_Init
                0x0800334c       0x38 ./Drivers/STM32L4xx_HAL_Driver/stm32l475e_iot01_tsensor.o
                0x0800334c                BSP_TSENSOR_Init
 .text.BSP_TSENSOR_ReadTemp
                0x08003384       0x1c ./Drivers/STM32L4xx_HAL_Driver/stm32l475e_iot01_tsensor.o
                0x08003384                BSP_TSENSOR_ReadTemp
 .text.HAL_Init
                0x080033a0       0x30 ./Drivers/STM32L4xx_HAL_Driver/stm32l4xx_hal.o
                0x080033a0                HAL_Init
 .text.HAL_MspInit
                0x080033d0        0xe ./Drivers/STM32L4xx_HAL_Driver/stm32l4xx_hal.o
                0x080033d0                HAL_MspInit
 *fill*         0x080033de        0x2 
 .text.HAL_InitTick
                0x080033e0       0x78 ./Drivers/STM32L4xx_HAL_Driver/stm32l4xx_hal.o
                0x080033e0                HAL_InitTick
 .text.HAL_IncTick
                0x08003458       0x28 ./Drivers/STM32L4xx_HAL_Driver/stm32l4xx_hal.o
                0x08003458                HAL_IncTick
 .text.HAL_GetTick
                0x08003480       0x18 ./Drivers/STM32L4xx_HAL_Driver/stm32l4xx_hal.o
                0x08003480                HAL_GetTick
 .text.HAL_Delay
                0x08003498       0x48 ./Drivers/STM32L4xx_HAL_Driver/stm32l4xx_hal.o
                0x08003498                HAL_Delay
 .text.__NVIC_SetPriorityGrouping
                0x080034e0       0x48 ./Drivers/STM32L4xx_HAL_Driver/stm32l4xx_hal_cortex.o
 .text.__NVIC_GetPriorityGrouping
                0x08003528       0x1c ./Drivers/STM32L4xx_HAL_Driver/stm32l4xx_hal_cortex.o
 .text.__NVIC_EnableIRQ
                0x08003544       0x3c ./Drivers/STM32L4xx_HAL_Driver/stm32l4xx_hal_cortex.o
 .text.__NVIC_SetPriority
                0x08003580       0x54 ./Drivers/STM32L4xx_HAL_Driver/stm32l4xx_hal_cortex.o
 .text.NVIC_EncodePriority
                0x080035d4       0x66 ./Drivers/STM32L4xx_HAL_Driver/stm32l4xx_hal_cortex.o
 *fill*         0x0800363a        0x2 
 .text.SysTick_Config
                0x0800363c       0x44 ./Drivers/STM32L4xx_HAL_Driver/stm32l4xx_hal_cortex.o
 .text.HAL_NVIC_SetPriorityGrouping
                0x08003680       0x16 ./Drivers/STM32L4xx_HAL_Driver/stm32l4xx_hal_cortex.o
                0x08003680                HAL_NVIC_SetPriorityGrouping
 .text.HAL_NVIC_SetPriority
                0x08003696       0x38 ./Drivers/STM32L4xx_HAL_Driver/stm32l4xx_hal_cortex.o
                0x08003696                HAL_NVIC_SetPriority
 .text.HAL_NVIC_EnableIRQ
                0x080036ce       0x1c ./Drivers/STM32L4xx_HAL_Driver/stm32l4xx_hal_cortex.o
                0x080036ce                HAL_NVIC_EnableIRQ
 .text.HAL_SYSTICK_Config
                0x080036ea       0x18 ./Drivers/STM32L4xx_HAL_Driver/stm32l4xx_hal_cortex.o
                0x080036ea                HAL_SYSTICK_Config
 .text.HAL_DMA_Abort_IT
                0x08003702       0x82 ./Drivers/STM32L4xx_HAL_Driver/stm32l4xx_hal_dma.o
                0x08003702                HAL_DMA_Abort_IT
 .text.HAL_GPIO_Init
                0x08003784      0x354 ./Drivers/STM32L4xx_HAL_Driver/stm32l4xx_hal_gpio.o
                0x08003784                HAL_GPIO_Init
 .text.HAL_GPIO_ReadPin
                0x08003ad8       0x30 ./Drivers/STM32L4xx_HAL_Driver/stm32l4xx_hal_gpio.o
                0x08003ad8                HAL_GPIO_ReadPin
 .text.HAL_GPIO_WritePin
                0x08003b08       0x30 ./Drivers/STM32L4xx_HAL_Driver/stm32l4xx_hal_gpio.o
                0x08003b08                HAL_GPIO_WritePin
 .text.HAL_GPIO_EXTI_IRQHandler
                0x08003b38       0x30 ./Drivers/STM32L4xx_HAL_Driver/stm32l4xx_hal_gpio.o
                0x08003b38                HAL_GPIO_EXTI_IRQHandler
 .text.HAL_I2C_Init
                0x08003b68      0x136 ./Drivers/STM32L4xx_HAL_Driver/stm32l4xx_hal_i2c.o
                0x08003b68                HAL_I2C_Init
 .text.HAL_I2C_DeInit
                0x08003c9e       0x5e ./Drivers/STM32L4xx_HAL_Driver/stm32l4xx_hal_i2c.o
                0x08003c9e                HAL_I2C_DeInit
 .text.HAL_I2C_MspInit
                0x08003cfc       0x14 ./Drivers/STM32L4xx_HAL_Driver/stm32l4xx_hal_i2c.o
                0x08003cfc                HAL_I2C_MspInit
 .text.HAL_I2C_MspDeInit
                0x08003d10       0x14 ./Drivers/STM32L4xx_HAL_Driver/stm32l4xx_hal_i2c.o
                0x08003d10                HAL_I2C_MspDeInit
 .text.HAL_I2C_Mem_Write
                0x08003d24      0x228 ./Drivers/STM32L4xx_HAL_Driver/stm32l4xx_hal_i2c.o
                0x08003d24                HAL_I2C_Mem_Write
 .text.HAL_I2C_Mem_Read
                0x08003f4c      0x234 ./Drivers/STM32L4xx_HAL_Driver/stm32l4xx_hal_i2c.o
                0x08003f4c                HAL_I2C_Mem_Read
 .text.I2C_RequestMemoryWrite
                0x08004180       0xa8 ./Drivers/STM32L4xx_HAL_Driver/stm32l4xx_hal_i2c.o
 .text.I2C_RequestMemoryRead
                0x08004228       0xa8 ./Drivers/STM32L4xx_HAL_Driver/stm32l4xx_hal_i2c.o
 .text.I2C_Flush_TXDR
                0x080042d0       0x48 ./Drivers/STM32L4xx_HAL_Driver/stm32l4xx_hal_i2c.o
 .text.I2C_WaitOnFlagUntilTimeout
                0x08004318       0x9e ./Drivers/STM32L4xx_HAL_Driver/stm32l4xx_hal_i2c.o
 .text.I2C_WaitOnTXISFlagUntilTimeout
                0x080043b6       0x8e ./Drivers/STM32L4xx_HAL_Driver/stm32l4xx_hal_i2c.o
 .text.I2C_WaitOnSTOPFlagUntilTimeout
                0x08004444       0x86 ./Drivers/STM32L4xx_HAL_Driver/stm32l4xx_hal_i2c.o
 *fill*         0x080044ca        0x2 
 .text.I2C_IsErrorOccurred
                0x080044cc      0x1c0 ./Drivers/STM32L4xx_HAL_Driver/stm32l4xx_hal_i2c.o
 .text.I2C_TransferConfig
                0x0800468c       0x64 ./Drivers/STM32L4xx_HAL_Driver/stm32l4xx_hal_i2c.o
 .text.HAL_I2CEx_ConfigAnalogFilter
                0x080046f0       0x96 ./Drivers/STM32L4xx_HAL_Driver/stm32l4xx_hal_i2c_ex.o
                0x080046f0                HAL_I2CEx_ConfigAnalogFilter
 *fill*         0x08004786        0x2 
 .text.HAL_PWREx_GetVoltageRange
                0x08004788       0x1c ./Drivers/STM32L4xx_HAL_Driver/stm32l4xx_hal_pwr_ex.o
                0x08004788                HAL_PWREx_GetVoltageRange
 .text.HAL_RCC_OscConfig
                0x080047a4      0x7b8 ./Drivers/STM32L4xx_HAL_Driver/stm32l4xx_hal_rcc.o
                0x080047a4                HAL_RCC_OscConfig
 .text.HAL_RCC_ClockConfig
                0x08004f5c      0x200 ./Drivers/STM32L4xx_HAL_Driver/stm32l4xx_hal_rcc.o
                0x08004f5c                HAL_RCC_ClockConfig
 .text.HAL_RCC_GetSysClockFreq
                0x0800515c      0x118 ./Drivers/STM32L4xx_HAL_Driver/stm32l4xx_hal_rcc.o
                0x0800515c                HAL_RCC_GetSysClockFreq
 .text.HAL_RCC_GetHCLKFreq
                0x08005274       0x18 ./Drivers/STM32L4xx_HAL_Driver/stm32l4xx_hal_rcc.o
                0x08005274                HAL_RCC_GetHCLKFreq
 .text.HAL_RCC_GetPCLK1Freq
                0x0800528c       0x2c ./Drivers/STM32L4xx_HAL_Driver/stm32l4xx_hal_rcc.o
                0x0800528c                HAL_RCC_GetPCLK1Freq
 .text.HAL_RCC_GetPCLK2Freq
                0x080052b8       0x2c ./Drivers/STM32L4xx_HAL_Driver/stm32l4xx_hal_rcc.o
                0x080052b8                HAL_RCC_GetPCLK2Freq
 .text.RCC_SetFlashLatencyFromMSIRange
                0x080052e4       0xc0 ./Drivers/STM32L4xx_HAL_Driver/stm32l4xx_hal_rcc.o
 .text.HAL_SPI_Init
                0x080053a4      0x198 ./Drivers/STM32L4xx_HAL_Driver/stm32l4xx_hal_spi.o
                0x080053a4                HAL_SPI_Init
 .text.HAL_SPI_DeInit
                0x0800553c       0x50 ./Drivers/STM32L4xx_HAL_Driver/stm32l4xx_hal_spi.o
                0x0800553c                HAL_SPI_DeInit
 .text.HAL_SPI_MspInit
                0x0800558c       0x14 ./Drivers/STM32L4xx_HAL_Driver/stm32l4xx_hal_spi.o
                0x0800558c                HAL_SPI_MspInit
 .text.HAL_SPI_MspDeInit
                0x080055a0       0x14 ./Drivers/STM32L4xx_HAL_Driver/stm32l4xx_hal_spi.o
                0x080055a0                HAL_SPI_MspDeInit
 .text.HAL_SPI_Receive
                0x080055b4      0x3e0 ./Drivers/STM32L4xx_HAL_Driver/stm32l4xx_hal_spi.o
                0x080055b4                HAL_SPI_Receive
 .text.HAL_SPI_TransmitReceive
                0x08005994      0x67c ./Drivers/STM32L4xx_HAL_Driver/stm32l4xx_hal_spi.o
                0x08005994                HAL_SPI_TransmitReceive
 .text.HAL_SPI_Transmit_IT
                0x08006010      0x140 ./Drivers/STM32L4xx_HAL_Driver/stm32l4xx_hal_spi.o
                0x08006010                HAL_SPI_Transmit_IT
 .text.HAL_SPI_Receive_IT
                0x08006150      0x1ac ./Drivers/STM32L4xx_HAL_Driver/stm32l4xx_hal_spi.o
                0x08006150                HAL_SPI_Receive_IT
 .text.HAL_SPI_TransmitReceive_IT
                0x080062fc      0x1ac ./Drivers/STM32L4xx_HAL_Driver/stm32l4xx_hal_spi.o
                0x080062fc                HAL_SPI_TransmitReceive_IT
 .text.HAL_SPI_IRQHandler
                0x080064a8      0x1e8 ./Drivers/STM32L4xx_HAL_Driver/stm32l4xx_hal_spi.o
                0x080064a8                HAL_SPI_IRQHandler
 .text.HAL_SPI_TxRxCpltCallback
                0x08006690       0x14 ./Drivers/STM32L4xx_HAL_Driver/stm32l4xx_hal_spi.o
                0x08006690                HAL_SPI_TxRxCpltCallback
 .text.HAL_SPI_ErrorCallback
                0x080066a4       0x14 ./Drivers/STM32L4xx_HAL_Driver/stm32l4xx_hal_spi.o
                0x080066a4                HAL_SPI_ErrorCallback
 .text.SPI_DMAAbortOnError
                0x080066b8       0x2a ./Drivers/STM32L4xx_HAL_Driver/stm32l4xx_hal_spi.o
 *fill*         0x080066e2        0x2 
 .text.SPI_2linesRxISR_8BIT
                0x080066e4       0xe4 ./Drivers/STM32L4xx_HAL_Driver/stm32l4xx_hal_spi.o
 .text.SPI_2linesRxISR_8BITCRC
                0x080067c8       0x58 ./Drivers/STM32L4xx_HAL_Driver/stm32l4xx_hal_spi.o
 .text.SPI_2linesTxISR_8BIT
                0x08006820       0xbc ./Drivers/STM32L4xx_HAL_Driver/stm32l4xx_hal_spi.o
 .text.SPI_2linesRxISR_16BIT
                0x080068dc       0x7c ./Drivers/STM32L4xx_HAL_Driver/stm32l4xx_hal_spi.o
 .text.SPI_2linesRxISR_16BITCRC
                0x08006958       0x34 ./Drivers/STM32L4xx_HAL_Driver/stm32l4xx_hal_spi.o
 .text.SPI_2linesTxISR_16BIT
                0x0800698c       0x8a ./Drivers/STM32L4xx_HAL_Driver/stm32l4xx_hal_spi.o
 .text.SPI_RxISR_8BITCRC
                0x08006a16       0x3e ./Drivers/STM32L4xx_HAL_Driver/stm32l4xx_hal_spi.o
 .text.SPI_RxISR_8BIT
                0x08006a54       0x8c ./Drivers/STM32L4xx_HAL_Driver/stm32l4xx_hal_spi.o
 .text.SPI_RxISR_16BITCRC
                0x08006ae0       0x34 ./Drivers/STM32L4xx_HAL_Driver/stm32l4xx_hal_spi.o
 .text.SPI_RxISR_16BIT
                0x08006b14       0x88 ./Drivers/STM32L4xx_HAL_Driver/stm32l4xx_hal_spi.o
 .text.SPI_TxISR_8BIT
                0x08006b9c       0x60 ./Drivers/STM32L4xx_HAL_Driver/stm32l4xx_hal_spi.o
 .text.SPI_TxISR_16BIT
                0x08006bfc       0x5e ./Drivers/STM32L4xx_HAL_Driver/stm32l4xx_hal_spi.o
 *fill*         0x08006c5a        0x2 
 .text.SPI_WaitFlagStateUntilTimeout
                0x08006c5c      0x110 ./Drivers/STM32L4xx_HAL_Driver/stm32l4xx_hal_spi.o
 .text.SPI_WaitFifoStateUntilTimeout
                0x08006d6c      0x12c ./Drivers/STM32L4xx_HAL_Driver/stm32l4xx_hal_spi.o
 .text.SPI_EndRxTransaction
                0x08006e98       0xb0 ./Drivers/STM32L4xx_HAL_Driver/stm32l4xx_hal_spi.o
 .text.SPI_EndRxTxTransaction
                0x08006f48       0x8c ./Drivers/STM32L4xx_HAL_Driver/stm32l4xx_hal_spi.o
 .text.SPI_CloseRxTx_ISR
                0x08006fd4       0xb8 ./Drivers/STM32L4xx_HAL_Driver/stm32l4xx_hal_spi.o
 .text.SPI_CloseRx_ISR
                0x0800708c       0x8c ./Drivers/STM32L4xx_HAL_Driver/stm32l4xx_hal_spi.o
 .text.SPI_CloseTx_ISR
                0x08007118       0x7e ./Drivers/STM32L4xx_HAL_Driver/stm32l4xx_hal_spi.o
 .text.HAL_UART_Init
                0x08007196       0x9c ./Drivers/STM32L4xx_HAL_Driver/stm32l4xx_hal_uart.o
                0x08007196                HAL_UART_Init
 .text.HAL_UART_MspInit
                0x08007232       0x14 ./Drivers/STM32L4xx_HAL_Driver/stm32l4xx_hal_uart.o
                0x08007232                HAL_UART_MspInit
 .text.HAL_UART_Transmit
                0x08007246      0x112 ./Drivers/STM32L4xx_HAL_Driver/stm32l4xx_hal_uart.o
                0x08007246                HAL_UART_Transmit
 .text.UART_SetConfig
                0x08007358      0x570 ./Drivers/STM32L4xx_HAL_Driver/stm32l4xx_hal_uart.o
                0x08007358                UART_SetConfig
 .text.UART_AdvFeatureConfig
                0x080078c8      0x144 ./Drivers/STM32L4xx_HAL_Driver/stm32l4xx_hal_uart.o
                0x080078c8                UART_AdvFeatureConfig
 .text.UART_CheckIdleState
                0x08007a0c      0x150 ./Drivers/STM32L4xx_HAL_Driver/stm32l4xx_hal_uart.o
                0x08007a0c                UART_CheckIdleState
 .text.UART_WaitOnFlagUntilTimeout
                0x08007b5c       0xce ./Drivers/STM32L4xx_HAL_Driver/stm32l4xx_hal_uart.o
                0x08007b5c                UART_WaitOnFlagUntilTimeout
 .text.UART_EndRxTransfer
                0x08007c2a       0xc8 ./Drivers/STM32L4xx_HAL_Driver/stm32l4xx_hal_uart.o
 *fill*         0x08007cf2        0x2 
 .text.std      0x08007cf4       0x6c C:/ST/STM32CubeIDE_1.15.0/STM32CubeIDE/plugins/com.st.stm32cube.ide.mcu.externaltools.gnu-tools-for-stm32.12.3.rel1.win32_1.0.200.202406191623/tools/bin/../lib/gcc/arm-none-eabi/12.3.1/../../../../arm-none-eabi/lib/thumb/v7e-m+fp/hard\libc_nano.a(libc_a-findfp.o)
 .text.stdio_exit_handler
                0x08007d60       0x18 C:/ST/STM32CubeIDE_1.15.0/STM32CubeIDE/plugins/com.st.stm32cube.ide.mcu.externaltools.gnu-tools-for-stm32.12.3.rel1.win32_1.0.200.202406191623/tools/bin/../lib/gcc/arm-none-eabi/12.3.1/../../../../arm-none-eabi/lib/thumb/v7e-m+fp/hard\libc_nano.a(libc_a-findfp.o)
 .text.cleanup_stdio
                0x08007d78       0x40 C:/ST/STM32CubeIDE_1.15.0/STM32CubeIDE/plugins/com.st.stm32cube.ide.mcu.externaltools.gnu-tools-for-stm32.12.3.rel1.win32_1.0.200.202406191623/tools/bin/../lib/gcc/arm-none-eabi/12.3.1/../../../../arm-none-eabi/lib/thumb/v7e-m+fp/hard\libc_nano.a(libc_a-findfp.o)
 .text.global_stdio_init.part.0
                0x08007db8       0x3c C:/ST/STM32CubeIDE_1.15.0/STM32CubeIDE/plugins/com.st.stm32cube.ide.mcu.externaltools.gnu-tools-for-stm32.12.3.rel1.win32_1.0.200.202406191623/tools/bin/../lib/gcc/arm-none-eabi/12.3.1/../../../../arm-none-eabi/lib/thumb/v7e-m+fp/hard\libc_nano.a(libc_a-findfp.o)
 .text.__sfp_lock_acquire
                0x08007df4        0xc C:/ST/STM32CubeIDE_1.15.0/STM32CubeIDE/plugins/com.st.stm32cube.ide.mcu.externaltools.gnu-tools-for-stm32.12.3.rel1.win32_1.0.200.202406191623/tools/bin/../lib/gcc/arm-none-eabi/12.3.1/../../../../arm-none-eabi/lib/thumb/v7e-m+fp/hard\libc_nano.a(libc_a-findfp.o)
                0x08007df4                __sfp_lock_acquire
 .text.__sfp_lock_release
                0x08007e00        0xc C:/ST/STM32CubeIDE_1.15.0/STM32CubeIDE/plugins/com.st.stm32cube.ide.mcu.externaltools.gnu-tools-for-stm32.12.3.rel1.win32_1.0.200.202406191623/tools/bin/../lib/gcc/arm-none-eabi/12.3.1/../../../../arm-none-eabi/lib/thumb/v7e-m+fp/hard\libc_nano.a(libc_a-findfp.o)
                0x08007e00                __sfp_lock_release
 .text.__sinit  0x08007e0c       0x30 C:/ST/STM32CubeIDE_1.15.0/STM32CubeIDE/plugins/com.st.stm32cube.ide.mcu.externaltools.gnu-tools-for-stm32.12.3.rel1.win32_1.0.200.202406191623/tools/bin/../lib/gcc/arm-none-eabi/12.3.1/../../../../arm-none-eabi/lib/thumb/v7e-m+fp/hard\libc_nano.a(libc_a-findfp.o)
                0x08007e0c                __sinit
 .text._fwalk_sglue
                0x08007e3c       0x3c C:/ST/STM32CubeIDE_1.15.0/STM32CubeIDE/plugins/com.st.stm32cube.ide.mcu.externaltools.gnu-tools-for-stm32.12.3.rel1.win32_1.0.200.202406191623/tools/bin/../lib/gcc/arm-none-eabi/12.3.1/../../../../arm-none-eabi/lib/thumb/v7e-m+fp/hard\libc_nano.a(libc_a-fwalk.o)
                0x08007e3c                _fwalk_sglue
 .text.printf   0x08007e78       0x24 C:/ST/STM32CubeIDE_1.15.0/STM32CubeIDE/plugins/com.st.stm32cube.ide.mcu.externaltools.gnu-tools-for-stm32.12.3.rel1.win32_1.0.200.202406191623/tools/bin/../lib/gcc/arm-none-eabi/12.3.1/../../../../arm-none-eabi/lib/thumb/v7e-m+fp/hard\libc_nano.a(libc_a-printf.o)
                0x08007e78                iprintf
                0x08007e78                printf
 .text._puts_r  0x08007e9c       0xaa C:/ST/STM32CubeIDE_1.15.0/STM32CubeIDE/plugins/com.st.stm32cube.ide.mcu.externaltools.gnu-tools-for-stm32.12.3.rel1.win32_1.0.200.202406191623/tools/bin/../lib/gcc/arm-none-eabi/12.3.1/../../../../arm-none-eabi/lib/thumb/v7e-m+fp/hard\libc_nano.a(libc_a-puts.o)
                0x08007e9c                _puts_r
 *fill*         0x08007f46        0x2 
 .text.puts     0x08007f48       0x10 C:/ST/STM32CubeIDE_1.15.0/STM32CubeIDE/plugins/com.st.stm32cube.ide.mcu.externaltools.gnu-tools-for-stm32.12.3.rel1.win32_1.0.200.202406191623/tools/bin/../lib/gcc/arm-none-eabi/12.3.1/../../../../arm-none-eabi/lib/thumb/v7e-m+fp/hard\libc_nano.a(libc_a-puts.o)
                0x08007f48                puts
 .text.sprintf  0x08007f58       0x40 C:/ST/STM32CubeIDE_1.15.0/STM32CubeIDE/plugins/com.st.stm32cube.ide.mcu.externaltools.gnu-tools-for-stm32.12.3.rel1.win32_1.0.200.202406191623/tools/bin/../lib/gcc/arm-none-eabi/12.3.1/../../../../arm-none-eabi/lib/thumb/v7e-m+fp/hard\libc_nano.a(libc_a-sprintf.o)
                0x08007f58                siprintf
                0x08007f58                sprintf
 .text.__sread  0x08007f98       0x22 C:/ST/STM32CubeIDE_1.15.0/STM32CubeIDE/plugins/com.st.stm32cube.ide.mcu.externaltools.gnu-tools-for-stm32.12.3.rel1.win32_1.0.200.202406191623/tools/bin/../lib/gcc/arm-none-eabi/12.3.1/../../../../arm-none-eabi/lib/thumb/v7e-m+fp/hard\libc_nano.a(libc_a-stdio.o)
                0x08007f98                __sread
 .text.__swrite
                0x08007fba       0x38 C:/ST/STM32CubeIDE_1.15.0/STM32CubeIDE/plugins/com.st.stm32cube.ide.mcu.externaltools.gnu-tools-for-stm32.12.3.rel1.win32_1.0.200.202406191623/tools/bin/../lib/gcc/arm-none-eabi/12.3.1/../../../../arm-none-eabi/lib/thumb/v7e-m+fp/hard\libc_nano.a(libc_a-stdio.o)
                0x08007fba                __swrite
 .text.__sseek  0x08007ff2       0x24 C:/ST/STM32CubeIDE_1.15.0/STM32CubeIDE/plugins/com.st.stm32cube.ide.mcu.externaltools.gnu-tools-for-stm32.12.3.rel1.win32_1.0.200.202406191623/tools/bin/../lib/gcc/arm-none-eabi/12.3.1/../../../../arm-none-eabi/lib/thumb/v7e-m+fp/hard\libc_nano.a(libc_a-stdio.o)
                0x08007ff2                __sseek
 .text.__sclose
                0x08008016        0x8 C:/ST/STM32CubeIDE_1.15.0/STM32CubeIDE/plugins/com.st.stm32cube.ide.mcu.externaltools.gnu-tools-for-stm32.12.3.rel1.win32_1.0.200.202406191623/tools/bin/../lib/gcc/arm-none-eabi/12.3.1/../../../../arm-none-eabi/lib/thumb/v7e-m+fp/hard\libc_nano.a(libc_a-stdio.o)
                0x08008016                __sclose
 .text.__swbuf_r
                0x0800801e       0x7c C:/ST/STM32CubeIDE_1.15.0/STM32CubeIDE/plugins/com.st.stm32cube.ide.mcu.externaltools.gnu-tools-for-stm32.12.3.rel1.win32_1.0.200.202406191623/tools/bin/../lib/gcc/arm-none-eabi/12.3.1/../../../../arm-none-eabi/lib/thumb/v7e-m+fp/hard\libc_nano.a(libc_a-wbuf.o)
                0x0800801e                __swbuf_r
 *fill*         0x0800809a        0x2 
 .text.__swsetup_r
                0x0800809c       0xac C:/ST/STM32CubeIDE_1.15.0/STM32CubeIDE/plugins/com.st.stm32cube.ide.mcu.externaltools.gnu-tools-for-stm32.12.3.rel1.win32_1.0.200.202406191623/tools/bin/../lib/gcc/arm-none-eabi/12.3.1/../../../../arm-none-eabi/lib/thumb/v7e-m+fp/hard\libc_nano.a(libc_a-wsetup.o)
                0x0800809c                __swsetup_r
 .text.memcmp   0x08008148       0x20 C:/ST/STM32CubeIDE_1.15.0/STM32CubeIDE/plugins/com.st.stm32cube.ide.mcu.externaltools.gnu-tools-for-stm32.12.3.rel1.win32_1.0.200.202406191623/tools/bin/../lib/gcc/arm-none-eabi/12.3.1/../../../../arm-none-eabi/lib/thumb/v7e-m+fp/hard\libc_nano.a(libc_a-memcmp.o)
                0x08008148                memcmp
 .text.memset   0x08008168       0x10 C:/ST/STM32CubeIDE_1.15.0/STM32CubeIDE/plugins/com.st.stm32cube.ide.mcu.externaltools.gnu-tools-for-stm32.12.3.rel1.win32_1.0.200.202406191623/tools/bin/../lib/gcc/arm-none-eabi/12.3.1/../../../../arm-none-eabi/lib/thumb/v7e-m+fp/hard\libc_nano.a(libc_a-memset.o)
                0x08008168                memset
 .text.strcat   0x08008178       0x1e C:/ST/STM32CubeIDE_1.15.0/STM32CubeIDE/plugins/com.st.stm32cube.ide.mcu.externaltools.gnu-tools-for-stm32.12.3.rel1.win32_1.0.200.202406191623/tools/bin/../lib/gcc/arm-none-eabi/12.3.1/../../../../arm-none-eabi/lib/thumb/v7e-m+fp/hard\libc_nano.a(libc_a-strcat.o)
                0x08008178                strcat
 .text.strncmp  0x08008196       0x24 C:/ST/STM32CubeIDE_1.15.0/STM32CubeIDE/plugins/com.st.stm32cube.ide.mcu.externaltools.gnu-tools-for-stm32.12.3.rel1.win32_1.0.200.202406191623/tools/bin/../lib/gcc/arm-none-eabi/12.3.1/../../../../arm-none-eabi/lib/thumb/v7e-m+fp/hard\libc_nano.a(libc_a-strncmp.o)
                0x08008196                strncmp
 .text.strncpy  0x080081ba       0x26 C:/ST/STM32CubeIDE_1.15.0/STM32CubeIDE/plugins/com.st.stm32cube.ide.mcu.externaltools.gnu-tools-for-stm32.12.3.rel1.win32_1.0.200.202406191623/tools/bin/../lib/gcc/arm-none-eabi/12.3.1/../../../../arm-none-eabi/lib/thumb/v7e-m+fp/hard\libc_nano.a(libc_a-strncpy.o)
                0x080081ba                strncpy
 .text.strtok   0x080081e0       0x68 C:/ST/STM32CubeIDE_1.15.0/STM32CubeIDE/plugins/com.st.stm32cube.ide.mcu.externaltools.gnu-tools-for-stm32.12.3.rel1.win32_1.0.200.202406191623/tools/bin/../lib/gcc/arm-none-eabi/12.3.1/../../../../arm-none-eabi/lib/thumb/v7e-m+fp/hard\libc_nano.a(libc_a-strtok.o)
                0x080081e0                strtok
 .text.__strtok_r
                0x08008248       0x50 C:/ST/STM32CubeIDE_1.15.0/STM32CubeIDE/plugins/com.st.stm32cube.ide.mcu.externaltools.gnu-tools-for-stm32.12.3.rel1.win32_1.0.200.202406191623/tools/bin/../lib/gcc/arm-none-eabi/12.3.1/../../../../arm-none-eabi/lib/thumb/v7e-m+fp/hard\libc_nano.a(libc_a-strtok_r.o)
                0x08008248                __strtok_r
 .text.strstr   0x08008298       0x2c C:/ST/STM32CubeIDE_1.15.0/STM32CubeIDE/plugins/com.st.stm32cube.ide.mcu.externaltools.gnu-tools-for-stm32.12.3.rel1.win32_1.0.200.202406191623/tools/bin/../lib/gcc/arm-none-eabi/12.3.1/../../../../arm-none-eabi/lib/thumb/v7e-m+fp/hard\libc_nano.a(libc_a-strstr.o)
                0x08008298                strstr
 .text._close_r
                0x080082c4       0x20 C:/ST/STM32CubeIDE_1.15.0/STM32CubeIDE/plugins/com.st.stm32cube.ide.mcu.externaltools.gnu-tools-for-stm32.12.3.rel1.win32_1.0.200.202406191623/tools/bin/../lib/gcc/arm-none-eabi/12.3.1/../../../../arm-none-eabi/lib/thumb/v7e-m+fp/hard\libc_nano.a(libc_a-closer.o)
                0x080082c4                _close_r
 .text._lseek_r
                0x080082e4       0x24 C:/ST/STM32CubeIDE_1.15.0/STM32CubeIDE/plugins/com.st.stm32cube.ide.mcu.externaltools.gnu-tools-for-stm32.12.3.rel1.win32_1.0.200.202406191623/tools/bin/../lib/gcc/arm-none-eabi/12.3.1/../../../../arm-none-eabi/lib/thumb/v7e-m+fp/hard\libc_nano.a(libc_a-lseekr.o)
                0x080082e4                _lseek_r
 .text._read_r  0x08008308       0x24 C:/ST/STM32CubeIDE_1.15.0/STM32CubeIDE/plugins/com.st.stm32cube.ide.mcu.externaltools.gnu-tools-for-stm32.12.3.rel1.win32_1.0.200.202406191623/tools/bin/../lib/gcc/arm-none-eabi/12.3.1/../../../../arm-none-eabi/lib/thumb/v7e-m+fp/hard\libc_nano.a(libc_a-readr.o)
                0x08008308                _read_r
 .text._write_r
                0x0800832c       0x24 C:/ST/STM32CubeIDE_1.15.0/STM32CubeIDE/plugins/com.st.stm32cube.ide.mcu.externaltools.gnu-tools-for-stm32.12.3.rel1.win32_1.0.200.202406191623/tools/bin/../lib/gcc/arm-none-eabi/12.3.1/../../../../arm-none-eabi/lib/thumb/v7e-m+fp/hard\libc_nano.a(libc_a-writer.o)
                0x0800832c                _write_r
 .text.__errno  0x08008350        0xc C:/ST/STM32CubeIDE_1.15.0/STM32CubeIDE/plugins/com.st.stm32cube.ide.mcu.externaltools.gnu-tools-for-stm32.12.3.rel1.win32_1.0.200.202406191623/tools/bin/../lib/gcc/arm-none-eabi/12.3.1/../../../../arm-none-eabi/lib/thumb/v7e-m+fp/hard\libc_nano.a(libc_a-errno.o)
                0x08008350                __errno
 .text.__libc_init_array
                0x0800835c       0x48 C:/ST/STM32CubeIDE_1.15.0/STM32CubeIDE/plugins/com.st.stm32cube.ide.mcu.externaltools.gnu-tools-for-stm32.12.3.rel1.win32_1.0.200.202406191623/tools/bin/../lib/gcc/arm-none-eabi/12.3.1/../../../../arm-none-eabi/lib/thumb/v7e-m+fp/hard\libc_nano.a(libc_a-init.o)
                0x0800835c                __libc_init_array
 .text.__retarget_lock_init_recursive
                0x080083a4        0x2 C:/ST/STM32CubeIDE_1.15.0/STM32CubeIDE/plugins/com.st.stm32cube.ide.mcu.externaltools.gnu-tools-for-stm32.12.3.rel1.win32_1.0.200.202406191623/tools/bin/../lib/gcc/arm-none-eabi/12.3.1/../../../../arm-none-eabi/lib/thumb/v7e-m+fp/hard\libc_nano.a(libc_a-lock.o)
                0x080083a4                __retarget_lock_init_recursive
 .text.__retarget_lock_acquire_recursive
                0x080083a6        0x2 C:/ST/STM32CubeIDE_1.15.0/STM32CubeIDE/plugins/com.st.stm32cube.ide.mcu.externaltools.gnu-tools-for-stm32.12.3.rel1.win32_1.0.200.202406191623/tools/bin/../lib/gcc/arm-none-eabi/12.3.1/../../../../arm-none-eabi/lib/thumb/v7e-m+fp/hard\libc_nano.a(libc_a-lock.o)
                0x080083a6                __retarget_lock_acquire_recursive
 .text.__retarget_lock_release_recursive
                0x080083a8        0x2 C:/ST/STM32CubeIDE_1.15.0/STM32CubeIDE/plugins/com.st.stm32cube.ide.mcu.externaltools.gnu-tools-for-stm32.12.3.rel1.win32_1.0.200.202406191623/tools/bin/../lib/gcc/arm-none-eabi/12.3.1/../../../../arm-none-eabi/lib/thumb/v7e-m+fp/hard\libc_nano.a(libc_a-lock.o)
                0x080083a8                __retarget_lock_release_recursive
 .text.memcpy   0x080083aa       0x1c C:/ST/STM32CubeIDE_1.15.0/STM32CubeIDE/plugins/com.st.stm32cube.ide.mcu.externaltools.gnu-tools-for-stm32.12.3.rel1.win32_1.0.200.202406191623/tools/bin/../lib/gcc/arm-none-eabi/12.3.1/../../../../arm-none-eabi/lib/thumb/v7e-m+fp/hard\libc_nano.a(libc_a-memcpy-stub.o)
                0x080083aa                memcpy
 *fill*         0x080083c6        0x2 
 .text.__assert_func
                0x080083c8       0x3c C:/ST/STM32CubeIDE_1.15.0/STM32CubeIDE/plugins/com.st.stm32cube.ide.mcu.externaltools.gnu-tools-for-stm32.12.3.rel1.win32_1.0.200.202406191623/tools/bin/../lib/gcc/arm-none-eabi/12.3.1/../../../../arm-none-eabi/lib/thumb/v7e-m+fp/hard\libc_nano.a(libc_a-assert.o)
                0x080083c8                __assert_func
 .text._free_r  0x08008404       0x94 C:/ST/STM32CubeIDE_1.15.0/STM32CubeIDE/plugins/com.st.stm32cube.ide.mcu.externaltools.gnu-tools-for-stm32.12.3.rel1.win32_1.0.200.202406191623/tools/bin/../lib/gcc/arm-none-eabi/12.3.1/../../../../arm-none-eabi/lib/thumb/v7e-m+fp/hard\libc_nano.a(libc_a-freer.o)
                0x08008404                _free_r
 .text.malloc   0x08008498       0x10 C:/ST/STM32CubeIDE_1.15.0/STM32CubeIDE/plugins/com.st.stm32cube.ide.mcu.externaltools.gnu-tools-for-stm32.12.3.rel1.win32_1.0.200.202406191623/tools/bin/../lib/gcc/arm-none-eabi/12.3.1/../../../../arm-none-eabi/lib/thumb/v7e-m+fp/hard\libc_nano.a(libc_a-malloc.o)
                0x08008498                malloc
 .text.sbrk_aligned
                0x080084a8       0x44 C:/ST/STM32CubeIDE_1.15.0/STM32CubeIDE/plugins/com.st.stm32cube.ide.mcu.externaltools.gnu-tools-for-stm32.12.3.rel1.win32_1.0.200.202406191623/tools/bin/../lib/gcc/arm-none-eabi/12.3.1/../../../../arm-none-eabi/lib/thumb/v7e-m+fp/hard\libc_nano.a(libc_a-mallocr.o)
 .text._malloc_r
                0x080084ec      0x100 C:/ST/STM32CubeIDE_1.15.0/STM32CubeIDE/plugins/com.st.stm32cube.ide.mcu.externaltools.gnu-tools-for-stm32.12.3.rel1.win32_1.0.200.202406191623/tools/bin/../lib/gcc/arm-none-eabi/12.3.1/../../../../arm-none-eabi/lib/thumb/v7e-m+fp/hard\libc_nano.a(libc_a-mallocr.o)
                0x080084ec                _malloc_r
 .text.__malloc_lock
                0x080085ec        0xc C:/ST/STM32CubeIDE_1.15.0/STM32CubeIDE/plugins/com.st.stm32cube.ide.mcu.externaltools.gnu-tools-for-stm32.12.3.rel1.win32_1.0.200.202406191623/tools/bin/../lib/gcc/arm-none-eabi/12.3.1/../../../../arm-none-eabi/lib/thumb/v7e-m+fp/hard\libc_nano.a(libc_a-mlock.o)
                0x080085ec                __malloc_lock
 .text.__malloc_unlock
                0x080085f8        0xc C:/ST/STM32CubeIDE_1.15.0/STM32CubeIDE/plugins/com.st.stm32cube.ide.mcu.externaltools.gnu-tools-for-stm32.12.3.rel1.win32_1.0.200.202406191623/tools/bin/../lib/gcc/arm-none-eabi/12.3.1/../../../../arm-none-eabi/lib/thumb/v7e-m+fp/hard\libc_nano.a(libc_a-mlock.o)
                0x080085f8                __malloc_unlock
 .text.__ssputs_r
                0x08008604       0xb6 C:/ST/STM32CubeIDE_1.15.0/STM32CubeIDE/plugins/com.st.stm32cube.ide.mcu.externaltools.gnu-tools-for-stm32.12.3.rel1.win32_1.0.200.202406191623/tools/bin/../lib/gcc/arm-none-eabi/12.3.1/../../../../arm-none-eabi/lib/thumb/v7e-m+fp/hard\libc_nano.a(libc_a-nano-svfprintf.o)
                0x08008604                __ssputs_r
 *fill*         0x080086ba        0x2 
 .text._svfprintf_r
                0x080086bc      0x1f8 C:/ST/STM32CubeIDE_1.15.0/STM32CubeIDE/plugins/com.st.stm32cube.ide.mcu.externaltools.gnu-tools-for-stm32.12.3.rel1.win32_1.0.200.202406191623/tools/bin/../lib/gcc/arm-none-eabi/12.3.1/../../../../arm-none-eabi/lib/thumb/v7e-m+fp/hard\libc_nano.a(libc_a-nano-svfprintf.o)
                0x080086bc                _svfiprintf_r
                0x080086bc                _svfprintf_r
 .text.__sfputc_r
                0x080088b4       0x2e C:/ST/STM32CubeIDE_1.15.0/STM32CubeIDE/plugins/com.st.stm32cube.ide.mcu.externaltools.gnu-tools-for-stm32.12.3.rel1.win32_1.0.200.202406191623/tools/bin/../lib/gcc/arm-none-eabi/12.3.1/../../../../arm-none-eabi/lib/thumb/v7e-m+fp/hard\libc_nano.a(libc_a-nano-vfprintf.o)
 .text.__sfputs_r
                0x080088e2       0x24 C:/ST/STM32CubeIDE_1.15.0/STM32CubeIDE/plugins/com.st.stm32cube.ide.mcu.externaltools.gnu-tools-for-stm32.12.3.rel1.win32_1.0.200.202406191623/tools/bin/../lib/gcc/arm-none-eabi/12.3.1/../../../../arm-none-eabi/lib/thumb/v7e-m+fp/hard\libc_nano.a(libc_a-nano-vfprintf.o)
                0x080088e2                __sfputs_r
 *fill*         0x08008906        0x2 
 .text._vfprintf_r
                0x08008908      0x230 C:/ST/STM32CubeIDE_1.15.0/STM32CubeIDE/plugins/com.st.stm32cube.ide.mcu.externaltools.gnu-tools-for-stm32.12.3.rel1.win32_1.0.200.202406191623/tools/bin/../lib/gcc/arm-none-eabi/12.3.1/../../../../arm-none-eabi/lib/thumb/v7e-m+fp/hard\libc_nano.a(libc_a-nano-vfprintf.o)
                0x08008908                _vfprintf_r
                0x08008908                _vfiprintf_r
 .text._printf_common
                0x08008b38       0xda C:/ST/STM32CubeIDE_1.15.0/STM32CubeIDE/plugins/com.st.stm32cube.ide.mcu.externaltools.gnu-tools-for-stm32.12.3.rel1.win32_1.0.200.202406191623/tools/bin/../lib/gcc/arm-none-eabi/12.3.1/../../../../arm-none-eabi/lib/thumb/v7e-m+fp/hard\libc_nano.a(libc_a-nano-vfprintf_i.o)
                0x08008b38                _printf_common
 *fill*         0x08008c12        0x2 
 .text._printf_i
                0x08008c14      0x240 C:/ST/STM32CubeIDE_1.15.0/STM32CubeIDE/plugins/com.st.stm32cube.ide.mcu.externaltools.gnu-tools-for-stm32.12.3.rel1.win32_1.0.200.202406191623/tools/bin/../lib/gcc/arm-none-eabi/12.3.1/../../../../arm-none-eabi/lib/thumb/v7e-m+fp/hard\libc_nano.a(libc_a-nano-vfprintf_i.o)
                0x08008c14                _printf_i
 .text.__sflush_r
                0x08008e54      0x108 C:/ST/STM32CubeIDE_1.15.0/STM32CubeIDE/plugins/com.st.stm32cube.ide.mcu.externaltools.gnu-tools-for-stm32.12.3.rel1.win32_1.0.200.202406191623/tools/bin/../lib/gcc/arm-none-eabi/12.3.1/../../../../arm-none-eabi/lib/thumb/v7e-m+fp/hard\libc_nano.a(libc_a-fflush.o)
                0x08008e54                __sflush_r
 .text._fflush_r
                0x08008f5c       0x50 C:/ST/STM32CubeIDE_1.15.0/STM32CubeIDE/plugins/com.st.stm32cube.ide.mcu.externaltools.gnu-tools-for-stm32.12.3.rel1.win32_1.0.200.202406191623/tools/bin/../lib/gcc/arm-none-eabi/12.3.1/../../../../arm-none-eabi/lib/thumb/v7e-m+fp/hard\libc_nano.a(libc_a-fflush.o)
                0x08008f5c                _fflush_r
 .text.fprintf  0x08008fac       0x24 C:/ST/STM32CubeIDE_1.15.0/STM32CubeIDE/plugins/com.st.stm32cube.ide.mcu.externaltools.gnu-tools-for-stm32.12.3.rel1.win32_1.0.200.202406191623/tools/bin/../lib/gcc/arm-none-eabi/12.3.1/../../../../arm-none-eabi/lib/thumb/v7e-m+fp/hard\libc_nano.a(libc_a-fprintf.o)
                0x08008fac                fiprintf
                0x08008fac                fprintf
 .text.__swhatbuf_r
                0x08008fd0       0x4c C:/ST/STM32CubeIDE_1.15.0/STM32CubeIDE/plugins/com.st.stm32cube.ide.mcu.externaltools.gnu-tools-for-stm32.12.3.rel1.win32_1.0.200.202406191623/tools/bin/../lib/gcc/arm-none-eabi/12.3.1/../../../../arm-none-eabi/lib/thumb/v7e-m+fp/hard\libc_nano.a(libc_a-makebuf.o)
                0x08008fd0                __swhatbuf_r
 .text.__smakebuf_r
                0x0800901c       0x78 C:/ST/STM32CubeIDE_1.15.0/STM32CubeIDE/plugins/com.st.stm32cube.ide.mcu.externaltools.gnu-tools-for-stm32.12.3.rel1.win32_1.0.200.202406191623/tools/bin/../lib/gcc/arm-none-eabi/12.3.1/../../../../arm-none-eabi/lib/thumb/v7e-m+fp/hard\libc_nano.a(libc_a-makebuf.o)
                0x0800901c                __smakebuf_r
 .text.memmove  0x08009094       0x34 C:/ST/STM32CubeIDE_1.15.0/STM32CubeIDE/plugins/com.st.stm32cube.ide.mcu.externaltools.gnu-tools-for-stm32.12.3.rel1.win32_1.0.200.202406191623/tools/bin/../lib/gcc/arm-none-eabi/12.3.1/../../../../arm-none-eabi/lib/thumb/v7e-m+fp/hard\libc_nano.a(libc_a-memmove.o)
                0x08009094                memmove
 .text._fstat_r
                0x080090c8       0x24 C:/ST/STM32CubeIDE_1.15.0/STM32CubeIDE/plugins/com.st.stm32cube.ide.mcu.externaltools.gnu-tools-for-stm32.12.3.rel1.win32_1.0.200.202406191623/tools/bin/../lib/gcc/arm-none-eabi/12.3.1/../../../../arm-none-eabi/lib/thumb/v7e-m+fp/hard\libc_nano.a(libc_a-fstatr.o)
                0x080090c8                _fstat_r
 .text._isatty_r
                0x080090ec       0x20 C:/ST/STM32CubeIDE_1.15.0/STM32CubeIDE/plugins/com.st.stm32cube.ide.mcu.externaltools.gnu-tools-for-stm32.12.3.rel1.win32_1.0.200.202406191623/tools/bin/../lib/gcc/arm-none-eabi/12.3.1/../../../../arm-none-eabi/lib/thumb/v7e-m+fp/hard\libc_nano.a(libc_a-isattyr.o)
                0x080090ec                _isatty_r
 .text._sbrk_r  0x0800910c       0x20 C:/ST/STM32CubeIDE_1.15.0/STM32CubeIDE/plugins/com.st.stm32cube.ide.mcu.externaltools.gnu-tools-for-stm32.12.3.rel1.win32_1.0.200.202406191623/tools/bin/../lib/gcc/arm-none-eabi/12.3.1/../../../../arm-none-eabi/lib/thumb/v7e-m+fp/hard\libc_nano.a(libc_a-sbrkr.o)
                0x0800910c                _sbrk_r
 .text.abort    0x0800912c        0xe C:/ST/STM32CubeIDE_1.15.0/STM32CubeIDE/plugins/com.st.stm32cube.ide.mcu.externaltools.gnu-tools-for-stm32.12.3.rel1.win32_1.0.200.202406191623/tools/bin/../lib/gcc/arm-none-eabi/12.3.1/../../../../arm-none-eabi/lib/thumb/v7e-m+fp/hard\libc_nano.a(libc_a-abort.o)
                0x0800912c                abort
 .text._realloc_r
                0x0800913a       0x5c C:/ST/STM32CubeIDE_1.15.0/STM32CubeIDE/plugins/com.st.stm32cube.ide.mcu.externaltools.gnu-tools-for-stm32.12.3.rel1.win32_1.0.200.202406191623/tools/bin/../lib/gcc/arm-none-eabi/12.3.1/../../../../arm-none-eabi/lib/thumb/v7e-m+fp/hard\libc_nano.a(libc_a-reallocr.o)
                0x0800913a                _realloc_r
 .text._raise_r
                0x08009196       0x50 C:/ST/STM32CubeIDE_1.15.0/STM32CubeIDE/plugins/com.st.stm32cube.ide.mcu.externaltools.gnu-tools-for-stm32.12.3.rel1.win32_1.0.200.202406191623/tools/bin/../lib/gcc/arm-none-eabi/12.3.1/../../../../arm-none-eabi/lib/thumb/v7e-m+fp/hard\libc_nano.a(libc_a-signal.o)
                0x08009196                _raise_r
 *fill*         0x080091e6        0x2 
 .text.raise    0x080091e8       0x10 C:/ST/STM32CubeIDE_1.15.0/STM32CubeIDE/plugins/com.st.stm32cube.ide.mcu.externaltools.gnu-tools-for-stm32.12.3.rel1.win32_1.0.200.202406191623/tools/bin/../lib/gcc/arm-none-eabi/12.3.1/../../../../arm-none-eabi/lib/thumb/v7e-m+fp/hard\libc_nano.a(libc_a-signal.o)
                0x080091e8                raise
 .text._kill_r  0x080091f8       0x24 C:/ST/STM32CubeIDE_1.15.0/STM32CubeIDE/plugins/com.st.stm32cube.ide.mcu.externaltools.gnu-tools-for-stm32.12.3.rel1.win32_1.0.200.202406191623/tools/bin/../lib/gcc/arm-none-eabi/12.3.1/../../../../arm-none-eabi/lib/thumb/v7e-m+fp/hard\libc_nano.a(libc_a-signalr.o)
                0x080091f8                _kill_r
 .text._getpid_r
                0x0800921c        0x4 C:/ST/STM32CubeIDE_1.15.0/STM32CubeIDE/plugins/com.st.stm32cube.ide.mcu.externaltools.gnu-tools-for-stm32.12.3.rel1.win32_1.0.200.202406191623/tools/bin/../lib/gcc/arm-none-eabi/12.3.1/../../../../arm-none-eabi/lib/thumb/v7e-m+fp/hard\libc_nano.a(libc_a-signalr.o)
                0x0800921c                _getpid_r
 .text._malloc_usable_size_r
                0x08009220       0x10 C:/ST/STM32CubeIDE_1.15.0/STM32CubeIDE/plugins/com.st.stm32cube.ide.mcu.externaltools.gnu-tools-for-stm32.12.3.rel1.win32_1.0.200.202406191623/tools/bin/../lib/gcc/arm-none-eabi/12.3.1/../../../../arm-none-eabi/lib/thumb/v7e-m+fp/hard\libc_nano.a(libc_a-msizer.o)
                0x08009220                _malloc_usable_size_r
 *(.glue_7)
 .glue_7        0x08009230        0x0 linker stubs
 *(.glue_7t)
 .glue_7t       0x08009230        0x0 linker stubs
 *(.eh_frame)
 .eh_frame      0x08009230        0x0 C:/ST/STM32CubeIDE_1.15.0/STM32CubeIDE/plugins/com.st.stm32cube.ide.mcu.externaltools.gnu-tools-for-stm32.12.3.rel1.win32_1.0.200.202406191623/tools/bin/../lib/gcc/arm-none-eabi/12.3.1/thumb/v7e-m+fp/hard/crtbegin.o
 *(.init)
 .init          0x08009230        0x4 C:/ST/STM32CubeIDE_1.15.0/STM32CubeIDE/plugins/com.st.stm32cube.ide.mcu.externaltools.gnu-tools-for-stm32.12.3.rel1.win32_1.0.200.202406191623/tools/bin/../lib/gcc/arm-none-eabi/12.3.1/thumb/v7e-m+fp/hard/crti.o
                0x08009230                _init
 .init          0x08009234        0x8 C:/ST/STM32CubeIDE_1.15.0/STM32CubeIDE/plugins/com.st.stm32cube.ide.mcu.externaltools.gnu-tools-for-stm32.12.3.rel1.win32_1.0.200.202406191623/tools/bin/../lib/gcc/arm-none-eabi/12.3.1/thumb/v7e-m+fp/hard/crtn.o
 *(.fini)
 .fini          0x0800923c        0x4 C:/ST/STM32CubeIDE_1.15.0/STM32CubeIDE/plugins/com.st.stm32cube.ide.mcu.externaltools.gnu-tools-for-stm32.12.3.rel1.win32_1.0.200.202406191623/tools/bin/../lib/gcc/arm-none-eabi/12.3.1/thumb/v7e-m+fp/hard/crti.o
                0x0800923c                _fini
 .fini          0x08009240        0x8 C:/ST/STM32CubeIDE_1.15.0/STM32CubeIDE/plugins/com.st.stm32cube.ide.mcu.externaltools.gnu-tools-for-stm32.12.3.rel1.win32_1.0.200.202406191623/tools/bin/../lib/gcc/arm-none-eabi/12.3.1/thumb/v7e-m+fp/hard/crtn.o
                0x08009248                        . = ALIGN (0x4)
                0x08009248                        _etext = .

.vfp11_veneer   0x08009248        0x0
 .vfp11_veneer  0x08009248        0x0 linker stubs

.v4_bx          0x08009248        0x0
 .v4_bx         0x08009248        0x0 linker stubs

.iplt           0x08009248        0x0
 .iplt          0x08009248        0x0 C:/ST/STM32CubeIDE_1.15.0/STM32CubeIDE/plugins/com.st.stm32cube.ide.mcu.externaltools.gnu-tools-for-stm32.12.3.rel1.win32_1.0.200.202406191623/tools/bin/../lib/gcc/arm-none-eabi/12.3.1/thumb/v7e-m+fp/hard/crtbegin.o

.rodata         0x08009248      0xc3c
                0x08009248                        . = ALIGN (0x4)
 *(.rodata)
 .rodata        0x08009248      0x5ef ./Application/User/main.o
 *fill*         0x08009837        0x1 
 .rodata        0x08009838      0x522 ./Application/WIFI/es_wifi.o
 *(.rodata*)
 *fill*         0x08009d5a        0x2 
 .rodata.AHBPrescTable
                0x08009d5c       0x10 ./Drivers/CMSIS/system_stm32l4xx.o
                0x08009d5c                AHBPrescTable
 .rodata.APBPrescTable
                0x08009d6c        0x8 ./Drivers/CMSIS/system_stm32l4xx.o
                0x08009d6c                APBPrescTable
 .rodata.MSIRangeTable
                0x08009d74       0x30 ./Drivers/CMSIS/system_stm32l4xx.o
                0x08009d74                MSIRangeTable
 .rodata.strtok.str1.1
                0x08009da4       0x71 C:/ST/STM32CubeIDE_1.15.0/STM32CubeIDE/plugins/com.st.stm32cube.ide.mcu.externaltools.gnu-tools-for-stm32.12.3.rel1.win32_1.0.200.202406191623/tools/bin/../lib/gcc/arm-none-eabi/12.3.1/../../../../arm-none-eabi/lib/thumb/v7e-m+fp/hard\libc_nano.a(libc_a-strtok.o)
 .rodata.__assert_func.str1.1
                0x08009e15       0x3c C:/ST/STM32CubeIDE_1.15.0/STM32CubeIDE/plugins/com.st.stm32cube.ide.mcu.externaltools.gnu-tools-for-stm32.12.3.rel1.win32_1.0.200.202406191623/tools/bin/../lib/gcc/arm-none-eabi/12.3.1/../../../../arm-none-eabi/lib/thumb/v7e-m+fp/hard\libc_nano.a(libc_a-assert.o)
                                 0x3d (size before relaxing)
 .rodata._svfprintf_r.str1.1
                0x08009e51       0x11 C:/ST/STM32CubeIDE_1.15.0/STM32CubeIDE/plugins/com.st.stm32cube.ide.mcu.externaltools.gnu-tools-for-stm32.12.3.rel1.win32_1.0.200.202406191623/tools/bin/../lib/gcc/arm-none-eabi/12.3.1/../../../../arm-none-eabi/lib/thumb/v7e-m+fp/hard\libc_nano.a(libc_a-nano-svfprintf.o)
 .rodata._vfprintf_r.str1.1
                0x08009e62       0x11 C:/ST/STM32CubeIDE_1.15.0/STM32CubeIDE/plugins/com.st.stm32cube.ide.mcu.externaltools.gnu-tools-for-stm32.12.3.rel1.win32_1.0.200.202406191623/tools/bin/../lib/gcc/arm-none-eabi/12.3.1/../../../../arm-none-eabi/lib/thumb/v7e-m+fp/hard\libc_nano.a(libc_a-nano-vfprintf.o)
 .rodata._printf_i.str1.1
                0x08009e62       0x22 C:/ST/STM32CubeIDE_1.15.0/STM32CubeIDE/plugins/com.st.stm32cube.ide.mcu.externaltools.gnu-tools-for-stm32.12.3.rel1.win32_1.0.200.202406191623/tools/bin/../lib/gcc/arm-none-eabi/12.3.1/../../../../arm-none-eabi/lib/thumb/v7e-m+fp/hard\libc_nano.a(libc_a-nano-vfprintf_i.o)
                0x08009e84                        . = ALIGN (0x4)

.ARM.extab      0x08009e84        0x0
                0x08009e84                        . = ALIGN (0x4)
 *(.ARM.extab* .gnu.linkonce.armextab.*)
                0x08009e84                        . = ALIGN (0x4)

.ARM            0x08009e84        0x8
                0x08009e84                        . = ALIGN (0x4)
                0x08009e84                        __exidx_start = .
 *(.ARM.exidx*)
 .ARM.exidx     0x08009e84        0x8 C:/ST/STM32CubeIDE_1.15.0/STM32CubeIDE/plugins/com.st.stm32cube.ide.mcu.externaltools.gnu-tools-for-stm32.12.3.rel1.win32_1.0.200.202406191623/tools/bin/../lib/gcc/arm-none-eabi/12.3.1/../../../../arm-none-eabi/lib/thumb/v7e-m+fp/hard\libc_nano.a(libc_a-strlen.o)
 .ARM.exidx     0x08009e8c        0x0 C:/ST/STM32CubeIDE_1.15.0/STM32CubeIDE/plugins/com.st.stm32cube.ide.mcu.externaltools.gnu-tools-for-stm32.12.3.rel1.win32_1.0.200.202406191623/tools/bin/../lib/gcc/arm-none-eabi/12.3.1/../../../../arm-none-eabi/lib/thumb/v7e-m+fp/hard\libc_nano.a(libc_a-memchr.o)
                                  0x8 (size before relaxing)
 .ARM.exidx     0x08009e8c        0x0 C:/ST/STM32CubeIDE_1.15.0/STM32CubeIDE/plugins/com.st.stm32cube.ide.mcu.externaltools.gnu-tools-for-stm32.12.3.rel1.win32_1.0.200.202406191623/tools/bin/../lib/gcc/arm-none-eabi/12.3.1/thumb/v7e-m+fp/hard\libgcc.a(_udivmoddi4.o)
                                  0x8 (size before relaxing)
                0x08009e8c                        __exidx_end = .
                0x08009e8c                        . = ALIGN (0x4)

.rel.dyn        0x08009e8c        0x0
 .rel.iplt      0x08009e8c        0x0 C:/ST/STM32CubeIDE_1.15.0/STM32CubeIDE/plugins/com.st.stm32cube.ide.mcu.externaltools.gnu-tools-for-stm32.12.3.rel1.win32_1.0.200.202406191623/tools/bin/../lib/gcc/arm-none-eabi/12.3.1/thumb/v7e-m+fp/hard/crtbegin.o

.preinit_array  0x08009e8c        0x0
                0x08009e8c                        . = ALIGN (0x4)
                0x08009e8c                        PROVIDE (__preinit_array_start = .)
 *(.preinit_array*)
                0x08009e8c                        PROVIDE (__preinit_array_end = .)
                0x08009e8c                        . = ALIGN (0x4)

.init_array     0x08009e8c        0x4
                0x08009e8c                        . = ALIGN (0x4)
                0x08009e8c                        PROVIDE (__init_array_start = .)
 *(SORT_BY_NAME(.init_array.*))
 *(.init_array*)
 .init_array    0x08009e8c        0x4 C:/ST/STM32CubeIDE_1.15.0/STM32CubeIDE/plugins/com.st.stm32cube.ide.mcu.externaltools.gnu-tools-for-stm32.12.3.rel1.win32_1.0.200.202406191623/tools/bin/../lib/gcc/arm-none-eabi/12.3.1/thumb/v7e-m+fp/hard/crtbegin.o
                0x08009e90                        PROVIDE (__init_array_end = .)
                0x08009e90                        . = ALIGN (0x4)

.fini_array     0x08009e90        0x4
                0x08009e90                        . = ALIGN (0x4)
                [!provide]                        PROVIDE (__fini_array_start = .)
 *(SORT_BY_NAME(.fini_array.*))
 *(.fini_array*)
 .fini_array    0x08009e90        0x4 C:/ST/STM32CubeIDE_1.15.0/STM32CubeIDE/plugins/com.st.stm32cube.ide.mcu.externaltools.gnu-tools-for-stm32.12.3.rel1.win32_1.0.200.202406191623/tools/bin/../lib/gcc/arm-none-eabi/12.3.1/thumb/v7e-m+fp/hard/crtbegin.o
                [!provide]                        PROVIDE (__fini_array_end = .)
                0x08009e94                        . = ALIGN (0x4)
                0x08009e94                        _sidata = LOADADDR (.data)

.data           0x20000000       0x88 load address 0x08009e94
                0x20000000                        . = ALIGN (0x4)
                0x20000000                        _sdata = .
 *(.data)
 *(.data*)
 .data.HTS221_T_Drv
                0x20000000       0x10 ./Drivers/BSP/hts221.o
                0x20000000                HTS221_T_Drv
 .data.SystemCoreClock
                0x20000010        0x4 ./Drivers/CMSIS/system_stm32l4xx.o
                0x20000010                SystemCoreClock
 .data.GPIO_PORT
                0x20000014        0x4 ./Drivers/STM32L4xx_HAL_Driver/stm32l475e_iot01.o
                0x20000014                GPIO_PORT
 .data.COM_USART
                0x20000018        0x4 ./Drivers/STM32L4xx_HAL_Driver/stm32l475e_iot01.o
                0x20000018                COM_USART
 .data.COM_TX_PORT
                0x2000001c        0x4 ./Drivers/STM32L4xx_HAL_Driver/stm32l475e_iot01.o
                0x2000001c                COM_TX_PORT
 .data.COM_RX_PORT
                0x20000020        0x4 ./Drivers/STM32L4xx_HAL_Driver/stm32l475e_iot01.o
                0x20000020                COM_RX_PORT
 .data.uwTickPrio
                0x20000024        0x4 ./Drivers/STM32L4xx_HAL_Driver/stm32l4xx_hal.o
                0x20000024                uwTickPrio
 .data.uwTickFreq
                0x20000028        0x1 ./Drivers/STM32L4xx_HAL_Driver/stm32l4xx_hal.o
                0x20000028                uwTickFreq
 *fill*         0x20000029        0x3 
 .data.__sglue  0x2000002c        0xc C:/ST/STM32CubeIDE_1.15.0/STM32CubeIDE/plugins/com.st.stm32cube.ide.mcu.externaltools.gnu-tools-for-stm32.12.3.rel1.win32_1.0.200.202406191623/tools/bin/../lib/gcc/arm-none-eabi/12.3.1/../../../../arm-none-eabi/lib/thumb/v7e-m+fp/hard\libc_nano.a(libc_a-findfp.o)
                0x2000002c                __sglue
 .data._impure_ptr
                0x20000038        0x4 C:/ST/STM32CubeIDE_1.15.0/STM32CubeIDE/plugins/com.st.stm32cube.ide.mcu.externaltools.gnu-tools-for-stm32.12.3.rel1.win32_1.0.200.202406191623/tools/bin/../lib/gcc/arm-none-eabi/12.3.1/../../../../arm-none-eabi/lib/thumb/v7e-m+fp/hard\libc_nano.a(libc_a-impure.o)
                0x20000038                _impure_ptr
 .data._impure_data
                0x2000003c       0x4c C:/ST/STM32CubeIDE_1.15.0/STM32CubeIDE/plugins/com.st.stm32cube.ide.mcu.externaltools.gnu-tools-for-stm32.12.3.rel1.win32_1.0.200.202406191623/tools/bin/../lib/gcc/arm-none-eabi/12.3.1/../../../../arm-none-eabi/lib/thumb/v7e-m+fp/hard\libc_nano.a(libc_a-impure.o)
                0x2000003c                _impure_data
 *(.RamFunc)
 *(.RamFunc*)
                0x20000088                        . = ALIGN (0x4)
                0x20000088                        _edata = .
                0x08009f1c                        _sisram2 = LOADADDR (.sram2)

.igot.plt       0x20000088        0x0 load address 0x08009f1c
 .igot.plt      0x20000088        0x0 C:/ST/STM32CubeIDE_1.15.0/STM32CubeIDE/plugins/com.st.stm32cube.ide.mcu.externaltools.gnu-tools-for-stm32.12.3.rel1.win32_1.0.200.202406191623/tools/bin/../lib/gcc/arm-none-eabi/12.3.1/thumb/v7e-m+fp/hard/crtbegin.o

.sram2          0x10000000        0x0 load address 0x08009f1c
                0x10000000                        . = ALIGN (0x4)
                0x10000000                        _ssram2 = .
 *(.sram2)
 *(.sram2*)
                0x10000000                        . = ALIGN (0x4)
                0x10000000                        _esram2 = .
                0x10000000                        . = ALIGN (0x4)

.bss            0x20000088     0x13d0
                0x20000088                        _sbss = .
                0x20000088                        __bss_start__ = _sbss
 *(.bss)
 .bss           0x20000088       0x1c C:/ST/STM32CubeIDE_1.15.0/STM32CubeIDE/plugins/com.st.stm32cube.ide.mcu.externaltools.gnu-tools-for-stm32.12.3.rel1.win32_1.0.200.202406191623/tools/bin/../lib/gcc/arm-none-eabi/12.3.1/thumb/v7e-m+fp/hard/crtbegin.o
 *(.bss*)
 .bss.http      0x200000a4      0x400 ./Application/User/main.o
 .bss.IP_Addr   0x200004a4        0x4 ./Application/User/main.o
 .bss.LedState  0x200004a8        0x4 ./Application/User/main.o
 .bss.resp.0    0x200004ac      0x400 ./Application/User/main.o
 .bss.__sbrk_heap_end
                0x200008ac        0x4 ./Application/User/sysmem.o
 .bss.issue15   0x200008b0        0x4 ./Application/WIFI/es_wifi.o
                0x200008b0                issue15
 .bss.hspi      0x200008b4       0x64 ./Application/WIFI/es_wifi_io.o
                0x200008b4                hspi
 .bss.spi_rx_event
                0x20000918        0x4 ./Application/WIFI/es_wifi_io.o
 .bss.spi_tx_event
                0x2000091c        0x4 ./Application/WIFI/es_wifi_io.o
 .bss.cmddata_rdy_rising_event
                0x20000920        0x4 ./Application/WIFI/es_wifi_io.o
 .bss.cycle_per_loop.0
                0x20000924        0x4 ./Application/WIFI/es_wifi_io.o
 .bss.EsWifiObj
                0x20000928      0x900 ./Application/WIFI/wifi.o
 .bss.hI2cHandler
                0x20001228       0x54 ./Drivers/STM32L4xx_HAL_Driver/stm32l475e_iot01.o
                0x20001228                hI2cHandler
 .bss.hDiscoUart
                0x2000127c       0x88 ./Drivers/STM32L4xx_HAL_Driver/stm32l475e_iot01.o
                0x2000127c                hDiscoUart
 .bss.tsensor_drv
                0x20001304        0x4 ./Drivers/STM32L4xx_HAL_Driver/stm32l475e_iot01_tsensor.o
 .bss.uwTick    0x20001308        0x4 ./Drivers/STM32L4xx_HAL_Driver/stm32l4xx_hal.o
                0x20001308                uwTick
 .bss.__sf      0x2000130c      0x138 C:/ST/STM32CubeIDE_1.15.0/STM32CubeIDE/plugins/com.st.stm32cube.ide.mcu.externaltools.gnu-tools-for-stm32.12.3.rel1.win32_1.0.200.202406191623/tools/bin/../lib/gcc/arm-none-eabi/12.3.1/../../../../arm-none-eabi/lib/thumb/v7e-m+fp/hard\libc_nano.a(libc_a-findfp.o)
                0x2000130c                __sf
 .bss.__stdio_exit_handler
                0x20001444        0x4 C:/ST/STM32CubeIDE_1.15.0/STM32CubeIDE/plugins/com.st.stm32cube.ide.mcu.externaltools.gnu-tools-for-stm32.12.3.rel1.win32_1.0.200.202406191623/tools/bin/../lib/gcc/arm-none-eabi/12.3.1/../../../../arm-none-eabi/lib/thumb/v7e-m+fp/hard\libc_nano.a(libc_a-findfp.o)
                0x20001444                __stdio_exit_handler
 .bss.errno     0x20001448        0x4 C:/ST/STM32CubeIDE_1.15.0/STM32CubeIDE/plugins/com.st.stm32cube.ide.mcu.externaltools.gnu-tools-for-stm32.12.3.rel1.win32_1.0.200.202406191623/tools/bin/../lib/gcc/arm-none-eabi/12.3.1/../../../../arm-none-eabi/lib/thumb/v7e-m+fp/hard\libc_nano.a(libc_a-reent.o)
                0x20001448                errno
 .bss.__lock___malloc_recursive_mutex
                0x2000144c        0x1 C:/ST/STM32CubeIDE_1.15.0/STM32CubeIDE/plugins/com.st.stm32cube.ide.mcu.externaltools.gnu-tools-for-stm32.12.3.rel1.win32_1.0.200.202406191623/tools/bin/../lib/gcc/arm-none-eabi/12.3.1/../../../../arm-none-eabi/lib/thumb/v7e-m+fp/hard\libc_nano.a(libc_a-lock.o)
                0x2000144c                __lock___malloc_recursive_mutex
 .bss.__lock___sfp_recursive_mutex
                0x2000144d        0x1 C:/ST/STM32CubeIDE_1.15.0/STM32CubeIDE/plugins/com.st.stm32cube.ide.mcu.externaltools.gnu-tools-for-stm32.12.3.rel1.win32_1.0.200.202406191623/tools/bin/../lib/gcc/arm-none-eabi/12.3.1/../../../../arm-none-eabi/lib/thumb/v7e-m+fp/hard\libc_nano.a(libc_a-lock.o)
                0x2000144d                __lock___sfp_recursive_mutex
 *fill*         0x2000144e        0x2 
 .bss.__malloc_sbrk_start
                0x20001450        0x4 C:/ST/STM32CubeIDE_1.15.0/STM32CubeIDE/plugins/com.st.stm32cube.ide.mcu.externaltools.gnu-tools-for-stm32.12.3.rel1.win32_1.0.200.202406191623/tools/bin/../lib/gcc/arm-none-eabi/12.3.1/../../../../arm-none-eabi/lib/thumb/v7e-m+fp/hard\libc_nano.a(libc_a-mallocr.o)
                0x20001450                __malloc_sbrk_start
 .bss.__malloc_free_list
                0x20001454        0x4 C:/ST/STM32CubeIDE_1.15.0/STM32CubeIDE/plugins/com.st.stm32cube.ide.mcu.externaltools.gnu-tools-for-stm32.12.3.rel1.win32_1.0.200.202406191623/tools/bin/../lib/gcc/arm-none-eabi/12.3.1/../../../../arm-none-eabi/lib/thumb/v7e-m+fp/hard\libc_nano.a(libc_a-mallocr.o)
                0x20001454                __malloc_free_list
 *(COMMON)
                0x20001458                        . = ALIGN (0x4)
                0x20001458                        _ebss = .
                0x20001458                        __bss_end__ = _ebss

._user_heap_stack
                0x20001458    0x16800
                0x20001458                        . = ALIGN (0x8)
                [!provide]                        PROVIDE (end = .)
                0x20001458                        PROVIDE (_end = .)
                0x20011458                        . = (. + _Min_Heap_Size)
 *fill*         0x20001458    0x10000 
                0x20017c58                        . = (. + _Min_Stack_Size)
 *fill*         0x20011458     0x6800 
                0x20017c58                        . = ALIGN (0x8)

/DISCARD/
 libc.a(*)
 libm.a(*)
 libgcc.a(*)

.ARM.attributes
                0x00000000       0x30
 *(.ARM.attributes)
 .ARM.attributes
                0x00000000       0x22 C:/ST/STM32CubeIDE_1.15.0/STM32CubeIDE/plugins/com.st.stm32cube.ide.mcu.externaltools.gnu-tools-for-stm32.12.3.rel1.win32_1.0.200.202406191623/tools/bin/../lib/gcc/arm-none-eabi/12.3.1/thumb/v7e-m+fp/hard/crti.o
 .ARM.attributes
                0x00000022       0x34 C:/ST/STM32CubeIDE_1.15.0/STM32CubeIDE/plugins/com.st.stm32cube.ide.mcu.externaltools.gnu-tools-for-stm32.12.3.rel1.win32_1.0.200.202406191623/tools/bin/../lib/gcc/arm-none-eabi/12.3.1/thumb/v7e-m+fp/hard/crtbegin.o
 .ARM.attributes
                0x00000056       0x21 ./Application/Startup/startup_stm32l475vgtx.o
 .ARM.attributes
                0x00000077       0x34 ./Application/User/main.o
 .ARM.attributes
                0x000000ab       0x34 ./Application/User/stm32l4xx_it.o
 .ARM.attributes
                0x000000df       0x34 ./Application/User/syscalls.o
 .ARM.attributes
                0x00000113       0x34 ./Application/User/sysmem.o
 .ARM.attributes
                0x00000147       0x34 ./Application/WIFI/es_wifi.o
 .ARM.attributes
                0x0000017b       0x34 ./Application/WIFI/es_wifi_io.o
 .ARM.attributes
                0x000001af       0x34 ./Application/WIFI/wifi.o
 .ARM.attributes
                0x000001e3       0x34 ./Drivers/BSP/hts221.o
 .ARM.attributes
                0x00000217       0x34 ./Drivers/CMSIS/system_stm32l4xx.o
 .ARM.attributes
                0x0000024b       0x34 ./Drivers/STM32L4xx_HAL_Driver/stm32l475e_iot01.o
 .ARM.attributes
                0x0000027f       0x34 ./Drivers/STM32L4xx_HAL_Driver/stm32l475e_iot01_tsensor.o
 .ARM.attributes
                0x000002b3       0x34 ./Drivers/STM32L4xx_HAL_Driver/stm32l4xx_hal.o
 .ARM.attributes
                0x000002e7       0x34 ./Drivers/STM32L4xx_HAL_Driver/stm32l4xx_hal_cortex.o
 .ARM.attributes
                0x0000031b       0x34 ./Drivers/STM32L4xx_HAL_Driver/stm32l4xx_hal_dma.o
 .ARM.attributes
                0x0000034f       0x34 ./Drivers/STM32L4xx_HAL_Driver/stm32l4xx_hal_gpio.o
 .ARM.attributes
                0x00000383       0x34 ./Drivers/STM32L4xx_HAL_Driver/stm32l4xx_hal_i2c.o
 .ARM.attributes
                0x000003b7       0x34 ./Drivers/STM32L4xx_HAL_Driver/stm32l4xx_hal_i2c_ex.o
 .ARM.attributes
                0x000003eb       0x34 ./Drivers/STM32L4xx_HAL_Driver/stm32l4xx_hal_pwr_ex.o
 .ARM.attributes
                0x0000041f       0x34 ./Drivers/STM32L4xx_HAL_Driver/stm32l4xx_hal_rcc.o
 .ARM.attributes
                0x00000453       0x34 ./Drivers/STM32L4xx_HAL_Driver/stm32l4xx_hal_spi.o
 .ARM.attributes
                0x00000487       0x34 ./Drivers/STM32L4xx_HAL_Driver/stm32l4xx_hal_uart.o
 .ARM.attributes
                0x000004bb       0x34 C:/ST/STM32CubeIDE_1.15.0/STM32CubeIDE/plugins/com.st.stm32cube.ide.mcu.externaltools.gnu-tools-for-stm32.12.3.rel1.win32_1.0.200.202406191623/tools/bin/../lib/gcc/arm-none-eabi/12.3.1/../../../../arm-none-eabi/lib/thumb/v7e-m+fp/hard\libc_nano.a(libc_a-findfp.o)
 .ARM.attributes
                0x000004ef       0x34 C:/ST/STM32CubeIDE_1.15.0/STM32CubeIDE/plugins/com.st.stm32cube.ide.mcu.externaltools.gnu-tools-for-stm32.12.3.rel1.win32_1.0.200.202406191623/tools/bin/../lib/gcc/arm-none-eabi/12.3.1/../../../../arm-none-eabi/lib/thumb/v7e-m+fp/hard\libc_nano.a(libc_a-fwalk.o)
 .ARM.attributes
                0x00000523       0x34 C:/ST/STM32CubeIDE_1.15.0/STM32CubeIDE/plugins/com.st.stm32cube.ide.mcu.externaltools.gnu-tools-for-stm32.12.3.rel1.win32_1.0.200.202406191623/tools/bin/../lib/gcc/arm-none-eabi/12.3.1/../../../../arm-none-eabi/lib/thumb/v7e-m+fp/hard\libc_nano.a(libc_a-printf.o)
 .ARM.attributes
                0x00000557       0x34 C:/ST/STM32CubeIDE_1.15.0/STM32CubeIDE/plugins/com.st.stm32cube.ide.mcu.externaltools.gnu-tools-for-stm32.12.3.rel1.win32_1.0.200.202406191623/tools/bin/../lib/gcc/arm-none-eabi/12.3.1/../../../../arm-none-eabi/lib/thumb/v7e-m+fp/hard\libc_nano.a(libc_a-puts.o)
 .ARM.attributes
                0x0000058b       0x34 C:/ST/STM32CubeIDE_1.15.0/STM32CubeIDE/plugins/com.st.stm32cube.ide.mcu.externaltools.gnu-tools-for-stm32.12.3.rel1.win32_1.0.200.202406191623/tools/bin/../lib/gcc/arm-none-eabi/12.3.1/../../../../arm-none-eabi/lib/thumb/v7e-m+fp/hard\libc_nano.a(libc_a-sprintf.o)
 .ARM.attributes
                0x000005bf       0x34 C:/ST/STM32CubeIDE_1.15.0/STM32CubeIDE/plugins/com.st.stm32cube.ide.mcu.externaltools.gnu-tools-for-stm32.12.3.rel1.win32_1.0.200.202406191623/tools/bin/../lib/gcc/arm-none-eabi/12.3.1/../../../../arm-none-eabi/lib/thumb/v7e-m+fp/hard\libc_nano.a(libc_a-stdio.o)
 .ARM.attributes
                0x000005f3       0x34 C:/ST/STM32CubeIDE_1.15.0/STM32CubeIDE/plugins/com.st.stm32cube.ide.mcu.externaltools.gnu-tools-for-stm32.12.3.rel1.win32_1.0.200.202406191623/tools/bin/../lib/gcc/arm-none-eabi/12.3.1/../../../../arm-none-eabi/lib/thumb/v7e-m+fp/hard\libc_nano.a(libc_a-wbuf.o)
 .ARM.attributes
                0x00000627       0x34 C:/ST/STM32CubeIDE_1.15.0/STM32CubeIDE/plugins/com.st.stm32cube.ide.mcu.externaltools.gnu-tools-for-stm32.12.3.rel1.win32_1.0.200.202406191623/tools/bin/../lib/gcc/arm-none-eabi/12.3.1/../../../../arm-none-eabi/lib/thumb/v7e-m+fp/hard\libc_nano.a(libc_a-wsetup.o)
 .ARM.attributes
                0x0000065b       0x34 C:/ST/STM32CubeIDE_1.15.0/STM32CubeIDE/plugins/com.st.stm32cube.ide.mcu.externaltools.gnu-tools-for-stm32.12.3.rel1.win32_1.0.200.202406191623/tools/bin/../lib/gcc/arm-none-eabi/12.3.1/../../../../arm-none-eabi/lib/thumb/v7e-m+fp/hard\libc_nano.a(libc_a-memcmp.o)
 .ARM.attributes
                0x0000068f       0x34 C:/ST/STM32CubeIDE_1.15.0/STM32CubeIDE/plugins/com.st.stm32cube.ide.mcu.externaltools.gnu-tools-for-stm32.12.3.rel1.win32_1.0.200.202406191623/tools/bin/../lib/gcc/arm-none-eabi/12.3.1/../../../../arm-none-eabi/lib/thumb/v7e-m+fp/hard\libc_nano.a(libc_a-memset.o)
 .ARM.attributes
                0x000006c3       0x34 C:/ST/STM32CubeIDE_1.15.0/STM32CubeIDE/plugins/com.st.stm32cube.ide.mcu.externaltools.gnu-tools-for-stm32.12.3.rel1.win32_1.0.200.202406191623/tools/bin/../lib/gcc/arm-none-eabi/12.3.1/../../../../arm-none-eabi/lib/thumb/v7e-m+fp/hard\libc_nano.a(libc_a-strcat.o)
 .ARM.attributes
                0x000006f7       0x34 C:/ST/STM32CubeIDE_1.15.0/STM32CubeIDE/plugins/com.st.stm32cube.ide.mcu.externaltools.gnu-tools-for-stm32.12.3.rel1.win32_1.0.200.202406191623/tools/bin/../lib/gcc/arm-none-eabi/12.3.1/../../../../arm-none-eabi/lib/thumb/v7e-m+fp/hard\libc_nano.a(libc_a-strncmp.o)
 .ARM.attributes
                0x0000072b       0x34 C:/ST/STM32CubeIDE_1.15.0/STM32CubeIDE/plugins/com.st.stm32cube.ide.mcu.externaltools.gnu-tools-for-stm32.12.3.rel1.win32_1.0.200.202406191623/tools/bin/../lib/gcc/arm-none-eabi/12.3.1/../../../../arm-none-eabi/lib/thumb/v7e-m+fp/hard\libc_nano.a(libc_a-strncpy.o)
 .ARM.attributes
                0x0000075f       0x34 C:/ST/STM32CubeIDE_1.15.0/STM32CubeIDE/plugins/com.st.stm32cube.ide.mcu.externaltools.gnu-tools-for-stm32.12.3.rel1.win32_1.0.200.202406191623/tools/bin/../lib/gcc/arm-none-eabi/12.3.1/../../../../arm-none-eabi/lib/thumb/v7e-m+fp/hard\libc_nano.a(libc_a-strtok.o)
 .ARM.attributes
                0x00000793       0x34 C:/ST/STM32CubeIDE_1.15.0/STM32CubeIDE/plugins/com.st.stm32cube.ide.mcu.externaltools.gnu-tools-for-stm32.12.3.rel1.win32_1.0.200.202406191623/tools/bin/../lib/gcc/arm-none-eabi/12.3.1/../../../../arm-none-eabi/lib/thumb/v7e-m+fp/hard\libc_nano.a(libc_a-strtok_r.o)
 .ARM.attributes
                0x000007c7       0x34 C:/ST/STM32CubeIDE_1.15.0/STM32CubeIDE/plugins/com.st.stm32cube.ide.mcu.externaltools.gnu-tools-for-stm32.12.3.rel1.win32_1.0.200.202406191623/tools/bin/../lib/gcc/arm-none-eabi/12.3.1/../../../../arm-none-eabi/lib/thumb/v7e-m+fp/hard\libc_nano.a(libc_a-strstr.o)
 .ARM.attributes
                0x000007fb       0x34 C:/ST/STM32CubeIDE_1.15.0/STM32CubeIDE/plugins/com.st.stm32cube.ide.mcu.externaltools.gnu-tools-for-stm32.12.3.rel1.win32_1.0.200.202406191623/tools/bin/../lib/gcc/arm-none-eabi/12.3.1/../../../../arm-none-eabi/lib/thumb/v7e-m+fp/hard\libc_nano.a(libc_a-closer.o)
 .ARM.attributes
                0x0000082f       0x34 C:/ST/STM32CubeIDE_1.15.0/STM32CubeIDE/plugins/com.st.stm32cube.ide.mcu.externaltools.gnu-tools-for-stm32.12.3.rel1.win32_1.0.200.202406191623/tools/bin/../lib/gcc/arm-none-eabi/12.3.1/../../../../arm-none-eabi/lib/thumb/v7e-m+fp/hard\libc_nano.a(libc_a-reent.o)
 .ARM.attributes
                0x00000863       0x34 C:/ST/STM32CubeIDE_1.15.0/STM32CubeIDE/plugins/com.st.stm32cube.ide.mcu.externaltools.gnu-tools-for-stm32.12.3.rel1.win32_1.0.200.202406191623/tools/bin/../lib/gcc/arm-none-eabi/12.3.1/../../../../arm-none-eabi/lib/thumb/v7e-m+fp/hard\libc_nano.a(libc_a-impure.o)
 .ARM.attributes
                0x00000897       0x34 C:/ST/STM32CubeIDE_1.15.0/STM32CubeIDE/plugins/com.st.stm32cube.ide.mcu.externaltools.gnu-tools-for-stm32.12.3.rel1.win32_1.0.200.202406191623/tools/bin/../lib/gcc/arm-none-eabi/12.3.1/../../../../arm-none-eabi/lib/thumb/v7e-m+fp/hard\libc_nano.a(libc_a-lseekr.o)
 .ARM.attributes
                0x000008cb       0x34 C:/ST/STM32CubeIDE_1.15.0/STM32CubeIDE/plugins/com.st.stm32cube.ide.mcu.externaltools.gnu-tools-for-stm32.12.3.rel1.win32_1.0.200.202406191623/tools/bin/../lib/gcc/arm-none-eabi/12.3.1/../../../../arm-none-eabi/lib/thumb/v7e-m+fp/hard\libc_nano.a(libc_a-readr.o)
 .ARM.attributes
                0x000008ff       0x34 C:/ST/STM32CubeIDE_1.15.0/STM32CubeIDE/plugins/com.st.stm32cube.ide.mcu.externaltools.gnu-tools-for-stm32.12.3.rel1.win32_1.0.200.202406191623/tools/bin/../lib/gcc/arm-none-eabi/12.3.1/../../../../arm-none-eabi/lib/thumb/v7e-m+fp/hard\libc_nano.a(libc_a-writer.o)
 .ARM.attributes
                0x00000933       0x34 C:/ST/STM32CubeIDE_1.15.0/STM32CubeIDE/plugins/com.st.stm32cube.ide.mcu.externaltools.gnu-tools-for-stm32.12.3.rel1.win32_1.0.200.202406191623/tools/bin/../lib/gcc/arm-none-eabi/12.3.1/../../../../arm-none-eabi/lib/thumb/v7e-m+fp/hard\libc_nano.a(libc_a-errno.o)
 .ARM.attributes
                0x00000967       0x34 C:/ST/STM32CubeIDE_1.15.0/STM32CubeIDE/plugins/com.st.stm32cube.ide.mcu.externaltools.gnu-tools-for-stm32.12.3.rel1.win32_1.0.200.202406191623/tools/bin/../lib/gcc/arm-none-eabi/12.3.1/../../../../arm-none-eabi/lib/thumb/v7e-m+fp/hard\libc_nano.a(libc_a-init.o)
 .ARM.attributes
                0x0000099b       0x34 C:/ST/STM32CubeIDE_1.15.0/STM32CubeIDE/plugins/com.st.stm32cube.ide.mcu.externaltools.gnu-tools-for-stm32.12.3.rel1.win32_1.0.200.202406191623/tools/bin/../lib/gcc/arm-none-eabi/12.3.1/../../../../arm-none-eabi/lib/thumb/v7e-m+fp/hard\libc_nano.a(libc_a-lock.o)
 .ARM.attributes
                0x000009cf       0x34 C:/ST/STM32CubeIDE_1.15.0/STM32CubeIDE/plugins/com.st.stm32cube.ide.mcu.externaltools.gnu-tools-for-stm32.12.3.rel1.win32_1.0.200.202406191623/tools/bin/../lib/gcc/arm-none-eabi/12.3.1/../../../../arm-none-eabi/lib/thumb/v7e-m+fp/hard\libc_nano.a(libc_a-memcpy-stub.o)
 .ARM.attributes
                0x00000a03       0x17 C:/ST/STM32CubeIDE_1.15.0/STM32CubeIDE/plugins/com.st.stm32cube.ide.mcu.externaltools.gnu-tools-for-stm32.12.3.rel1.win32_1.0.200.202406191623/tools/bin/../lib/gcc/arm-none-eabi/12.3.1/../../../../arm-none-eabi/lib/thumb/v7e-m+fp/hard\libc_nano.a(libc_a-strlen.o)
 .ARM.attributes
                0x00000a1a       0x34 C:/ST/STM32CubeIDE_1.15.0/STM32CubeIDE/plugins/com.st.stm32cube.ide.mcu.externaltools.gnu-tools-for-stm32.12.3.rel1.win32_1.0.200.202406191623/tools/bin/../lib/gcc/arm-none-eabi/12.3.1/../../../../arm-none-eabi/lib/thumb/v7e-m+fp/hard\libc_nano.a(libc_a-assert.o)
 .ARM.attributes
                0x00000a4e       0x34 C:/ST/STM32CubeIDE_1.15.0/STM32CubeIDE/plugins/com.st.stm32cube.ide.mcu.externaltools.gnu-tools-for-stm32.12.3.rel1.win32_1.0.200.202406191623/tools/bin/../lib/gcc/arm-none-eabi/12.3.1/../../../../arm-none-eabi/lib/thumb/v7e-m+fp/hard\libc_nano.a(libc_a-freer.o)
 .ARM.attributes
                0x00000a82       0x34 C:/ST/STM32CubeIDE_1.15.0/STM32CubeIDE/plugins/com.st.stm32cube.ide.mcu.externaltools.gnu-tools-for-stm32.12.3.rel1.win32_1.0.200.202406191623/tools/bin/../lib/gcc/arm-none-eabi/12.3.1/../../../../arm-none-eabi/lib/thumb/v7e-m+fp/hard\libc_nano.a(libc_a-malloc.o)
 .ARM.attributes
                0x00000ab6       0x34 C:/ST/STM32CubeIDE_1.15.0/STM32CubeIDE/plugins/com.st.stm32cube.ide.mcu.externaltools.gnu-tools-for-stm32.12.3.rel1.win32_1.0.200.202406191623/tools/bin/../lib/gcc/arm-none-eabi/12.3.1/../../../../arm-none-eabi/lib/thumb/v7e-m+fp/hard\libc_nano.a(libc_a-mallocr.o)
 .ARM.attributes
                0x00000aea       0x34 C:/ST/STM32CubeIDE_1.15.0/STM32CubeIDE/plugins/com.st.stm32cube.ide.mcu.externaltools.gnu-tools-for-stm32.12.3.rel1.win32_1.0.200.202406191623/tools/bin/../lib/gcc/arm-none-eabi/12.3.1/../../../../arm-none-eabi/lib/thumb/v7e-m+fp/hard\libc_nano.a(libc_a-mlock.o)
 .ARM.attributes
                0x00000b1e       0x34 C:/ST/STM32CubeIDE_1.15.0/STM32CubeIDE/plugins/com.st.stm32cube.ide.mcu.externaltools.gnu-tools-for-stm32.12.3.rel1.win32_1.0.200.202406191623/tools/bin/../lib/gcc/arm-none-eabi/12.3.1/../../../../arm-none-eabi/lib/thumb/v7e-m+fp/hard\libc_nano.a(libc_a-nano-svfprintf.o)
 .ARM.attributes
                0x00000b52       0x34 C:/ST/STM32CubeIDE_1.15.0/STM32CubeIDE/plugins/com.st.stm32cube.ide.mcu.externaltools.gnu-tools-for-stm32.12.3.rel1.win32_1.0.200.202406191623/tools/bin/../lib/gcc/arm-none-eabi/12.3.1/../../../../arm-none-eabi/lib/thumb/v7e-m+fp/hard\libc_nano.a(libc_a-nano-vfprintf.o)
 .ARM.attributes
                0x00000b86       0x34 C:/ST/STM32CubeIDE_1.15.0/STM32CubeIDE/plugins/com.st.stm32cube.ide.mcu.externaltools.gnu-tools-for-stm32.12.3.rel1.win32_1.0.200.202406191623/tools/bin/../lib/gcc/arm-none-eabi/12.3.1/../../../../arm-none-eabi/lib/thumb/v7e-m+fp/hard\libc_nano.a(libc_a-nano-vfprintf_i.o)
 .ARM.attributes